Archive member included to satisfy reference by file (symbol)

c:/program files (x86)/atmel/studio/7.0/toolchain/avr8/avr8-gnu-toolchain/bin/../lib/gcc/avr/5.4.0/../../../../avr/lib/avr5\libm.a(addsf3.o)
                              Sketch.o (__subsf3)
c:/program files (x86)/atmel/studio/7.0/toolchain/avr8/avr8-gnu-toolchain/bin/../lib/gcc/avr/5.4.0/../../../../avr/lib/avr5\libm.a(addsf3x.o)
                              c:/program files (x86)/atmel/studio/7.0/toolchain/avr8/avr8-gnu-toolchain/bin/../lib/gcc/avr/5.4.0/../../../../avr/lib/avr5\libm.a(addsf3.o) (__addsf3x)
c:/program files (x86)/atmel/studio/7.0/toolchain/avr8/avr8-gnu-toolchain/bin/../lib/gcc/avr/5.4.0/../../../../avr/lib/avr5\libm.a(atan.o)
                              Sketch.o (atan)
c:/program files (x86)/atmel/studio/7.0/toolchain/avr8/avr8-gnu-toolchain/bin/../lib/gcc/avr/5.4.0/../../../../avr/lib/avr5\libm.a(cmpsf2.o)
                              Sketch.o (__eqsf2)
c:/program files (x86)/atmel/studio/7.0/toolchain/avr8/avr8-gnu-toolchain/bin/../lib/gcc/avr/5.4.0/../../../../avr/lib/avr5\libm.a(cos.o)
                              Sketch.o (cos)
c:/program files (x86)/atmel/studio/7.0/toolchain/avr8/avr8-gnu-toolchain/bin/../lib/gcc/avr/5.4.0/../../../../avr/lib/avr5\libm.a(divsf3.o)
                              Sketch.o (__divsf3)
c:/program files (x86)/atmel/studio/7.0/toolchain/avr8/avr8-gnu-toolchain/bin/../lib/gcc/avr/5.4.0/../../../../avr/lib/avr5\libm.a(divsf3x.o)
                              c:/program files (x86)/atmel/studio/7.0/toolchain/avr8/avr8-gnu-toolchain/bin/../lib/gcc/avr/5.4.0/../../../../avr/lib/avr5\libm.a(divsf3.o) (__divsf3x)
c:/program files (x86)/atmel/studio/7.0/toolchain/avr8/avr8-gnu-toolchain/bin/../lib/gcc/avr/5.4.0/../../../../avr/lib/avr5\libm.a(fixsfsi.o)
                              Sketch.o (__fixsfsi)
c:/program files (x86)/atmel/studio/7.0/toolchain/avr8/avr8-gnu-toolchain/bin/../lib/gcc/avr/5.4.0/../../../../avr/lib/avr5\libm.a(fixunssfsi.o)
                              c:/program files (x86)/atmel/studio/7.0/toolchain/avr8/avr8-gnu-toolchain/bin/../lib/gcc/avr/5.4.0/../../../../avr/lib/avr5\libm.a(fixsfsi.o) (__fixunssfsi)
c:/program files (x86)/atmel/studio/7.0/toolchain/avr8/avr8-gnu-toolchain/bin/../lib/gcc/avr/5.4.0/../../../../avr/lib/avr5\libm.a(floatsisf.o)
                              Sketch.o (__floatsisf)
c:/program files (x86)/atmel/studio/7.0/toolchain/avr8/avr8-gnu-toolchain/bin/../lib/gcc/avr/5.4.0/../../../../avr/lib/avr5\libm.a(fp_cmp.o)
                              c:/program files (x86)/atmel/studio/7.0/toolchain/avr8/avr8-gnu-toolchain/bin/../lib/gcc/avr/5.4.0/../../../../avr/lib/avr5\libm.a(cmpsf2.o) (__fp_cmp)
c:/program files (x86)/atmel/studio/7.0/toolchain/avr8/avr8-gnu-toolchain/bin/../lib/gcc/avr/5.4.0/../../../../avr/lib/avr5\libm.a(fp_inf.o)
                              c:/program files (x86)/atmel/studio/7.0/toolchain/avr8/avr8-gnu-toolchain/bin/../lib/gcc/avr/5.4.0/../../../../avr/lib/avr5\libm.a(addsf3x.o) (__fp_inf)
c:/program files (x86)/atmel/studio/7.0/toolchain/avr8/avr8-gnu-toolchain/bin/../lib/gcc/avr/5.4.0/../../../../avr/lib/avr5\libm.a(fp_nan.o)
                              c:/program files (x86)/atmel/studio/7.0/toolchain/avr8/avr8-gnu-toolchain/bin/../lib/gcc/avr/5.4.0/../../../../avr/lib/avr5\libm.a(addsf3x.o) (__fp_nan)
c:/program files (x86)/atmel/studio/7.0/toolchain/avr8/avr8-gnu-toolchain/bin/../lib/gcc/avr/5.4.0/../../../../avr/lib/avr5\libm.a(fp_powser.o)
                              c:/program files (x86)/atmel/studio/7.0/toolchain/avr8/avr8-gnu-toolchain/bin/../lib/gcc/avr/5.4.0/../../../../avr/lib/avr5\libm.a(atan.o) (__fp_powser)
c:/program files (x86)/atmel/studio/7.0/toolchain/avr8/avr8-gnu-toolchain/bin/../lib/gcc/avr/5.4.0/../../../../avr/lib/avr5\libm.a(fp_pscA.o)
                              c:/program files (x86)/atmel/studio/7.0/toolchain/avr8/avr8-gnu-toolchain/bin/../lib/gcc/avr/5.4.0/../../../../avr/lib/avr5\libm.a(addsf3x.o) (__fp_pscA)
c:/program files (x86)/atmel/studio/7.0/toolchain/avr8/avr8-gnu-toolchain/bin/../lib/gcc/avr/5.4.0/../../../../avr/lib/avr5\libm.a(fp_pscB.o)
                              c:/program files (x86)/atmel/studio/7.0/toolchain/avr8/avr8-gnu-toolchain/bin/../lib/gcc/avr/5.4.0/../../../../avr/lib/avr5\libm.a(addsf3x.o) (__fp_pscB)
c:/program files (x86)/atmel/studio/7.0/toolchain/avr8/avr8-gnu-toolchain/bin/../lib/gcc/avr/5.4.0/../../../../avr/lib/avr5\libm.a(fp_rempio2.o)
                              c:/program files (x86)/atmel/studio/7.0/toolchain/avr8/avr8-gnu-toolchain/bin/../lib/gcc/avr/5.4.0/../../../../avr/lib/avr5\libm.a(cos.o) (__fp_rempio2)
c:/program files (x86)/atmel/studio/7.0/toolchain/avr8/avr8-gnu-toolchain/bin/../lib/gcc/avr/5.4.0/../../../../avr/lib/avr5\libm.a(fp_round.o)
                              c:/program files (x86)/atmel/studio/7.0/toolchain/avr8/avr8-gnu-toolchain/bin/../lib/gcc/avr/5.4.0/../../../../avr/lib/avr5\libm.a(addsf3.o) (__fp_round)
[...]
Memory Configuration

Name             Origin             Length             Attributes
text             0x00000000         0x00020000         xr
data             0x00800060         0x0000ffa0         rw !x
eeprom           0x00810000         0x00010000         rw !x
fuse             0x00820000         0x00000003         rw !x
lock             0x00830000         0x00000400         rw !x
signature        0x00840000         0x00000400         rw !x
user_signatures  0x00850000         0x00000400         rw !x
*default*        0x00000000         0xffffffff

Linker script and memory map

Address of section .data set to 0x800100
LOAD C:/Program Files (x86)/Atmel/Studio/7.0/Packs/atmel/ATmega_DFP/1.2.150/gcc/dev/atmega328p/avr5/crtatmega328p.o
LOAD Sketch.o
START GROUP
LOAD c:/program files (x86)/atmel/studio/7.0/toolchain/avr8/avr8-gnu-toolchain/bin/../lib/gcc/avr/5.4.0/../../../../avr/lib/avr5\libm.a
LOAD c:\users\alect\Documents\Atmel Studio\7.0\ArduinoSketch3\ArduinoSketch3\ArduinoCore\Debug\libArduinoCore.a
END GROUP
LOAD c:/program files (x86)/atmel/studio/7.0/toolchain/avr8/avr8-gnu-toolchain/bin/../lib/gcc/avr/5.4.0/avr5\libgcc.a
LOAD c:/program files (x86)/atmel/studio/7.0/toolchain/avr8/avr8-gnu-toolchain/bin/../lib/gcc/avr/5.4.0/../../../../avr/lib/avr5\libm.a
START GROUP
LOAD c:/program files (x86)/atmel/studio/7.0/toolchain/avr8/avr8-gnu-toolchain/bin/../lib/gcc/avr/5.4.0/avr5\libgcc.a
LOAD c:/program files (x86)/atmel/studio/7.0/toolchain/avr8/avr8-gnu-toolchain/bin/../lib/gcc/avr/5.4.0/../../../../avr/lib/avr5\libm.a
LOAD c:/program files (x86)/atmel/studio/7.0/toolchain/avr8/avr8-gnu-toolchain/bin/../lib/gcc/avr/5.4.0/../../../../avr/lib/avr5\libc.a
LOAD C:/Program Files (x86)/Atmel/Studio/7.0/Packs/atmel/ATmega_DFP/1.2.150/gcc/dev/atmega328p/avr5\libatmega328p.a
END GROUP
                0x00020000                __TEXT_REGION_LENGTH__ = DEFINED (__TEXT_REGION_LENGTH__)?__TEXT_REGION_LENGTH__:0x20000
                0x0000ffa0                __DATA_REGION_LENGTH__ = DEFINED (__DATA_REGION_LENGTH__)?__DATA_REGION_LENGTH__:0xffa0
                0x00010000                __EEPROM_REGION_LENGTH__ = DEFINED (__EEPROM_REGION_LENGTH__)?__EEPROM_REGION_LENGTH__:0x10000
                [0x00000003]                __FUSE_REGION_LENGTH__ = DEFINED (__FUSE_REGION_LENGTH__)?__FUSE_REGION_LENGTH__:0x400
                0x00000400                __LOCK_REGION_LENGTH__ = DEFINED (__LOCK_REGION_LENGTH__)?__LOCK_REGION_LENGTH__:0x400
                0x00000400                __SIGNATURE_REGION_LENGTH__ = DEFINED (__SIGNATURE_REGION_LENGTH__)?__SIGNATURE_REGION_LENGTH__:0x400
                0x00000400                __USER_SIGNATURE_REGION_LENGTH__ = DEFINED (__USER_SIGNATURE_REGION_LENGTH__)?__USER_SIGNATURE_REGION_LENGTH__:0x400

.hash
 *(.hash)

.dynsym
 *(.dynsym)

.dynstr
 *(.dynstr)

.gnu.version
 *(.gnu.version)

.gnu.version_d
 *(.gnu.version_d)

.gnu.version_r
 *(.gnu.version_r)

.rel.init
 *(.rel.init)

.rela.init
 *(.rela.init)

.rel.text
 *(.rel.text)
 *(.rel.text.*)
 *(.rel.gnu.linkonce.t*)

.rela.text
 *(.rela.text)
 *(.rela.text.*)
 *(.rela.gnu.linkonce.t*)

.rel.fini
 *(.rel.fini)

.rela.fini
 *(.rela.fini)

.rel.rodata
 *(.rel.rodata)
 *(.rel.rodata.*)
 *(.rel.gnu.linkonce.r*)

.rela.rodata
 *(.rela.rodata)
 *(.rela.rodata.*)
 *(.rela.gnu.linkonce.r*)

.rel.data
 *(.rel.data)
 *(.rel.data.*)
 *(.rel.gnu.linkonce.d*)

.rela.data
 *(.rela.data)
 *(.rela.data.*)
 *(.rela.gnu.linkonce.d*)

.rel.ctors
 *(.rel.ctors)

.rela.ctors
 *(.rela.ctors)

.rel.dtors
 *(.rel.dtors)

.rela.dtors
 *(.rela.dtors)

.rel.got
 *(.rel.got)

.rela.got
 *(.rela.got)

.rel.bss
 *(.rel.bss)

.rela.bss
 *(.rela.bss)

.rel.plt
 *(.rel.plt)

.rela.plt
 *(.rela.plt)

.text           0x00000000     0x3fca
 *(.vectors)
 .vectors       0x00000000       0x68 C:/Program Files (x86)/Atmel/Studio/7.0/Packs/atmel/ATmega_DFP/1.2.150/gcc/dev/atmega328p/avr5/crtatmega328p.o
                0x00000000                __vector_default
                0x00000000                __vectors
 *(.vectors)
 *(.progmem.gcc*)
 .progmem.gcc_fplib
                0x00000068       0x2d c:/program files (x86)/atmel/studio/7.0/toolchain/avr8/avr8-gnu-toolchain/bin/../lib/gcc/avr/5.4.0/../../../../avr/lib/avr5\libm.a(atan.o)
 .progmem.gcc_fplib
                0x00000095       0x1e c:/program files (x86)/atmel/studio/7.0/toolchain/avr8/avr8-gnu-toolchain/bin/../lib/gcc/avr/5.4.0/../../../../avr/lib/avr5\libm.a(fp_sinus.o)
                0x000000b4                . = ALIGN (0x2)
 *fill*         0x000000b3        0x1 
                0x000000b4                __trampolines_start = .
 *(.trampolines)
 .trampolines   0x000000b4        0x0 linker stubs
 *(.trampolines*)
                0x000000b4                __trampolines_end = .
 *libprintf_flt.a:*(.progmem.data)
 *libc.a:*(.progmem.data)
 *(.progmem*)
 .progmem.data.digital_pin_to_timer_PGM
                0x000000b4       0x14 c:\users\alect\Documents\Atmel Studio\7.0\ArduinoSketch3\ArduinoSketch3\ArduinoCore\Debug\libArduinoCore.a(wiring_digital.o)
                0x000000b4                digital_pin_to_timer_PGM
 .progmem.data.digital_pin_to_bit_mask_PGM
                0x000000c8       0x14 c:\users\alect\Documents\Atmel Studio\7.0\ArduinoSketch3\ArduinoSketch3\ArduinoCore\Debug\libArduinoCore.a(wiring_digital.o)
                0x000000c8                digital_pin_to_bit_mask_PGM
 .progmem.data.digital_pin_to_port_PGM
                0x000000dc       0x14 c:\users\alect\Documents\Atmel Studio\7.0\ArduinoSketch3\ArduinoSketch3\ArduinoCore\Debug\libArduinoCore.a(wiring_digital.o)
                0x000000dc                digital_pin_to_port_PGM
 .progmem.data.port_to_output_PGM
                0x000000f0        0xa c:\users\alect\Documents\Atmel Studio\7.0\ArduinoSketch3\ArduinoSketch3\ArduinoCore\Debug\libArduinoCore.a(wiring_digital.o)
                0x000000f0                port_to_output_PGM
 .progmem.data.port_to_mode_PGM
                0x000000fa        0xa c:\users\alect\Documents\Atmel Studio\7.0\ArduinoSketch3\ArduinoSketch3\ArduinoCore\Debug\libArduinoCore.a(wiring_digital.o)
                0x000000fa                port_to_mode_PGM
 .progmem.data._ZL4font
                0x00000104      0x500 c:\users\alect\Documents\Atmel Studio\7.0\ArduinoSketch3\ArduinoSketch3\ArduinoCore\Debug\libArduinoCore.a(Adafruit_GFX.o)
 .progmem.data._ZL5Rcmd3
                0x00000604       0x2b c:\users\alect\Documents\Atmel Studio\7.0\ArduinoSketch3\ArduinoSketch3\ArduinoCore\Debug\libArduinoCore.a(Adafruit_ST7735.o)
 .progmem.data._ZL16Rcmd2green160x80
                0x0000062f        0xd c:\users\alect\Documents\Atmel Studio\7.0\ArduinoSketch3\ArduinoSketch3\ArduinoCore\Debug\libArduinoCore.a(Adafruit_ST7735.o)
 .progmem.data._ZL13Rcmd2green144
                0x0000063c        0xd c:\users\alect\Documents\Atmel Studio\7.0\ArduinoSketch3\ArduinoSketch3\ArduinoCore\Debug\libArduinoCore.a(Adafruit_ST7735.o)
 .progmem.data._ZL8Rcmd2red
                0x00000649        0xd c:\users\alect\Documents\Atmel Studio\7.0\ArduinoSketch3\ArduinoSketch3\ArduinoCore\Debug\libArduinoCore.a(Adafruit_ST7735.o)
 .progmem.data._ZL10Rcmd2green
                0x00000656        0xd c:\users\alect\Documents\Atmel Studio\7.0\ArduinoSketch3\ArduinoSketch3\ArduinoCore\Debug\libArduinoCore.a(Adafruit_ST7735.o)
 .progmem.data._ZL5Rcmd1
                0x00000663       0x3b c:\users\alect\Documents\Atmel Studio\7.0\ArduinoSketch3\ArduinoSketch3\ArduinoCore\Debug\libArduinoCore.a(Adafruit_ST7735.o)
                0x0000069e                . = ALIGN (0x2)
 *(.jumptables)
 *(.jumptables*)
 *(.lowtext)
 *(.lowtext*)
                0x0000069e                __ctors_start = .
 *(.ctors)
 .ctors         0x0000069e        0x2 Sketch.o
 .ctors         0x000006a0        0x2 c:\users\alect\Documents\Atmel Studio\7.0\ArduinoSketch3\ArduinoSketch3\ArduinoCore\Debug\libArduinoCore.a(HardwareSerial0.o)
 .ctors         0x000006a2        0x2 c:\users\alect\Documents\Atmel Studio\7.0\ArduinoSketch3\ArduinoSketch3\ArduinoCore\Debug\libArduinoCore.a(Adafruit_ST7735.o)
                0x000006a4                __ctors_end = .
                0x000006a4                __dtors_start = .
 *(.dtors)
                0x000006a4                __dtors_end = .
 SORT(*)(.ctors)
 SORT(*)(.dtors)
 *(.init0)
 .init0         0x000006a4        0x0 C:/Program Files (x86)/Atmel/Studio/7.0/Packs/atmel/ATmega_DFP/1.2.150/gcc/dev/atmega328p/avr5/crtatmega328p.o
                0x000006a4                __init
 *(.init0)
 *(.init1)
 *(.init1)
 *(.init2)
 .init2         0x000006a4        0xc C:/Program Files (x86)/Atmel/Studio/7.0/Packs/atmel/ATmega_DFP/1.2.150/gcc/dev/atmega328p/avr5/crtatmega328p.o
 *(.init2)
 *(.init3)
 *(.init3)
 *(.init4)
 .init4         0x000006b0       0x16 c:/program files (x86)/atmel/studio/7.0/toolchain/avr8/avr8-gnu-toolchain/bin/../lib/gcc/avr/5.4.0/avr5\libgcc.a(_copy_data.o)
                0x000006b0                __do_copy_data
 .init4         0x000006c6       0x10 c:/program files (x86)/atmel/studio/7.0/toolchain/avr8/avr8-gnu-toolchain/bin/../lib/gcc/avr/5.4.0/avr5\libgcc.a(_clear_bss.o)
                0x000006c6                __do_clear_bss
 *(.init4)
 *(.init5)
 *(.init5)
 *(.init6)
 .init6         0x000006d6       0x16 c:/program files (x86)/atmel/studio/7.0/toolchain/avr8/avr8-gnu-toolchain/bin/../lib/gcc/avr/5.4.0/avr5\libgcc.a(_ctors.o)
                0x000006d6                __do_global_ctors
 *(.init6)
 *(.init7)
 *(.init7)
 *(.init8)
 *(.init8)
 *(.init9)
 .init9         0x000006ec        0x8 C:/Program Files (x86)/Atmel/Studio/7.0/Packs/atmel/ATmega_DFP/1.2.150/gcc/dev/atmega328p/avr5/crtatmega328p.o
 *(.init9)
 *(.text)
 .text          0x000006f4        0x4 C:/Program Files (x86)/Atmel/Studio/7.0/Packs/atmel/ATmega_DFP/1.2.150/gcc/dev/atmega328p/avr5/crtatmega328p.o
                0x000006f4                __vector_22
                0x000006f4                __vector_1
                0x000006f4                __vector_24
                0x000006f4                __vector_12
                0x000006f4                __bad_interrupt
                0x000006f4                __vector_6
                0x000006f4                __vector_3
                0x000006f4                __vector_23
                0x000006f4                __vector_25
                0x000006f4                __vector_11
                0x000006f4                __vector_13
                0x000006f4                __vector_17
                0x000006f4                __vector_7
                0x000006f4                __vector_5
                0x000006f4                __vector_4
                0x000006f4                __vector_9
                0x000006f4                __vector_2
                0x000006f4                __vector_21
                0x000006f4                __vector_15
                0x000006f4                __vector_8
                0x000006f4                __vector_14
                0x000006f4                __vector_10
                0x000006f4                __vector_20
                0x000006f8                . = ALIGN (0x2)
 *(.text.*)
 .text._Z4set2v
                0x000006f8      0x24e Sketch.o
                0x000006f8                _Z4set2v
 .text._Z3setv  0x00000946      0x250 Sketch.o
                0x00000946                _Z3setv
 .text._Z11interpolatePA2_ff
                0x00000b96      0x148 Sketch.o
                0x00000b96                _Z11interpolatePA2_ff
 .text._Z12getTotalWindff
                0x00000cde       0x4c Sketch.o
                0x00000cde                _Z12getTotalWindff
 .text._Z12getWindAngleff
                0x00000d2a       0x70 Sketch.o
                0x00000d2a                _Z12getWindAngleff
 .text.startup._GLOBAL__sub_I_flows94
                0x00000d9a        0xe Sketch.o
 .text._Z8plotLineiifi
                0x00000da8      0x140 Sketch.o
                0x00000da8                _Z8plotLineiifi
 .text.setup    0x00000ee8       0xac Sketch.o
                0x00000ee8                setup
 .text.loop     0x00000f94      0x348 Sketch.o
                0x00000f94                loop
 .text.avr-libc.fplib
                0x000012dc        0xe c:/program files (x86)/atmel/studio/7.0/toolchain/avr8/avr8-gnu-toolchain/bin/../lib/gcc/avr/5.4.0/../../../../avr/lib/avr5\libm.a(addsf3.o)
                0x000012dc                __subsf3
                0x000012de                __addsf3
 .text.avr-libc.fplib
                0x000012ea       0xcc c:/program files (x86)/atmel/studio/7.0/toolchain/avr8/avr8-gnu-toolchain/bin/../lib/gcc/avr/5.4.0/../../../../avr/lib/avr5\libm.a(addsf3x.o)
                0x0000130c                __addsf3x
 .text.avr-libc.fplib
                0x000013b6       0x5e c:/program files (x86)/atmel/studio/7.0/toolchain/avr8/avr8-gnu-toolchain/bin/../lib/gcc/avr/5.4.0/../../../../avr/lib/avr5\libm.a(atan.o)
                0x000013b6                atan
 .text.avr-libc.fplib
                0x00001414        0xa c:/program files (x86)/atmel/studio/7.0/toolchain/avr8/avr8-gnu-toolchain/bin/../lib/gcc/avr/5.4.0/../../../../avr/lib/avr5\libm.a(cmpsf2.o)
                0x00001414                __nesf2
                0x00001414                __eqsf2
                0x00001414                __cmpsf2
                0x00001414                __ltsf2
                0x00001414                __lesf2
 .text.avr-libc.fplib
                0x0000141e        0xa c:/program files (x86)/atmel/studio/7.0/toolchain/avr8/avr8-gnu-toolchain/bin/../lib/gcc/avr/5.4.0/../../../../avr/lib/avr5\libm.a(cos.o)
                0x0000141e                cos
 .text.avr-libc.fplib
                0x00001428        0x8 c:/program files (x86)/atmel/studio/7.0/toolchain/avr8/avr8-gnu-toolchain/bin/../lib/gcc/avr/5.4.0/../../../../avr/lib/avr5\libm.a(divsf3.o)
                0x00001428                __divsf3
 .text.avr-libc.fplib
                0x00001430       0xdc c:/program files (x86)/atmel/studio/7.0/toolchain/avr8/avr8-gnu-toolchain/bin/../lib/gcc/avr/5.4.0/../../../../avr/lib/avr5\libm.a(divsf3x.o)
                0x00001450                __divsf3x
                0x00001456                __divsf3_pse
 .text.avr-libc.fplib
                0x0000150c        0xe c:/program files (x86)/atmel/studio/7.0/toolchain/avr8/avr8-gnu-toolchain/bin/../lib/gcc/avr/5.4.0/../../../../avr/lib/avr5\libm.a(fixsfsi.o)
                0x0000150c                __fixsfsi
 .text.avr-libc.fplib
                0x0000151a       0x5e c:/program files (x86)/atmel/studio/7.0/toolchain/avr8/avr8-gnu-toolchain/bin/../lib/gcc/avr/5.4.0/../../../../avr/lib/avr5\libm.a(fixunssfsi.o)
                0x0000151a                __fixunssfsi
 .text.avr-libc.fplib
                0x00001578       0x7a c:/program files (x86)/atmel/studio/7.0/toolchain/avr8/avr8-gnu-toolchain/bin/../lib/gcc/avr/5.4.0/../../../../avr/lib/avr5\libm.a(floatsisf.o)
                0x00001578                __floatunsisf
                0x0000157c                __floatsisf
 .text.avr-libc.fplib
                0x000015f2       0x48 c:/program files (x86)/atmel/studio/7.0/toolchain/avr8/avr8-gnu-toolchain/bin/../lib/gcc/avr/5.4.0/../../../../avr/lib/avr5\libm.a(fp_cmp.o)
                0x000015f2                __fp_cmp
 .text.avr-libc.fplib
                0x0000163a        0xc c:/program files (x86)/atmel/studio/7.0/toolchain/avr8/avr8-gnu-toolchain/bin/../lib/gcc/avr/5.4.0/../../../../avr/lib/avr5\libm.a(fp_inf.o)
                0x0000163a                __fp_inf
 .text.avr-libc.fplib
                0x00001646        0x6 c:/program files (x86)/atmel/studio/7.0/toolchain/avr8/avr8-gnu-toolchain/bin/../lib/gcc/avr/5.4.0/../../../../avr/lib/avr5\libm.a(fp_nan.o)
                0x00001646                __fp_nan
 .text.avr-libc.fplib
                0x0000164c       0x4e c:/program files (x86)/atmel/studio/7.0/toolchain/avr8/avr8-gnu-toolchain/bin/../lib/gcc/avr/5.4.0/../../../../avr/lib/avr5\libm.a(fp_powser.o)
                0x0000164c                __fp_powser
 .text.avr-libc.fplib
                0x0000169a        0xe c:/program files (x86)/atmel/studio/7.0/toolchain/avr8/avr8-gnu-toolchain/bin/../lib/gcc/avr/5.4.0/../../../../avr/lib/avr5\libm.a(fp_pscA.o)
                0x0000169a                __fp_pscA
 .text.avr-libc.fplib
                0x000016a8        0xe c:/program files (x86)/atmel/studio/7.0/toolchain/avr8/avr8-gnu-toolchain/bin/../lib/gcc/avr/5.4.0/../../../../avr/lib/avr5\libm.a(fp_pscB.o)
                0x000016a8                __fp_pscB
 .text.avr-libc.fplib
                0x000016b6       0x56 c:/program files (x86)/atmel/studio/7.0/toolchain/avr8/avr8-gnu-toolchain/bin/../lib/gcc/avr/5.4.0/../../../../avr/lib/avr5\libm.a(fp_rempio2.o)
                0x000016ba                __fp_rempio2
 .text.avr-libc.fplib
                0x0000170c       0x22 c:/program files (x86)/atmel/studio/7.0/toolchain/avr8/avr8-gnu-toolchain/bin/../lib/gcc/avr/5.4.0/../../../../avr/lib/avr5\libm.a(fp_round.o)
                0x0000170c                __fp_round
 .text.avr-libc.fplib
                0x0000172e       0x28 c:/program files (x86)/atmel/studio/7.0/toolchain/avr8/avr8-gnu-toolchain/bin/../lib/gcc/avr/5.4.0/../../../../avr/lib/avr5\libm.a(fp_sinus.o)
                0x0000172e                __fp_sinus
 .text.avr-libc.fplib
                0x00001756       0x44 c:/program files (x86)/atmel/studio/7.0/toolchain/avr8/avr8-gnu-toolchain/bin/../lib/gcc/avr/5.4.0/../../../../avr/lib/avr5\libm.a(fp_split3.o)
                0x00001756                __fp_split3
                0x00001766                __fp_splitA
 .text.avr-libc.fplib
                0x0000179a        0xe c:/program files (x86)/atmel/studio/7.0/toolchain/avr8/avr8-gnu-toolchain/bin/../lib/gcc/avr/5.4.0/../../../../avr/lib/avr5\libm.a(fp_zero.o)
                0x0000179a                __fp_zero
                0x0000179c                __fp_szero
 .text.avr-libc.fplib
                0x000017a8        0xa c:/program files (x86)/atmel/studio/7.0/toolchain/avr8/avr8-gnu-toolchain/bin/../lib/gcc/avr/5.4.0/../../../../avr/lib/avr5\libm.a(gesf2.o)
                0x000017a8                __gesf2
                0x000017a8                __gtsf2
 .text.avr-libc.fplib
                0x000017b2       0x10 c:/program files (x86)/atmel/studio/7.0/toolchain/avr8/avr8-gnu-toolchain/bin/../lib/gcc/avr/5.4.0/../../../../avr/lib/avr5\libm.a(inverse.o)
                0x000017b2                inverse
 .text.avr-libc.fplib
                0x000017c2        0x8 c:/program files (x86)/atmel/studio/7.0/toolchain/avr8/avr8-gnu-toolchain/bin/../lib/gcc/avr/5.4.0/../../../../avr/lib/avr5\libm.a(mulsf3.o)
                0x000017c2                __mulsf3
 .text.avr-libc.fplib
                0x000017ca       0xd2 c:/program files (x86)/atmel/studio/7.0/toolchain/avr8/avr8-gnu-toolchain/bin/../lib/gcc/avr/5.4.0/../../../../avr/lib/avr5\libm.a(mulsf3x.o)
                0x000017e8                __mulsf3x
                0x000017ee                __mulsf3_pse
 .text.avr-libc.fplib
                0x0000189c       0x10 c:/program files (x86)/atmel/studio/7.0/toolchain/avr8/avr8-gnu-toolchain/bin/../lib/gcc/avr/5.4.0/../../../../avr/lib/avr5\libm.a(sin.o)
                0x0000189c                sin
 .text.avr-libc.fplib
                0x000018ac       0x8c c:/program files (x86)/atmel/studio/7.0/toolchain/avr8/avr8-gnu-toolchain/bin/../lib/gcc/avr/5.4.0/../../../../avr/lib/avr5\libm.a(sqrt.o)
                0x000018b8                sqrtf
                0x000018b8                sqrt
 .text.avr-libc.fplib
                0x00001938        0x8 c:/program files (x86)/atmel/studio/7.0/toolchain/avr8/avr8-gnu-toolchain/bin/../lib/gcc/avr/5.4.0/../../../../avr/lib/avr5\libm.a(square.o)
                0x00001938                square
 .text.avr-libc.fplib
                0x00001940       0x1c c:/program files (x86)/atmel/studio/7.0/toolchain/avr8/avr8-gnu-toolchain/bin/../lib/gcc/avr/5.4.0/../../../../avr/lib/avr5\libm.a(fp_mpack.o)
                0x00001940                __fp_mpack
                0x00001944                __fp_mpack_finite
 .text.avr-libc.fplib
                0x0000195c        0xe c:/program files (x86)/atmel/studio/7.0/toolchain/avr8/avr8-gnu-toolchain/bin/../lib/gcc/avr/5.4.0/../../../../avr/lib/avr5\libm.a(fp_norm2.o)
                0x0000195c                __fp_norm2
 .text.avr-libc.fplib
                0x0000196a       0x28 c:/program files (x86)/atmel/studio/7.0/toolchain/avr8/avr8-gnu-toolchain/bin/../lib/gcc/avr/5.4.0/../../../../avr/lib/avr5\libm.a(fp_powsodd.o)
                0x0000196a                __fp_powsodd
 .text._ZN14HardwareSerial9availableEv
                0x00001992       0x18 c:\users\alect\Documents\Atmel Studio\7.0\ArduinoSketch3\ArduinoSketch3\ArduinoCore\Debug\libArduinoCore.a(HardwareSerial.o)
                0x00001992                _ZN14HardwareSerial9availableEv
 .text._ZN14HardwareSerial4peekEv
                0x000019aa       0x1c c:\users\alect\Documents\Atmel Studio\7.0\ArduinoSketch3\ArduinoSketch3\ArduinoCore\Debug\libArduinoCore.a(HardwareSerial.o)
                0x000019aa                _ZN14HardwareSerial4peekEv
 .text._ZN14HardwareSerial4readEv
                0x000019c6       0x28 c:\users\alect\Documents\Atmel Studio\7.0\ArduinoSketch3\ArduinoSketch3\ArduinoCore\Debug\libArduinoCore.a(HardwareSerial.o)
                0x000019c6                _ZN14HardwareSerial4readEv
 .text._ZN14HardwareSerial17availableForWriteEv
                0x000019ee       0x1e c:\users\alect\Documents\Atmel Studio\7.0\ArduinoSketch3\ArduinoSketch3\ArduinoCore\Debug\libArduinoCore.a(HardwareSerial.o)
                0x000019ee                _ZN14HardwareSerial17availableForWriteEv
 .text._Z14serialEventRunv
                0x00001a0c       0x1c c:\users\alect\Documents\Atmel Studio\7.0\ArduinoSketch3\ArduinoSketch3\ArduinoCore\Debug\libArduinoCore.a(HardwareSerial.o)
                0x00001a0c                _Z14serialEventRunv
 .text._ZN14HardwareSerial17_tx_udr_empty_irqEv
                0x00001a28       0x42 c:\users\alect\Documents\Atmel Studio\7.0\ArduinoSketch3\ArduinoSketch3\ArduinoCore\Debug\libArduinoCore.a(HardwareSerial.o)
                0x00001a28                _ZN14HardwareSerial17_tx_udr_empty_irqEv
 .text._ZN14HardwareSerial5writeEh
                0x00001a6a       0x8e c:\users\alect\Documents\Atmel Studio\7.0\ArduinoSketch3\ArduinoSketch3\ArduinoCore\Debug\libArduinoCore.a(HardwareSerial.o)
                0x00001a6a                _ZN14HardwareSerial5writeEh
 .text._ZN14HardwareSerial5flushEv
                0x00001af8       0x44 c:\users\alect\Documents\Atmel Studio\7.0\ArduinoSketch3\ArduinoSketch3\ArduinoCore\Debug\libArduinoCore.a(HardwareSerial.o)
                0x00001af8                _ZN14HardwareSerial5flushEv
 .text._ZN14HardwareSerial5beginEmh
                0x00001b3c       0xca c:\users\alect\Documents\Atmel Studio\7.0\ArduinoSketch3\ArduinoSketch3\ArduinoCore\Debug\libArduinoCore.a(HardwareSerial.o)
                0x00001b3c                _ZN14HardwareSerial5beginEmh
 .text._ZN5Print17availableForWriteEv
                0x00001c06        0x6 c:\users\alect\Documents\Atmel Studio\7.0\ArduinoSketch3\ArduinoSketch3\ArduinoCore\Debug\libArduinoCore.a(HardwareSerial0.o)
                0x00001c06                _ZN5Print17availableForWriteEv
 .text._ZN5Print5flushEv
                0x00001c0c        0x2 c:\users\alect\Documents\Atmel Studio\7.0\ArduinoSketch3\ArduinoSketch3\ArduinoCore\Debug\libArduinoCore.a(HardwareSerial0.o)
                0x00001c0c                _ZN5Print5flushEv
 .text.__vector_18
                0x00001c0e       0x64 c:\users\alect\Documents\Atmel Studio\7.0\ArduinoSketch3\ArduinoSketch3\ArduinoCore\Debug\libArduinoCore.a(HardwareSerial0.o)
                0x00001c0e                __vector_18
 .text.__vector_19
                0x00001c72       0x4c c:\users\alect\Documents\Atmel Studio\7.0\ArduinoSketch3\ArduinoSketch3\ArduinoCore\Debug\libArduinoCore.a(HardwareSerial0.o)
                0x00001c72                __vector_19
 .text._Z17Serial0_availablev
                0x00001cbe       0x14 c:\users\alect\Documents\Atmel Studio\7.0\ArduinoSketch3\ArduinoSketch3\ArduinoCore\Debug\libArduinoCore.a(HardwareSerial0.o)
                0x00001cbe                _Z17Serial0_availablev
 .text.startup._GLOBAL__sub_I___vector_18
                0x00001cd2       0x5a c:\users\alect\Documents\Atmel Studio\7.0\ArduinoSketch3\ArduinoSketch3\ArduinoCore\Debug\libArduinoCore.a(HardwareSerial0.o)
 .text.initVariant
                0x00001d2c        0x2 c:\users\alect\Documents\Atmel Studio\7.0\ArduinoSketch3\ArduinoSketch3\ArduinoCore\Debug\libArduinoCore.a(main.o)
                0x00001d2c                initVariant
 .text.startup.main
                0x00001d2e       0x1e c:\users\alect\Documents\Atmel Studio\7.0\ArduinoSketch3\ArduinoSketch3\ArduinoCore\Debug\libArduinoCore.a(main.o)
                0x00001d2e                main
 .text._ZN5Print5writeEPKhj
                0x00001d4c       0x54 c:\users\alect\Documents\Atmel Studio\7.0\ArduinoSketch3\ArduinoSketch3\ArduinoCore\Debug\libArduinoCore.a(Print.o)
                0x00001d4c                _ZN5Print5writeEPKhj
 .text._ZN5Print5writeEPKc
                0x00001da0       0x2a c:\users\alect\Documents\Atmel Studio\7.0\ArduinoSketch3\ArduinoSketch3\ArduinoCore\Debug\libArduinoCore.a(Print.o)
                0x00001da0                _ZN5Print5writeEPKc
 .text._ZN5Print5printERK6String
                0x00001dca       0x1c c:\users\alect\Documents\Atmel Studio\7.0\ArduinoSketch3\ArduinoSketch3\ArduinoCore\Debug\libArduinoCore.a(Print.o)
                0x00001dca                _ZN5Print5printERK6String
 .text._ZN5Print5printEPKc
                0x00001de6        0x4 c:\users\alect\Documents\Atmel Studio\7.0\ArduinoSketch3\ArduinoSketch3\ArduinoCore\Debug\libArduinoCore.a(Print.o)
                0x00001de6                _ZN5Print5printEPKc
 .text._ZN5Print5printEc
                0x00001dea        0xe c:\users\alect\Documents\Atmel Studio\7.0\ArduinoSketch3\ArduinoSketch3\ArduinoCore\Debug\libArduinoCore.a(Print.o)
                0x00001dea                _ZN5Print5printEc
 .text._ZN5Print7printlnEv
                0x00001df8        0x8 c:\users\alect\Documents\Atmel Studio\7.0\ArduinoSketch3\ArduinoSketch3\ArduinoCore\Debug\libArduinoCore.a(Print.o)
                0x00001df8                _ZN5Print7printlnEv
 .text._ZN5Print7printlnEPKc
                0x00001e00       0x24 c:\users\alect\Documents\Atmel Studio\7.0\ArduinoSketch3\ArduinoSketch3\ArduinoCore\Debug\libArduinoCore.a(Print.o)
                0x00001e00                _ZN5Print7printlnEPKc
 .text._ZN5Print11printNumberEmh
                0x00001e24       0x92 c:\users\alect\Documents\Atmel Studio\7.0\ArduinoSketch3\ArduinoSketch3\ArduinoCore\Debug\libArduinoCore.a(Print.o)
                0x00001e24                _ZN5Print11printNumberEmh
 .text._ZN5Print5printEmi
                0x00001eb6       0x1a c:\users\alect\Documents\Atmel Studio\7.0\ArduinoSketch3\ArduinoSketch3\ArduinoCore\Debug\libArduinoCore.a(Print.o)
                0x00001eb6                _ZN5Print5printEmi
 .text._ZN5Print5printEji
                0x00001ed0        0xc c:\users\alect\Documents\Atmel Studio\7.0\ArduinoSketch3\ArduinoSketch3\ArduinoCore\Debug\libArduinoCore.a(Print.o)
                0x00001ed0                _ZN5Print5printEji
 .text._ZN5Print10printFloatEdh
                0x00001edc      0x1b6 c:\users\alect\Documents\Atmel Studio\7.0\ArduinoSketch3\ArduinoSketch3\ArduinoCore\Debug\libArduinoCore.a(Print.o)
                0x00001edc                _ZN5Print10printFloatEdh
 .text._ZN5Print5printEdi
                0x00002092        0x4 c:\users\alect\Documents\Atmel Studio\7.0\ArduinoSketch3\ArduinoSketch3\ArduinoCore\Debug\libArduinoCore.a(Print.o)
                0x00002092                _ZN5Print5printEdi
 .text._ZN5Print7printlnEdi
                0x00002096       0x24 c:\users\alect\Documents\Atmel Studio\7.0\ArduinoSketch3\ArduinoSketch3\ArduinoCore\Debug\libArduinoCore.a(Print.o)
                0x00002096                _ZN5Print7printlnEdi
 .text.__vector_16
                0x000020ba       0x94 c:\users\alect\Documents\Atmel Studio\7.0\ArduinoSketch3\ArduinoSketch3\ArduinoCore\Debug\libArduinoCore.a(wiring.o)
                0x000020ba                __vector_16
 .text.micros   0x0000214e       0x4a c:\users\alect\Documents\Atmel Studio\7.0\ArduinoSketch3\ArduinoSketch3\ArduinoCore\Debug\libArduinoCore.a(wiring.o)
                0x0000214e                micros
 .text.delay    0x00002198       0x78 c:\users\alect\Documents\Atmel Studio\7.0\ArduinoSketch3\ArduinoSketch3\ArduinoCore\Debug\libArduinoCore.a(wiring.o)
                0x00002198                delay
 .text.init     0x00002210       0x76 c:\users\alect\Documents\Atmel Studio\7.0\ArduinoSketch3\ArduinoSketch3\ArduinoCore\Debug\libArduinoCore.a(wiring.o)
                0x00002210                init
 .text.analogRead
                0x00002286       0x3a c:\users\alect\Documents\Atmel Studio\7.0\ArduinoSketch3\ArduinoSketch3\ArduinoCore\Debug\libArduinoCore.a(wiring_analog.o)
                0x00002286                analogRead
 .text.turnOffPWM
                0x000022c0       0x52 c:\users\alect\Documents\Atmel Studio\7.0\ArduinoSketch3\ArduinoSketch3\ArduinoCore\Debug\libArduinoCore.a(wiring_digital.o)
 .text.pinMode  0x00002312       0x78 c:\users\alect\Documents\Atmel Studio\7.0\ArduinoSketch3\ArduinoSketch3\ArduinoCore\Debug\libArduinoCore.a(wiring_digital.o)
                0x00002312                pinMode
 .text.digitalWrite
                0x0000238a       0x5e c:\users\alect\Documents\Atmel Studio\7.0\ArduinoSketch3\ArduinoSketch3\ArduinoCore\Debug\libArduinoCore.a(wiring_digital.o)
                0x0000238a                digitalWrite
 .text._ZN6StringD2Ev
                0x000023e8        0xa c:\users\alect\Documents\Atmel Studio\7.0\ArduinoSketch3\ArduinoSketch3\ArduinoCore\Debug\libArduinoCore.a(WString.o)
                0x000023e8                _ZN6StringD2Ev
                0x000023e8                _ZN6StringD1Ev
 .text._ZN6String10invalidateEv
                0x000023f2       0x24 c:\users\alect\Documents\Atmel Studio\7.0\ArduinoSketch3\ArduinoSketch3\ArduinoCore\Debug\libArduinoCore.a(WString.o)
                0x000023f2                _ZN6String10invalidateEv
 .text._ZN6String12changeBufferEj
                0x00002416       0x34 c:\users\alect\Documents\Atmel Studio\7.0\ArduinoSketch3\ArduinoSketch3\ArduinoCore\Debug\libArduinoCore.a(WString.o)
                0x00002416                _ZN6String12changeBufferEj
 .text._ZN6String7reserveEj
                0x0000244a       0x38 c:\users\alect\Documents\Atmel Studio\7.0\ArduinoSketch3\ArduinoSketch3\ArduinoCore\Debug\libArduinoCore.a(WString.o)
                0x0000244a                _ZN6String7reserveEj
 .text._ZN6String4copyEPKcj
                0x00002482       0x42 c:\users\alect\Documents\Atmel Studio\7.0\ArduinoSketch3\ArduinoSketch3\ArduinoCore\Debug\libArduinoCore.a(WString.o)
                0x00002482                _ZN6String4copyEPKcj
 .text._ZN6StringaSEPKc
                0x000024c4       0x2e c:\users\alect\Documents\Atmel Studio\7.0\ArduinoSketch3\ArduinoSketch3\ArduinoCore\Debug\libArduinoCore.a(WString.o)
                0x000024c4                _ZN6StringaSEPKc
 .text._ZN6StringC2Eih
                0x000024f2       0x58 c:\users\alect\Documents\Atmel Studio\7.0\ArduinoSketch3\ArduinoSketch3\ArduinoCore\Debug\libArduinoCore.a(WString.o)
                0x000024f2                _ZN6StringC2Eih
                0x000024f2                _ZN6StringC1Eih
 .text._ZN12Adafruit_GFX9writeLineEiiiij
                0x0000254a      0x164 c:\users\alect\Documents\Atmel Studio\7.0\ArduinoSketch3\ArduinoSketch3\ArduinoCore\Debug\libArduinoCore.a(Adafruit_GFX.o)
                0x0000254a                _ZN12Adafruit_GFX9writeLineEiiiij
 .text._ZN12Adafruit_GFX10writePixelEiij
                0x000026ae        0xe c:\users\alect\Documents\Atmel Studio\7.0\ArduinoSketch3\ArduinoSketch3\ArduinoCore\Debug\libArduinoCore.a(Adafruit_GFX.o)
                0x000026ae                _ZN12Adafruit_GFX10writePixelEiij
 .text._ZN12Adafruit_GFX14writeFastVLineEiiij
                0x000026bc       0x18 c:\users\alect\Documents\Atmel Studio\7.0\ArduinoSketch3\ArduinoSketch3\ArduinoCore\Debug\libArduinoCore.a(Adafruit_GFX.o)
                0x000026bc                _ZN12Adafruit_GFX14writeFastVLineEiiij
 .text._ZN12Adafruit_GFX14writeFastHLineEiiij
                0x000026d4       0x18 c:\users\alect\Documents\Atmel Studio\7.0\ArduinoSketch3\ArduinoSketch3\ArduinoCore\Debug\libArduinoCore.a(Adafruit_GFX.o)
                0x000026d4                _ZN12Adafruit_GFX14writeFastHLineEiiij
 .text._ZN12Adafruit_GFX13writeFillRectEiiiij
                0x000026ec       0x20 c:\users\alect\Documents\Atmel Studio\7.0\ArduinoSketch3\ArduinoSketch3\ArduinoCore\Debug\libArduinoCore.a(Adafruit_GFX.o)
                0x000026ec                _ZN12Adafruit_GFX13writeFillRectEiiiij
 .text._ZN12Adafruit_GFX8endWriteEv
                0x0000270c        0x2 c:\users\alect\Documents\Atmel Studio\7.0\ArduinoSketch3\ArduinoSketch3\ArduinoCore\Debug\libArduinoCore.a(Adafruit_GFX.o)
                0x0000270c                _ZN12Adafruit_GFX10startWriteEv
                0x0000270c                _ZN12Adafruit_GFX8endWriteEv
 .text._ZN12Adafruit_GFX13drawFastVLineEiiij
                0x0000270e       0x72 c:\users\alect\Documents\Atmel Studio\7.0\ArduinoSketch3\ArduinoSketch3\ArduinoCore\Debug\libArduinoCore.a(Adafruit_GFX.o)
                0x0000270e                _ZN12Adafruit_GFX13drawFastVLineEiiij
 .text._ZN12Adafruit_GFX13drawFastHLineEiiij
                0x00002780       0x72 c:\users\alect\Documents\Atmel Studio\7.0\ArduinoSketch3\ArduinoSketch3\ArduinoCore\Debug\libArduinoCore.a(Adafruit_GFX.o)
                0x00002780                _ZN12Adafruit_GFX13drawFastHLineEiiij
 .text._ZN12Adafruit_GFX8fillRectEiiiij
                0x000027f2       0x8a c:\users\alect\Documents\Atmel Studio\7.0\ArduinoSketch3\ArduinoSketch3\ArduinoCore\Debug\libArduinoCore.a(Adafruit_GFX.o)
                0x000027f2                _ZN12Adafruit_GFX8fillRectEiiiij
 .text._ZN12Adafruit_GFX10fillScreenEj
                0x0000287c       0x3a c:\users\alect\Documents\Atmel Studio\7.0\ArduinoSketch3\ArduinoSketch3\ArduinoCore\Debug\libArduinoCore.a(Adafruit_GFX.o)
                0x0000287c                _ZN12Adafruit_GFX10fillScreenEj
 .text._ZN12Adafruit_GFX8drawLineEiiiij
                0x000028b6       0xda c:\users\alect\Documents\Atmel Studio\7.0\ArduinoSketch3\ArduinoSketch3\ArduinoCore\Debug\libArduinoCore.a(Adafruit_GFX.o)
                0x000028b6                _ZN12Adafruit_GFX8drawLineEiiiij
 .text._ZN12Adafruit_GFX8drawRectEiiiij
                0x00002990       0xbe c:\users\alect\Documents\Atmel Studio\7.0\ArduinoSketch3\ArduinoSketch3\ArduinoCore\Debug\libArduinoCore.a(Adafruit_GFX.o)
                0x00002990                _ZN12Adafruit_GFX8drawRectEiiiij
 .text._ZN12Adafruit_GFX13invertDisplayEb
                0x00002a4e        0x2 c:\users\alect\Documents\Atmel Studio\7.0\ArduinoSketch3\ArduinoSketch3\ArduinoCore\Debug\libArduinoCore.a(Adafruit_GFX.o)
                0x00002a4e                _ZN12Adafruit_GFX13invertDisplayEb
 .text._ZN12Adafruit_GFX11setRotationEh
                0x00002a50       0x2a c:\users\alect\Documents\Atmel Studio\7.0\ArduinoSketch3\ArduinoSketch3\ArduinoCore\Debug\libArduinoCore.a(Adafruit_GFX.o)
                0x00002a50                _ZN12Adafruit_GFX11setRotationEh
 .text._ZN12Adafruit_GFXC2Eii
                0x00002a7a       0x42 c:\users\alect\Documents\Atmel Studio\7.0\ArduinoSketch3\ArduinoSketch3\ArduinoCore\Debug\libArduinoCore.a(Adafruit_GFX.o)
                0x00002a7a                _ZN12Adafruit_GFXC2Eii
                0x00002a7a                _ZN12Adafruit_GFXC1Eii
 .text._ZN12Adafruit_GFX8drawCharEiihjjh
                0x00002abc      0x434 c:\users\alect\Documents\Atmel Studio\7.0\ArduinoSketch3\ArduinoSketch3\ArduinoCore\Debug\libArduinoCore.a(Adafruit_GFX.o)
                0x00002abc                _ZN12Adafruit_GFX8drawCharEiihjjh
 .text._ZN12Adafruit_GFX5writeEh
                0x00002ef0      0x1ac c:\users\alect\Documents\Atmel Studio\7.0\ArduinoSketch3\ArduinoSketch3\ArduinoCore\Debug\libArduinoCore.a(Adafruit_GFX.o)
                0x00002ef0                _ZN12Adafruit_GFX5writeEh
 .text._ZN12Adafruit_GFX9setCursorEii
                0x0000309c        0xc c:\users\alect\Documents\Atmel Studio\7.0\ArduinoSketch3\ArduinoSketch3\ArduinoCore\Debug\libArduinoCore.a(Adafruit_GFX.o)
                0x0000309c                _ZN12Adafruit_GFX9setCursorEii
 .text._ZN12Adafruit_GFX12setTextColorEj
                0x000030a8        0xc c:\users\alect\Documents\Atmel Studio\7.0\ArduinoSketch3\ArduinoSketch3\ArduinoCore\Debug\libArduinoCore.a(Adafruit_GFX.o)
                0x000030a8                _ZN12Adafruit_GFX12setTextColorEj
 .text._ZNK12Adafruit_GFX5widthEv
                0x000030b4        0x8 c:\users\alect\Documents\Atmel Studio\7.0\ArduinoSketch3\ArduinoSketch3\ArduinoCore\Debug\libArduinoCore.a(Adafruit_GFX.o)
                0x000030b4                _ZNK12Adafruit_GFX5widthEv
 .text._ZNK12Adafruit_GFX6heightEv
                0x000030bc        0x8 c:\users\alect\Documents\Atmel Studio\7.0\ArduinoSketch3\ArduinoSketch3\ArduinoCore\Debug\libArduinoCore.a(Adafruit_GFX.o)
                0x000030bc                _ZNK12Adafruit_GFX6heightEv
 .text._ZN15Adafruit_ST773510fillScreenEj
                0x000030c4       0x3a c:\users\alect\Documents\Atmel Studio\7.0\ArduinoSketch3\ArduinoSketch3\ArduinoCore\Debug\libArduinoCore.a(Adafruit_ST7735.o)
                0x000030c4                _ZN15Adafruit_ST773510fillScreenEj
 .text._ZN8SPIClass16beginTransactionE11SPISettings
                0x000030fe       0x34 c:\users\alect\Documents\Atmel Studio\7.0\ArduinoSketch3\ArduinoSketch3\ArduinoCore\Debug\libArduinoCore.a(Adafruit_ST7735.o)
                0x000030fe                _ZN8SPIClass16beginTransactionE11SPISettings
 .text._ZN8SPIClass14endTransactionEv
                0x00003132       0x22 c:\users\alect\Documents\Atmel Studio\7.0\ArduinoSketch3\ArduinoSketch3\ArduinoCore\Debug\libArduinoCore.a(Adafruit_ST7735.o)
                0x00003132                _ZN8SPIClass14endTransactionEv
 .text._ZN15Adafruit_ST7735C2Eaaa
                0x00003154       0x42 c:\users\alect\Documents\Atmel Studio\7.0\ArduinoSketch3\ArduinoSketch3\ArduinoCore\Debug\libArduinoCore.a(Adafruit_ST7735.o)
                0x00003154                _ZN15Adafruit_ST7735C1Eaaa
                0x00003154                _ZN15Adafruit_ST7735C2Eaaa
 .text._ZN15Adafruit_ST77358spiwriteEh
                0x00003196       0x5a c:\users\alect\Documents\Atmel Studio\7.0\ArduinoSketch3\ArduinoSketch3\ArduinoCore\Debug\libArduinoCore.a(Adafruit_ST7735.o)
                0x00003196                _ZN15Adafruit_ST77358spiwriteEh
 .text._ZN15Adafruit_ST77357CS_HIGHEv
                0x000031f0       0x16 c:\users\alect\Documents\Atmel Studio\7.0\ArduinoSketch3\ArduinoSketch3\ArduinoCore\Debug\libArduinoCore.a(Adafruit_ST7735.o)
                0x000031f0                _ZN15Adafruit_ST77357CS_HIGHEv
 .text._ZN15Adafruit_ST77356CS_LOWEv
                0x00003206       0x18 c:\users\alect\Documents\Atmel Studio\7.0\ArduinoSketch3\ArduinoSketch3\ArduinoCore\Debug\libArduinoCore.a(Adafruit_ST7735.o)
                0x00003206                _ZN15Adafruit_ST77356CS_LOWEv
 .text._ZN15Adafruit_ST773512writecommandEh
                0x0000321e       0x56 c:\users\alect\Documents\Atmel Studio\7.0\ArduinoSketch3\ArduinoSketch3\ArduinoCore\Debug\libArduinoCore.a(Adafruit_ST7735.o)
                0x0000321e                _ZN15Adafruit_ST773512writecommandEh
 .text._ZN15Adafruit_ST773513invertDisplayEb
                0x00003274        0xe c:\users\alect\Documents\Atmel Studio\7.0\ArduinoSketch3\ArduinoSketch3\ArduinoCore\Debug\libArduinoCore.a(Adafruit_ST7735.o)
                0x00003274                _ZN15Adafruit_ST773513invertDisplayEb
 .text._ZN15Adafruit_ST77357DC_HIGHEv
                0x00003282       0x16 c:\users\alect\Documents\Atmel Studio\7.0\ArduinoSketch3\ArduinoSketch3\ArduinoCore\Debug\libArduinoCore.a(Adafruit_ST7735.o)
                0x00003282                _ZN15Adafruit_ST77357DC_HIGHEv
 .text._ZN15Adafruit_ST77359writedataEh
                0x00003298       0x4e c:\users\alect\Documents\Atmel Studio\7.0\ArduinoSketch3\ArduinoSketch3\ArduinoCore\Debug\libArduinoCore.a(Adafruit_ST7735.o)
                0x00003298                _ZN15Adafruit_ST77359writedataEh
 .text._ZN15Adafruit_ST773511commandListEPKh
                0x000032e6       0xa8 c:\users\alect\Documents\Atmel Studio\7.0\ArduinoSketch3\ArduinoSketch3\ArduinoCore\Debug\libArduinoCore.a(Adafruit_ST7735.o)
                0x000032e6                _ZN15Adafruit_ST773511commandListEPKh
 .text._ZN15Adafruit_ST773510commonInitEPKh
                0x0000338e      0x17a c:\users\alect\Documents\Atmel Studio\7.0\ArduinoSketch3\ArduinoSketch3\ArduinoCore\Debug\libArduinoCore.a(Adafruit_ST7735.o)
                0x0000338e                _ZN15Adafruit_ST773510commonInitEPKh
 .text._ZN15Adafruit_ST77355initREh
                0x00003508       0xb6 c:\users\alect\Documents\Atmel Studio\7.0\ArduinoSketch3\ArduinoSketch3\ArduinoCore\Debug\libArduinoCore.a(Adafruit_ST7735.o)
                0x00003508                _ZN15Adafruit_ST77355initREh
 .text._ZN15Adafruit_ST773513setAddrWindowEhhhh
                0x000035be       0x7e c:\users\alect\Documents\Atmel Studio\7.0\ArduinoSketch3\ArduinoSketch3\ArduinoCore\Debug\libArduinoCore.a(Adafruit_ST7735.o)
                0x000035be                _ZN15Adafruit_ST773513setAddrWindowEhhhh
 .text._ZN15Adafruit_ST773511setRotationEh
                0x0000363c       0xea c:\users\alect\Documents\Atmel Studio\7.0\ArduinoSketch3\ArduinoSketch3\ArduinoCore\Debug\libArduinoCore.a(Adafruit_ST7735.o)
                0x0000363c                _ZN15Adafruit_ST773511setRotationEh
 .text._ZN15Adafruit_ST773513drawFastHLineEiiij
                0x00003726       0xb4 c:\users\alect\Documents\Atmel Studio\7.0\ArduinoSketch3\ArduinoSketch3\ArduinoCore\Debug\libArduinoCore.a(Adafruit_ST7735.o)
                0x00003726                _ZN15Adafruit_ST773513drawFastHLineEiiij
 .text._ZN15Adafruit_ST77358fillRectEiiiij
                0x000037da       0xec c:\users\alect\Documents\Atmel Studio\7.0\ArduinoSketch3\ArduinoSketch3\ArduinoCore\Debug\libArduinoCore.a(Adafruit_ST7735.o)
                0x000037da                _ZN15Adafruit_ST77358fillRectEiiiij
 .text._ZN15Adafruit_ST773513drawFastVLineEiiij
                0x000038c6       0xb4 c:\users\alect\Documents\Atmel Studio\7.0\ArduinoSketch3\ArduinoSketch3\ArduinoCore\Debug\libArduinoCore.a(Adafruit_ST7735.o)
                0x000038c6                _ZN15Adafruit_ST773513drawFastVLineEiiij
 .text._ZN15Adafruit_ST77359drawPixelEiij
                0x0000397a       0x8e c:\users\alect\Documents\Atmel Studio\7.0\ArduinoSketch3\ArduinoSketch3\ArduinoCore\Debug\libArduinoCore.a(Adafruit_ST7735.o)
                0x0000397a                _ZN15Adafruit_ST77359drawPixelEiij
 .text.startup._GLOBAL__sub_I__ZN15Adafruit_ST7735C2Eaaaaa
                0x00003a08        0xc c:\users\alect\Documents\Atmel Studio\7.0\ArduinoSketch3\ArduinoSketch3\ArduinoCore\Debug\libArduinoCore.a(Adafruit_ST7735.o)
 .text._ZN8SPIClass5beginEv
                0x00003a14       0x6c c:\users\alect\Documents\Atmel Studio\7.0\ArduinoSketch3\ArduinoSketch3\ArduinoCore\Debug\libArduinoCore.a(SPI.o)
                0x00003a14                _ZN8SPIClass5beginEv
 .text.__cxa_pure_virtual
                0x00003a80        0x4 c:\users\alect\Documents\Atmel Studio\7.0\ArduinoSketch3\ArduinoSketch3\ArduinoCore\Debug\libArduinoCore.a(abi.o)
                0x00003a80                __cxa_pure_virtual
 .text.__empty  0x00003a84        0x2 c:\users\alect\Documents\Atmel Studio\7.0\ArduinoSketch3\ArduinoSketch3\ArduinoCore\Debug\libArduinoCore.a(hooks.o)
                0x00003a84                yield
 .text.avr-libc.fplib
                0x00003a86        0xa c:/program files (x86)/atmel/studio/7.0/toolchain/avr8/avr8-gnu-toolchain/bin/../lib/gcc/avr/5.4.0/../../../../avr/lib/avr5\libm.a(unordsf2.o)
                0x00003a86                __unordsf2
 .text.libgcc.div
                0x00003a90       0x44 c:/program files (x86)/atmel/studio/7.0/toolchain/avr8/avr8-gnu-toolchain/bin/../lib/gcc/avr/5.4.0/avr5\libgcc.a(_udivmodsi4.o)
                0x00003a90                __udivmodsi4
 .text.libgcc   0x00003ad4        0xc c:/program files (x86)/atmel/studio/7.0/toolchain/avr8/avr8-gnu-toolchain/bin/../lib/gcc/avr/5.4.0/avr5\libgcc.a(_tablejump2.o)
                0x00003ad4                __tablejump2__
 .text.avr-libc
                0x00003ae0      0x242 c:/program files (x86)/atmel/studio/7.0/toolchain/avr8/avr8-gnu-toolchain/bin/../lib/gcc/avr/5.4.0/../../../../avr/lib/avr5\libc.a(malloc.o)
                0x00003ae0                malloc
                0x00003c10                free
 .text.avr-libc
                0x00003d22      0x18c c:/program files (x86)/atmel/studio/7.0/toolchain/avr8/avr8-gnu-toolchain/bin/../lib/gcc/avr/5.4.0/../../../../avr/lib/avr5\libc.a(realloc.o)
                0x00003d22                realloc
 .text.avr-libc
                0x00003eae        0xa c:/program files (x86)/atmel/studio/7.0/toolchain/avr8/avr8-gnu-toolchain/bin/../lib/gcc/avr/5.4.0/../../../../avr/lib/avr5\libc.a(abort.o)
                0x00003eae                abort
 .text.avr-libc
                0x00003eb8       0x12 c:/program files (x86)/atmel/studio/7.0/toolchain/avr8/avr8-gnu-toolchain/bin/../lib/gcc/avr/5.4.0/../../../../avr/lib/avr5\libc.a(memcpy.o)
                0x00003eb8                memcpy
 .text.avr-libc
                0x00003eca        0xe c:/program files (x86)/atmel/studio/7.0/toolchain/avr8/avr8-gnu-toolchain/bin/../lib/gcc/avr/5.4.0/../../../../avr/lib/avr5\libc.a(strcpy.o)
                0x00003eca                strcpy
 .text.avr-libc
                0x00003ed8       0x16 c:/program files (x86)/atmel/studio/7.0/toolchain/avr8/avr8-gnu-toolchain/bin/../lib/gcc/avr/5.4.0/../../../../avr/lib/avr5\libc.a(itoa.o)
                0x00003ed8                __itoa
                0x00003ed8                itoa
 .text.avr-libc
                0x00003eee       0x16 c:/program files (x86)/atmel/studio/7.0/toolchain/avr8/avr8-gnu-toolchain/bin/../lib/gcc/avr/5.4.0/../../../../avr/lib/avr5\libc.a(itoa_ncheck.o)
                0x00003eee                __itoa_ncheck
 .text.avr-libc
                0x00003f04       0x34 c:/program files (x86)/atmel/studio/7.0/toolchain/avr8/avr8-gnu-toolchain/bin/../lib/gcc/avr/5.4.0/../../../../avr/lib/avr5\libc.a(utoa_ncheck.o)
                0x00003f04                __utoa_ncheck
                0x00003f06                __utoa_common
 .text.avr-libc
                0x00003f38       0x20 c:/program files (x86)/atmel/studio/7.0/toolchain/avr8/avr8-gnu-toolchain/bin/../lib/gcc/avr/5.4.0/../../../../avr/lib/avr5\libc.a(strrev.o)
                0x00003f38                strrev
 .text.libgcc.prologue
                0x00003f58       0x38 c:/program files (x86)/atmel/studio/7.0/toolchain/avr8/avr8-gnu-toolchain/bin/../lib/gcc/avr/5.4.0/avr5\libgcc.a(_prologue.o)
                0x00003f58                __prologue_saves__
 .text.libgcc.prologue
                0x00003f90       0x36 c:/program files (x86)/atmel/studio/7.0/toolchain/avr8/avr8-gnu-toolchain/bin/../lib/gcc/avr/5.4.0/avr5\libgcc.a(_epilogue.o)
                0x00003f90                __epilogue_restores__
                0x00003fc6                . = ALIGN (0x2)
 *(.fini9)
 .fini9         0x00003fc6        0x0 c:/program files (x86)/atmel/studio/7.0/toolchain/avr8/avr8-gnu-toolchain/bin/../lib/gcc/avr/5.4.0/avr5\libgcc.a(_exit.o)
                0x00003fc6                _exit
                0x00003fc6                exit
 *(.fini9)
 *(.fini8)
 *(.fini8)
 *(.fini7)
 *(.fini7)
 *(.fini6)
 *(.fini6)
 *(.fini5)
 *(.fini5)
 *(.fini4)
 *(.fini4)
 *(.fini3)
 *(.fini3)
 *(.fini2)
 *(.fini2)
 *(.fini1)
 *(.fini1)
 *(.fini0)
 .fini0         0x00003fc6        0x4 c:/program files (x86)/atmel/studio/7.0/toolchain/avr8/avr8-gnu-toolchain/bin/../lib/gcc/avr/5.4.0/avr5\libgcc.a(_exit.o)
 *(.fini0)
                0x00003fca                _etext = .

.data           0x00800100       0x96 load address 0x00003fca
                0x00800100                PROVIDE (__data_start, .)
 *(.data)
 .data          0x00800100        0x6 c:/program files (x86)/atmel/studio/7.0/toolchain/avr8/avr8-gnu-toolchain/bin/../lib/gcc/avr/5.4.0/../../../../avr/lib/avr5\libc.a(malloc.o)
                0x00800100                __malloc_heap_end
                0x00800102                __malloc_heap_start
                0x00800104                __malloc_margin
 *(.data*)
 .data.y0       0x00800106        0x2 Sketch.o
                0x00800106                y0
 .data.x0       0x00800108        0x2 Sketch.o
                0x00800108                x0
 .data.analog_reference
                0x0080010a        0x1 c:\users\alect\Documents\Atmel Studio\7.0\ArduinoSketch3\ArduinoSketch3\ArduinoCore\Debug\libArduinoCore.a(wiring_analog.o)
                0x0080010a                analog_reference
 *(.gnu.linkonce.d*)
 *(.rodata)
 *(.rodata*)
 .rodata.str1.1
                0x0080010b       0x12 Sketch.o
                                 0x1b (size before relaxing)
 .rodata._ZTV14HardwareSerial
                0x0080011d       0x12 c:\users\alect\Documents\Atmel Studio\7.0\ArduinoSketch3\ArduinoSketch3\ArduinoCore\Debug\libArduinoCore.a(HardwareSerial.o)
                0x0080011d                _ZTV14HardwareSerial
 .rodata.str1.1
                0x0080012f        0xf c:\users\alect\Documents\Atmel Studio\7.0\ArduinoSketch3\ArduinoSketch3\ArduinoCore\Debug\libArduinoCore.a(Print.o)
 .rodata._ZTV12Adafruit_GFX
                0x0080013e       0x2c c:\users\alect\Documents\Atmel Studio\7.0\ArduinoSketch3\ArduinoSketch3\ArduinoCore\Debug\libArduinoCore.a(Adafruit_GFX.o)
                0x0080013e                _ZTV12Adafruit_GFX
 .rodata._ZTV15Adafruit_ST7735
                0x0080016a       0x2c c:\users\alect\Documents\Atmel Studio\7.0\ArduinoSketch3\ArduinoSketch3\ArduinoCore\Debug\libArduinoCore.a(Adafruit_ST7735.o)
                0x0080016a                _ZTV15Adafruit_ST7735
 *(.gnu.linkonce.r*)
                0x00800196                . = ALIGN (0x2)
                0x00800196                _edata = .
                0x00800196                PROVIDE (__data_end, .)

.bss            0x00800196      0x1dd
                0x00800196                PROVIDE (__bss_start, .)
 *(.bss)
 *(.bss*)
 .bss.lastSpeed
                0x00800196        0x4 Sketch.o
                0x00800196                lastSpeed
 .bss.lastAngle
                0x0080019a        0x4 Sketch.o
                0x0080019a                lastAngle
 .bss.lastY1    0x0080019e        0x2 Sketch.o
                0x0080019e                lastY1
 .bss.lastX1    0x008001a0        0x2 Sketch.o
                0x008001a0                lastX1
 .bss.tft       0x008001a2       0x31 Sketch.o
                0x008001a2                tft
 .bss.flows95   0x008001d3       0x78 Sketch.o
                0x008001d3                flows95
 .bss.flows94   0x0080024b       0x78 Sketch.o
                0x0080024b                flows94
 .bss.Serial    0x008002c3       0x9d c:\users\alect\Documents\Atmel Studio\7.0\ArduinoSketch3\ArduinoSketch3\ArduinoCore\Debug\libArduinoCore.a(HardwareSerial0.o)
                0x008002c3                Serial
 .bss.timer0_fract
                0x00800360        0x1 c:\users\alect\Documents\Atmel Studio\7.0\ArduinoSketch3\ArduinoSketch3\ArduinoCore\Debug\libArduinoCore.a(wiring.o)
 .bss.timer0_millis
                0x00800361        0x4 c:\users\alect\Documents\Atmel Studio\7.0\ArduinoSketch3\ArduinoSketch3\ArduinoCore\Debug\libArduinoCore.a(wiring.o)
                0x00800361                timer0_millis
 .bss.timer0_overflow_count
                0x00800365        0x4 c:\users\alect\Documents\Atmel Studio\7.0\ArduinoSketch3\ArduinoSketch3\ArduinoCore\Debug\libArduinoCore.a(wiring.o)
                0x00800365                timer0_overflow_count
 .bss._ZL13mySPISettings
                0x00800369        0x2 c:\users\alect\Documents\Atmel Studio\7.0\ArduinoSketch3\ArduinoSketch3\ArduinoCore\Debug\libArduinoCore.a(Adafruit_ST7735.o)
 .bss._ZN8SPIClass13interruptSaveE
                0x0080036b        0x1 c:\users\alect\Documents\Atmel Studio\7.0\ArduinoSketch3\ArduinoSketch3\ArduinoCore\Debug\libArduinoCore.a(SPI.o)
                0x0080036b                _ZN8SPIClass13interruptSaveE
 .bss._ZN8SPIClass13interruptMaskE
                0x0080036c        0x1 c:\users\alect\Documents\Atmel Studio\7.0\ArduinoSketch3\ArduinoSketch3\ArduinoCore\Debug\libArduinoCore.a(SPI.o)
                0x0080036c                _ZN8SPIClass13interruptMaskE
 .bss._ZN8SPIClass13interruptModeE
                0x0080036d        0x1 c:\users\alect\Documents\Atmel Studio\7.0\ArduinoSketch3\ArduinoSketch3\ArduinoCore\Debug\libArduinoCore.a(SPI.o)
                0x0080036d                _ZN8SPIClass13interruptModeE
 .bss._ZN8SPIClass11initializedE
                0x0080036e        0x1 c:\users\alect\Documents\Atmel Studio\7.0\ArduinoSketch3\ArduinoSketch3\ArduinoCore\Debug\libArduinoCore.a(SPI.o)
                0x0080036e                _ZN8SPIClass11initializedE
 *(COMMON)
 COMMON         0x0080036f        0x4 c:/program files (x86)/atmel/studio/7.0/toolchain/avr8/avr8-gnu-toolchain/bin/../lib/gcc/avr/5.4.0/../../../../avr/lib/avr5\libc.a(malloc.o)
                0x0080036f                __brkval
                0x00800371                __flp
                0x00800373                PROVIDE (__bss_end, .)
                0x00003fca                __data_load_start = LOADADDR (.data)
                0x00004060                __data_load_end = (__data_load_start + SIZEOF (.data))

.noinit         0x00800373        0x0
                [!provide]                PROVIDE (__noinit_start, .)
 *(.noinit*)
                [!provide]                PROVIDE (__noinit_end, .)
                0x00800373                _end = .
                0x00800373                PROVIDE (__heap_start, .)

.eeprom         0x00810000        0x0
 *(.eeprom*)
                0x00810000                __eeprom_end = .

.fuse
 *(.fuse)
 *(.lfuse)
 *(.hfuse)
 *(.efuse)

.lock
 *(.lock*)

.signature
 *(.signature*)

.user_signatures
 *(.user_signatures*)

.stab
 *(.stab)

.stabstr
 *(.stabstr)

.stab.excl
 *(.stab.excl)

.stab.exclstr
 *(.stab.exclstr)

.stab.index
 *(.stab.index)

.stab.indexstr
 *(.stab.indexstr)

.comment        0x00000000       0x30
 *(.comment)
 .comment       0x00000000       0x30 Sketch.o
                                 0x31 (size before relaxing)
 .comment       0x00000030       0x31 c:\users\alect\Documents\Atmel Studio\7.0\ArduinoSketch3\ArduinoSketch3\ArduinoCore\Debug\libArduinoCore.a(HardwareSerial.o)
 .comment       0x00000030       0x31 c:\users\alect\Documents\Atmel Studio\7.0\ArduinoSketch3\ArduinoSketch3\ArduinoCore\Debug\libArduinoCore.a(HardwareSerial0.o)
 .comment       0x00000030       0x31 c:\users\alect\Documents\Atmel Studio\7.0\ArduinoSketch3\ArduinoSketch3\ArduinoCore\Debug\libArduinoCore.a(main.o)
 .comment       0x00000030       0x31 c:\users\alect\Documents\Atmel Studio\7.0\ArduinoSketch3\ArduinoSketch3\ArduinoCore\Debug\libArduinoCore.a(Print.o)
 .comment       0x00000030       0x31 c:\users\alect\Documents\Atmel Studio\7.0\ArduinoSketch3\ArduinoSketch3\ArduinoCore\Debug\libArduinoCore.a(wiring.o)
 .comment       0x00000030       0x31 c:\users\alect\Documents\Atmel Studio\7.0\ArduinoSketch3\ArduinoSketch3\ArduinoCore\Debug\libArduinoCore.a(wiring_analog.o)
 .comment       0x00000030       0x31 c:\users\alect\Documents\Atmel Studio\7.0\ArduinoSketch3\ArduinoSketch3\ArduinoCore\Debug\libArduinoCore.a(wiring_digital.o)
 .comment       0x00000030       0x31 c:\users\alect\Documents\Atmel Studio\7.0\ArduinoSketch3\ArduinoSketch3\ArduinoCore\Debug\libArduinoCore.a(WString.o)
 .comment       0x00000030       0x31 c:\users\alect\Documents\Atmel Studio\7.0\ArduinoSketch3\ArduinoSketch3\ArduinoCore\Debug\libArduinoCore.a(Adafruit_GFX.o)
 .comment       0x00000030       0x31 c:\users\alect\Documents\Atmel Studio\7.0\ArduinoSketch3\ArduinoSketch3\ArduinoCore\Debug\libArduinoCore.a(Adafruit_ST7735.o)
 .comment       0x00000030       0x31 c:\users\alect\Documents\Atmel Studio\7.0\ArduinoSketch3\ArduinoSketch3\ArduinoCore\Debug\libArduinoCore.a(SPI.o)
 .comment       0x00000030       0x31 c:\users\alect\Documents\Atmel Studio\7.0\ArduinoSketch3\ArduinoSketch3\ArduinoCore\Debug\libArduinoCore.a(abi.o)
 .comment       0x00000030       0x31 c:\users\alect\Documents\Atmel Studio\7.0\ArduinoSketch3\ArduinoSketch3\ArduinoCore\Debug\libArduinoCore.a(hooks.o)
 .comment       0x00000030       0x31 c:/program files (x86)/atmel/studio/7.0/toolchain/avr8/avr8-gnu-toolchain/bin/../lib/gcc/avr/5.4.0/../../../../avr/lib/avr5\libc.a(malloc.o)
 .comment       0x00000030       0x31 c:/program files (x86)/atmel/studio/7.0/toolchain/avr8/avr8-gnu-toolchain/bin/../lib/gcc/avr/5.4.0/../../../../avr/lib/avr5\libc.a(realloc.o)

.note.gnu.avr.deviceinfo
                0x00000000       0x40
 .note.gnu.avr.deviceinfo
                0x00000000       0x40 C:/Program Files (x86)/Atmel/Studio/7.0/Packs/atmel/ATmega_DFP/1.2.150/gcc/dev/atmega328p/avr5/crtatmega328p.o

.note.gnu.build-id
 *(.note.gnu.build-id)

.debug
 *(.debug)

.line
 *(.line)

.debug_srcinfo
 *(.debug_srcinfo)

.debug_sfnames
 *(.debug_sfnames)

.debug_aranges  0x00000000      0x9a8
 *(.debug_aranges)
 .debug_aranges
                0x00000000       0x60 Sketch.o
 .debug_aranges
                0x00000060       0x68 c:\users\alect\Documents\Atmel Studio\7.0\ArduinoSketch3\ArduinoSketch3\ArduinoCore\Debug\libArduinoCore.a(HardwareSerial.o)
 .debug_aranges
                0x000000c8       0x48 c:\users\alect\Documents\Atmel Studio\7.0\ArduinoSketch3\ArduinoSketch3\ArduinoCore\Debug\libArduinoCore.a(HardwareSerial0.o)
 .debug_aranges
                0x00000110       0x30 c:\users\alect\Documents\Atmel Studio\7.0\ArduinoSketch3\ArduinoSketch3\ArduinoCore\Debug\libArduinoCore.a(main.o)
 .debug_aranges
                0x00000140      0x100 c:\users\alect\Documents\Atmel Studio\7.0\ArduinoSketch3\ArduinoSketch3\ArduinoCore\Debug\libArduinoCore.a(Print.o)
 .debug_aranges
                0x00000240       0x48 c:\users\alect\Documents\Atmel Studio\7.0\ArduinoSketch3\ArduinoSketch3\ArduinoCore\Debug\libArduinoCore.a(wiring.o)
 .debug_aranges
                0x00000288       0x30 c:\users\alect\Documents\Atmel Studio\7.0\ArduinoSketch3\ArduinoSketch3\ArduinoCore\Debug\libArduinoCore.a(wiring_analog.o)
 .debug_aranges
                0x000002b8       0x38 c:\users\alect\Documents\Atmel Studio\7.0\ArduinoSketch3\ArduinoSketch3\ArduinoCore\Debug\libArduinoCore.a(wiring_digital.o)
 .debug_aranges
                0x000002f0      0x2b8 c:\users\alect\Documents\Atmel Studio\7.0\ArduinoSketch3\ArduinoSketch3\ArduinoCore\Debug\libArduinoCore.a(WString.o)
 .debug_aranges
                0x000005a8      0x298 c:\users\alect\Documents\Atmel Studio\7.0\ArduinoSketch3\ArduinoSketch3\ArduinoCore\Debug\libArduinoCore.a(Adafruit_GFX.o)
 .debug_aranges
                0x00000840       0xf0 c:\users\alect\Documents\Atmel Studio\7.0\ArduinoSketch3\ArduinoSketch3\ArduinoCore\Debug\libArduinoCore.a(Adafruit_ST7735.o)
 .debug_aranges
                0x00000930       0x38 c:\users\alect\Documents\Atmel Studio\7.0\ArduinoSketch3\ArduinoSketch3\ArduinoCore\Debug\libArduinoCore.a(SPI.o)
 .debug_aranges
                0x00000968       0x20 c:\users\alect\Documents\Atmel Studio\7.0\ArduinoSketch3\ArduinoSketch3\ArduinoCore\Debug\libArduinoCore.a(abi.o)
 .debug_aranges
                0x00000988       0x20 c:\users\alect\Documents\Atmel Studio\7.0\ArduinoSketch3\ArduinoSketch3\ArduinoCore\Debug\libArduinoCore.a(hooks.o)

.debug_pubnames
 *(.debug_pubnames)

.debug_info     0x00000000    0x16234
 *(.debug_info .gnu.linkonce.wi.*)
 .debug_info    0x00000000      0x5f4 C:/Program Files (x86)/Atmel/Studio/7.0/Packs/atmel/ATmega_DFP/1.2.150/gcc/dev/atmega328p/avr5/crtatmega328p.o
 .debug_info    0x000005f4     0x1e9c Sketch.o
 .debug_info    0x00002490     0x1e89 c:\users\alect\Documents\Atmel Studio\7.0\ArduinoSketch3\ArduinoSketch3\ArduinoCore\Debug\libArduinoCore.a(HardwareSerial.o)
 .debug_info    0x00004319     0x1b16 c:\users\alect\Documents\Atmel Studio\7.0\ArduinoSketch3\ArduinoSketch3\ArduinoCore\Debug\libArduinoCore.a(HardwareSerial0.o)
 .debug_info    0x00005e2f      0x237 c:\users\alect\Documents\Atmel Studio\7.0\ArduinoSketch3\ArduinoSketch3\ArduinoCore\Debug\libArduinoCore.a(main.o)
 .debug_info    0x00006066     0x28ff c:\users\alect\Documents\Atmel Studio\7.0\ArduinoSketch3\ArduinoSketch3\ArduinoCore\Debug\libArduinoCore.a(Print.o)
 .debug_info    0x00008965      0x2cb c:\users\alect\Documents\Atmel Studio\7.0\ArduinoSketch3\ArduinoSketch3\ArduinoCore\Debug\libArduinoCore.a(wiring.o)
 .debug_info    0x00008c30      0x26d c:\users\alect\Documents\Atmel Studio\7.0\ArduinoSketch3\ArduinoSketch3\ArduinoCore\Debug\libArduinoCore.a(wiring_analog.o)
 .debug_info    0x00008e9d      0x5fe c:\users\alect\Documents\Atmel Studio\7.0\ArduinoSketch3\ArduinoSketch3\ArduinoCore\Debug\libArduinoCore.a(wiring_digital.o)
 .debug_info    0x0000949b     0x4338 c:\users\alect\Documents\Atmel Studio\7.0\ArduinoSketch3\ArduinoSketch3\ArduinoCore\Debug\libArduinoCore.a(WString.o)
 .debug_info    0x0000d7d3     0x6131 c:\users\alect\Documents\Atmel Studio\7.0\ArduinoSketch3\ArduinoSketch3\ArduinoCore\Debug\libArduinoCore.a(Adafruit_GFX.o)
 .debug_info    0x00013904     0x2211 c:\users\alect\Documents\Atmel Studio\7.0\ArduinoSketch3\ArduinoSketch3\ArduinoCore\Debug\libArduinoCore.a(Adafruit_ST7735.o)
 .debug_info    0x00015b15      0x66b c:\users\alect\Documents\Atmel Studio\7.0\ArduinoSketch3\ArduinoSketch3\ArduinoCore\Debug\libArduinoCore.a(SPI.o)
 .debug_info    0x00016180       0x76 c:\users\alect\Documents\Atmel Studio\7.0\ArduinoSketch3\ArduinoSketch3\ArduinoCore\Debug\libArduinoCore.a(abi.o)
 .debug_info    0x000161f6       0x3e c:\users\alect\Documents\Atmel Studio\7.0\ArduinoSketch3\ArduinoSketch3\ArduinoCore\Debug\libArduinoCore.a(hooks.o)

.debug_abbrev   0x00000000     0x2e9e
 *(.debug_abbrev)
 .debug_abbrev  0x00000000      0x5a2 C:/Program Files (x86)/Atmel/Studio/7.0/Packs/atmel/ATmega_DFP/1.2.150/gcc/dev/atmega328p/avr5/crtatmega328p.o
 .debug_abbrev  0x000005a2      0x46b Sketch.o
 .debug_abbrev  0x00000a0d      0x432 c:\users\alect\Documents\Atmel Studio\7.0\ArduinoSketch3\ArduinoSketch3\ArduinoCore\Debug\libArduinoCore.a(HardwareSerial.o)
 .debug_abbrev  0x00000e3f      0x3ce c:\users\alect\Documents\Atmel Studio\7.0\ArduinoSketch3\ArduinoSketch3\ArduinoCore\Debug\libArduinoCore.a(HardwareSerial0.o)
 .debug_abbrev  0x0000120d      0x12d c:\users\alect\Documents\Atmel Studio\7.0\ArduinoSketch3\ArduinoSketch3\ArduinoCore\Debug\libArduinoCore.a(main.o)
 .debug_abbrev  0x0000133a      0x47a c:\users\alect\Documents\Atmel Studio\7.0\ArduinoSketch3\ArduinoSketch3\ArduinoCore\Debug\libArduinoCore.a(Print.o)
 .debug_abbrev  0x000017b4      0x146 c:\users\alect\Documents\Atmel Studio\7.0\ArduinoSketch3\ArduinoSketch3\ArduinoCore\Debug\libArduinoCore.a(wiring.o)
 .debug_abbrev  0x000018fa      0x16b c:\users\alect\Documents\Atmel Studio\7.0\ArduinoSketch3\ArduinoSketch3\ArduinoCore\Debug\libArduinoCore.a(wiring_analog.o)
 .debug_abbrev  0x00001a65      0x15b c:\users\alect\Documents\Atmel Studio\7.0\ArduinoSketch3\ArduinoSketch3\ArduinoCore\Debug\libArduinoCore.a(wiring_digital.o)
 .debug_abbrev  0x00001bc0      0x4c2 c:\users\alect\Documents\Atmel Studio\7.0\ArduinoSketch3\ArduinoSketch3\ArduinoCore\Debug\libArduinoCore.a(WString.o)
 .debug_abbrev  0x00002082      0x55b c:\users\alect\Documents\Atmel Studio\7.0\ArduinoSketch3\ArduinoSketch3\ArduinoCore\Debug\libArduinoCore.a(Adafruit_GFX.o)
 .debug_abbrev  0x000025dd      0x5a7 c:\users\alect\Documents\Atmel Studio\7.0\ArduinoSketch3\ArduinoSketch3\ArduinoCore\Debug\libArduinoCore.a(Adafruit_ST7735.o)
 .debug_abbrev  0x00002b84      0x283 c:\users\alect\Documents\Atmel Studio\7.0\ArduinoSketch3\ArduinoSketch3\ArduinoCore\Debug\libArduinoCore.a(SPI.o)
 .debug_abbrev  0x00002e07       0x6d c:\users\alect\Documents\Atmel Studio\7.0\ArduinoSketch3\ArduinoSketch3\ArduinoCore\Debug\libArduinoCore.a(abi.o)
 .debug_abbrev  0x00002e74       0x2a c:\users\alect\Documents\Atmel Studio\7.0\ArduinoSketch3\ArduinoSketch3\ArduinoCore\Debug\libArduinoCore.a(hooks.o)

.debug_line     0x00000000     0x5e55
 *(.debug_line .debug_line.* .debug_line_end)
 .debug_line    0x00000000      0x133 C:/Program Files (x86)/Atmel/Studio/7.0/Packs/atmel/ATmega_DFP/1.2.150/gcc/dev/atmega328p/avr5/crtatmega328p.o
 .debug_line    0x00000133      0x683 Sketch.o
 .debug_line    0x000007b6      0x43b c:\users\alect\Documents\Atmel Studio\7.0\ArduinoSketch3\ArduinoSketch3\ArduinoCore\Debug\libArduinoCore.a(HardwareSerial.o)
 .debug_line    0x00000bf1      0x2a1 c:\users\alect\Documents\Atmel Studio\7.0\ArduinoSketch3\ArduinoSketch3\ArduinoCore\Debug\libArduinoCore.a(HardwareSerial0.o)
 .debug_line    0x00000e92      0x17a c:\users\alect\Documents\Atmel Studio\7.0\ArduinoSketch3\ArduinoSketch3\ArduinoCore\Debug\libArduinoCore.a(main.o)
 .debug_line    0x0000100c      0x69a c:\users\alect\Documents\Atmel Studio\7.0\ArduinoSketch3\ArduinoSketch3\ArduinoCore\Debug\libArduinoCore.a(Print.o)
 .debug_line    0x000016a6      0x2ae c:\users\alect\Documents\Atmel Studio\7.0\ArduinoSketch3\ArduinoSketch3\ArduinoCore\Debug\libArduinoCore.a(wiring.o)
 .debug_line    0x00001954      0x224 c:\users\alect\Documents\Atmel Studio\7.0\ArduinoSketch3\ArduinoSketch3\ArduinoCore\Debug\libArduinoCore.a(wiring_analog.o)
 .debug_line    0x00001b78      0x267 c:\users\alect\Documents\Atmel Studio\7.0\ArduinoSketch3\ArduinoSketch3\ArduinoCore\Debug\libArduinoCore.a(wiring_digital.o)
 .debug_line    0x00001ddf     0x1355 c:\users\alect\Documents\Atmel Studio\7.0\ArduinoSketch3\ArduinoSketch3\ArduinoCore\Debug\libArduinoCore.a(WString.o)
 .debug_line    0x00003134     0x1dc4 c:\users\alect\Documents\Atmel Studio\7.0\ArduinoSketch3\ArduinoSketch3\ArduinoCore\Debug\libArduinoCore.a(Adafruit_GFX.o)
 .debug_line    0x00004ef8      0xb7b c:\users\alect\Documents\Atmel Studio\7.0\ArduinoSketch3\ArduinoSketch3\ArduinoCore\Debug\libArduinoCore.a(Adafruit_ST7735.o)
 .debug_line    0x00005a73      0x2f8 c:\users\alect\Documents\Atmel Studio\7.0\ArduinoSketch3\ArduinoSketch3\ArduinoCore\Debug\libArduinoCore.a(SPI.o)
 .debug_line    0x00005d6b       0xa9 c:\users\alect\Documents\Atmel Studio\7.0\ArduinoSketch3\ArduinoSketch3\ArduinoCore\Debug\libArduinoCore.a(abi.o)
 .debug_line    0x00005e14       0x41 c:\users\alect\Documents\Atmel Studio\7.0\ArduinoSketch3\ArduinoSketch3\ArduinoCore\Debug\libArduinoCore.a(hooks.o)

.debug_frame    0x00000000     0x29fc
 *(.debug_frame)
 .debug_frame   0x00000000      0x20c Sketch.o
 .debug_frame   0x0000020c      0x110 c:\users\alect\Documents\Atmel Studio\7.0\ArduinoSketch3\ArduinoSketch3\ArduinoCore\Debug\libArduinoCore.a(HardwareSerial.o)
 .debug_frame   0x0000031c       0xe0 c:\users\alect\Documents\Atmel Studio\7.0\ArduinoSketch3\ArduinoSketch3\ArduinoCore\Debug\libArduinoCore.a(HardwareSerial0.o)
 .debug_frame   0x000003fc       0x54 c:\users\alect\Documents\Atmel Studio\7.0\ArduinoSketch3\ArduinoSketch3\ArduinoCore\Debug\libArduinoCore.a(main.o)
 .debug_frame   0x00000450      0x3ac c:\users\alect\Documents\Atmel Studio\7.0\ArduinoSketch3\ArduinoSketch3\ArduinoCore\Debug\libArduinoCore.a(Print.o)
 .debug_frame   0x000007fc       0xc4 c:\users\alect\Documents\Atmel Studio\7.0\ArduinoSketch3\ArduinoSketch3\ArduinoCore\Debug\libArduinoCore.a(wiring.o)
 .debug_frame   0x000008c0       0x54 c:\users\alect\Documents\Atmel Studio\7.0\ArduinoSketch3\ArduinoSketch3\ArduinoCore\Debug\libArduinoCore.a(wiring_analog.o)
 .debug_frame   0x00000914       0x7c c:\users\alect\Documents\Atmel Studio\7.0\ArduinoSketch3\ArduinoSketch3\ArduinoCore\Debug\libArduinoCore.a(wiring_digital.o)
 .debug_frame   0x00000990      0xa60 c:\users\alect\Documents\Atmel Studio\7.0\ArduinoSketch3\ArduinoSketch3\ArduinoCore\Debug\libArduinoCore.a(WString.o)
 .debug_frame   0x000013f0     0x11e0 c:\users\alect\Documents\Atmel Studio\7.0\ArduinoSketch3\ArduinoSketch3\ArduinoCore\Debug\libArduinoCore.a(Adafruit_GFX.o)
 .debug_frame   0x000025d0      0x378 c:\users\alect\Documents\Atmel Studio\7.0\ArduinoSketch3\ArduinoSketch3\ArduinoCore\Debug\libArduinoCore.a(Adafruit_ST7735.o)
 .debug_frame   0x00002948       0x5c c:\users\alect\Documents\Atmel Studio\7.0\ArduinoSketch3\ArduinoSketch3\ArduinoCore\Debug\libArduinoCore.a(SPI.o)
 .debug_frame   0x000029a4       0x34 c:\users\alect\Documents\Atmel Studio\7.0\ArduinoSketch3\ArduinoSketch3\ArduinoCore\Debug\libArduinoCore.a(abi.o)
 .debug_frame   0x000029d8       0x24 c:\users\alect\Documents\Atmel Studio\7.0\ArduinoSketch3\ArduinoSketch3\ArduinoCore\Debug\libArduinoCore.a(hooks.o)

.debug_str      0x00000000     0x3ef4
 *(.debug_str)
 .debug_str     0x00000000      0x208 C:/Program Files (x86)/Atmel/Studio/7.0/Packs/atmel/ATmega_DFP/1.2.150/gcc/dev/atmega328p/avr5/crtatmega328p.o
 .debug_str     0x00000208     0x1119 Sketch.o
                               0x11e3 (size before relaxing)
 .debug_str     0x00001321      0x7f7 c:\users\alect\Documents\Atmel Studio\7.0\ArduinoSketch3\ArduinoSketch3\ArduinoCore\Debug\libArduinoCore.a(HardwareSerial.o)
                               0x15f1 (size before relaxing)
 .debug_str     0x00001b18       0x86 c:\users\alect\Documents\Atmel Studio\7.0\ArduinoSketch3\ArduinoSketch3\ArduinoCore\Debug\libArduinoCore.a(HardwareSerial0.o)
                               0x140d (size before relaxing)
 .debug_str     0x00001b9e       0x37 c:\users\alect\Documents\Atmel Studio\7.0\ArduinoSketch3\ArduinoSketch3\ArduinoCore\Debug\libArduinoCore.a(main.o)
                                0x2b9 (size before relaxing)
 .debug_str     0x00001bd5      0x372 c:\users\alect\Documents\Atmel Studio\7.0\ArduinoSketch3\ArduinoSketch3\ArduinoCore\Debug\libArduinoCore.a(Print.o)
                               0x1247 (size before relaxing)
 .debug_str     0x00001f47      0x156 c:\users\alect\Documents\Atmel Studio\7.0\ArduinoSketch3\ArduinoSketch3\ArduinoCore\Debug\libArduinoCore.a(wiring.o)
                                0x24f (size before relaxing)
 .debug_str     0x0000209d       0x6c c:\users\alect\Documents\Atmel Studio\7.0\ArduinoSketch3\ArduinoSketch3\ArduinoCore\Debug\libArduinoCore.a(wiring_analog.o)
                                0x253 (size before relaxing)
 .debug_str     0x00002109       0xa4 c:\users\alect\Documents\Atmel Studio\7.0\ArduinoSketch3\ArduinoSketch3\ArduinoCore\Debug\libArduinoCore.a(wiring_digital.o)
                                0x2b4 (size before relaxing)
 .debug_str     0x000021ad      0x408 c:\users\alect\Documents\Atmel Studio\7.0\ArduinoSketch3\ArduinoSketch3\ArduinoCore\Debug\libArduinoCore.a(WString.o)
                               0x119a (size before relaxing)
 .debug_str     0x000025b5     0x100f c:\users\alect\Documents\Atmel Studio\7.0\ArduinoSketch3\ArduinoSketch3\ArduinoCore\Debug\libArduinoCore.a(Adafruit_GFX.o)
                               0x14e0 (size before relaxing)
 .debug_str     0x000035c4      0x845 c:\users\alect\Documents\Atmel Studio\7.0\ArduinoSketch3\ArduinoSketch3\ArduinoCore\Debug\libArduinoCore.a(Adafruit_ST7735.o)
                                0xd0f (size before relaxing)
 .debug_str     0x00003e09       0x9f c:\users\alect\Documents\Atmel Studio\7.0\ArduinoSketch3\ArduinoSketch3\ArduinoCore\Debug\libArduinoCore.a(SPI.o)
                                0x6b2 (size before relaxing)
 .debug_str     0x00003ea8       0x30 c:\users\alect\Documents\Atmel Studio\7.0\ArduinoSketch3\ArduinoSketch3\ArduinoCore\Debug\libArduinoCore.a(abi.o)
                                0x1a3 (size before relaxing)
 .debug_str     0x00003ed8       0x1c c:\users\alect\Documents\Atmel Studio\7.0\ArduinoSketch3\ArduinoSketch3\ArduinoCore\Debug\libArduinoCore.a(hooks.o)
                                0x144 (size before relaxing)

.debug_loc      0x00000000    0x1287f
 *(.debug_loc)
 .debug_loc     0x00000000      0x8e5 Sketch.o
 .debug_loc     0x000008e5      0x482 c:\users\alect\Documents\Atmel Studio\7.0\ArduinoSketch3\ArduinoSketch3\ArduinoCore\Debug\libArduinoCore.a(HardwareSerial.o)
 .debug_loc     0x00000d67      0x1b0 c:\users\alect\Documents\Atmel Studio\7.0\ArduinoSketch3\ArduinoSketch3\ArduinoCore\Debug\libArduinoCore.a(HardwareSerial0.o)
 .debug_loc     0x00000f17     0x1c87 c:\users\alect\Documents\Atmel Studio\7.0\ArduinoSketch3\ArduinoSketch3\ArduinoCore\Debug\libArduinoCore.a(Print.o)
 .debug_loc     0x00002b9e      0x28d c:\users\alect\Documents\Atmel Studio\7.0\ArduinoSketch3\ArduinoSketch3\ArduinoCore\Debug\libArduinoCore.a(wiring.o)
 .debug_loc     0x00002e2b       0xfe c:\users\alect\Documents\Atmel Studio\7.0\ArduinoSketch3\ArduinoSketch3\ArduinoCore\Debug\libArduinoCore.a(wiring_analog.o)
 .debug_loc     0x00002f29      0x5fc c:\users\alect\Documents\Atmel Studio\7.0\ArduinoSketch3\ArduinoSketch3\ArduinoCore\Debug\libArduinoCore.a(wiring_digital.o)
 .debug_loc     0x00003525     0x422d c:\users\alect\Documents\Atmel Studio\7.0\ArduinoSketch3\ArduinoSketch3\ArduinoCore\Debug\libArduinoCore.a(WString.o)
 .debug_loc     0x00007752     0x959d c:\users\alect\Documents\Atmel Studio\7.0\ArduinoSketch3\ArduinoSketch3\ArduinoCore\Debug\libArduinoCore.a(Adafruit_GFX.o)
 .debug_loc     0x00010cef     0x19ac c:\users\alect\Documents\Atmel Studio\7.0\ArduinoSketch3\ArduinoSketch3\ArduinoCore\Debug\libArduinoCore.a(Adafruit_ST7735.o)
 .debug_loc     0x0001269b      0x1e4 c:\users\alect\Documents\Atmel Studio\7.0\ArduinoSketch3\ArduinoSketch3\ArduinoCore\Debug\libArduinoCore.a(SPI.o)

.debug_macinfo
 *(.debug_macinfo)

.debug_weaknames
 *(.debug_weaknames)

.debug_funcnames
 *(.debug_funcnames)

.debug_typenames
 *(.debug_typenames)

.debug_varnames
 *(.debug_varnames)

.debug_pubtypes
 *(.debug_pubtypes)

.debug_ranges   0x00000000      0xb58
 *(.debug_ranges)
 .debug_ranges  0x00000000       0x50 Sketch.o
 .debug_ranges  0x00000050       0x58 c:\users\alect\Documents\Atmel Studio\7.0\ArduinoSketch3\ArduinoSketch3\ArduinoCore\Debug\libArduinoCore.a(HardwareSerial.o)
 .debug_ranges  0x000000a8       0x38 c:\users\alect\Documents\Atmel Studio\7.0\ArduinoSketch3\ArduinoSketch3\ArduinoCore\Debug\libArduinoCore.a(HardwareSerial0.o)
 .debug_ranges  0x000000e0       0x20 c:\users\alect\Documents\Atmel Studio\7.0\ArduinoSketch3\ArduinoSketch3\ArduinoCore\Debug\libArduinoCore.a(main.o)
 .debug_ranges  0x00000100      0x120 c:\users\alect\Documents\Atmel Studio\7.0\ArduinoSketch3\ArduinoSketch3\ArduinoCore\Debug\libArduinoCore.a(Print.o)
 .debug_ranges  0x00000220       0x38 c:\users\alect\Documents\Atmel Studio\7.0\ArduinoSketch3\ArduinoSketch3\ArduinoCore\Debug\libArduinoCore.a(wiring.o)
 .debug_ranges  0x00000258       0x20 c:\users\alect\Documents\Atmel Studio\7.0\ArduinoSketch3\ArduinoSketch3\ArduinoCore\Debug\libArduinoCore.a(wiring_analog.o)
 .debug_ranges  0x00000278       0x28 c:\users\alect\Documents\Atmel Studio\7.0\ArduinoSketch3\ArduinoSketch3\ArduinoCore\Debug\libArduinoCore.a(wiring_digital.o)
 .debug_ranges  0x000002a0      0x2f8 c:\users\alect\Documents\Atmel Studio\7.0\ArduinoSketch3\ArduinoSketch3\ArduinoCore\Debug\libArduinoCore.a(WString.o)
 .debug_ranges  0x00000598      0x450 c:\users\alect\Documents\Atmel Studio\7.0\ArduinoSketch3\ArduinoSketch3\ArduinoCore\Debug\libArduinoCore.a(Adafruit_GFX.o)
 .debug_ranges  0x000009e8      0x128 c:\users\alect\Documents\Atmel Studio\7.0\ArduinoSketch3\ArduinoSketch3\ArduinoCore\Debug\libArduinoCore.a(Adafruit_ST7735.o)
 .debug_ranges  0x00000b10       0x28 c:\users\alect\Documents\Atmel Studio\7.0\ArduinoSketch3\ArduinoSketch3\ArduinoCore\Debug\libArduinoCore.a(SPI.o)
 .debug_ranges  0x00000b38       0x10 c:\users\alect\Documents\Atmel Studio\7.0\ArduinoSketch3\ArduinoSketch3\ArduinoCore\Debug\libArduinoCore.a(abi.o)
 .debug_ranges  0x00000b48       0x10 c:\users\alect\Documents\Atmel Studio\7.0\ArduinoSketch3\ArduinoSketch3\ArduinoCore\Debug\libArduinoCore.a(hooks.o)

.debug_macro
 *(.debug_macro)
OUTPUT(sketch_sep10a.elf elf32-avr)
LOAD linker stubs
