Archive member included to satisfy reference by file (symbol)

c:/program files (x86)/atmel/studio/7.0/toolchain/avr8/avr8-gnu-toolchain/bin/../lib/gcc/avr/5.4.0/../../../../avr/lib/avr5\libm.a(addsf3.o)
                              Sketch.o (__subsf3)
c:/program files (x86)/atmel/studio/7.0/toolchain/avr8/avr8-gnu-toolchain/bin/../lib/gcc/avr/5.4.0/../../../../avr/lib/avr5\libm.a(addsf3x.o)
                              c:/program files (x86)/atmel/studio/7.0/toolchain/avr8/avr8-gnu-toolchain/bin/../lib/gcc/avr/5.4.0/../../../../avr/lib/avr5\libm.a(addsf3.o) (__addsf3x)
c:/program files (x86)/atmel/studio/7.0/toolchain/avr8/avr8-gnu-toolchain/bin/../lib/gcc/avr/5.4.0/../../../../avr/lib/avr5\libm.a(atan.o)
                              Sketch.o (atan)
c:/program files (x86)/atmel/studio/7.0/toolchain/avr8/avr8-gnu-toolchain/bin/../lib/gcc/avr/5.4.0/../../../../avr/lib/avr5\libm.a(cmpsf2.o)
                              Sketch.o (__eqsf2)
c:/program files (x86)/atmel/studio/7.0/toolchain/avr8/avr8-gnu-toolchain/bin/../lib/gcc/avr/5.4.0/../../../../avr/lib/avr5\libm.a(cos.o)
                              Sketch.o (cos)
c:/program files (x86)/atmel/studio/7.0/toolchain/avr8/avr8-gnu-toolchain/bin/../lib/gcc/avr/5.4.0/../../../../avr/lib/avr5\libm.a(divsf3.o)
                              Sketch.o (__divsf3)
c:/program files (x86)/atmel/studio/7.0/toolchain/avr8/avr8-gnu-toolchain/bin/../lib/gcc/avr/5.4.0/../../../../avr/lib/avr5\libm.a(divsf3x.o)
                              c:/program files (x86)/atmel/studio/7.0/toolchain/avr8/avr8-gnu-toolchain/bin/../lib/gcc/avr/5.4.0/../../../../avr/lib/avr5\libm.a(divsf3.o) (__divsf3x)
c:/program files (x86)/atmel/studio/7.0/toolchain/avr8/avr8-gnu-toolchain/bin/../lib/gcc/avr/5.4.0/../../../../avr/lib/avr5\libm.a(fixsfsi.o)
                              Sketch.o (__fixsfsi)
c:/program files (x86)/atmel/studio/7.0/toolchain/avr8/avr8-gnu-toolchain/bin/../lib/gcc/avr/5.4.0/../../../../avr/lib/avr5\libm.a(fixunssfsi.o)
                              c:/program files (x86)/atmel/studio/7.0/toolchain/avr8/avr8-gnu-toolchain/bin/../lib/gcc/avr/5.4.0/../../../../avr/lib/avr5\libm.a(fixsfsi.o) (__fixunssfsi)
c:/program files (x86)/atmel/studio/7.0/toolchain/avr8/avr8-gnu-toolchain/bin/../lib/gcc/avr/5.4.0/../../../../avr/lib/avr5\libm.a(floatsisf.o)
                              Sketch.o (__floatsisf)
c:/program files (x86)/atmel/studio/7.0/toolchain/avr8/avr8-gnu-toolchain/bin/../lib/gcc/avr/5.4.0/../../../../avr/lib/avr5\libm.a(fp_cmp.o)
                              c:/program files (x86)/atmel/studio/7.0/toolchain/avr8/avr8-gnu-toolchain/bin/../lib/gcc/avr/5.4.0/../../../../avr/lib/avr5\libm.a(cmpsf2.o) (__fp_cmp)
c:/program files (x86)/atmel/studio/7.0/toolchain/avr8/avr8-gnu-toolchain/bin/../lib/gcc/avr/5.4.0/../../../../avr/lib/avr5\libm.a(fp_inf.o)
                              c:/program files (x86)/atmel/studio/7.0/toolchain/avr8/avr8-gnu-toolchain/bin/../lib/gcc/avr/5.4.0/../../../../avr/lib/avr5\libm.a(addsf3x.o) (__fp_inf)
c:/program files (x86)/atmel/studio/7.0/toolchain/avr8/avr8-gnu-toolchain/bin/../lib/gcc/avr/5.4.0/../../../../avr/lib/avr5\libm.a(fp_nan.o)
                              c:/program files (x86)/atmel/studio/7.0/toolchain/avr8/avr8-gnu-toolchain/bin/../lib/gcc/avr/5.4.0/../../../../avr/lib/avr5\libm.a(addsf3x.o) (__fp_nan)
c:/program files (x86)/atmel/studio/7.0/toolchain/avr8/avr8-gnu-toolchain/bin/../lib/gcc/avr/5.4.0/../../../../avr/lib/avr5\libm.a(fp_powser.o)
                              c:/program files (x86)/atmel/studio/7.0/toolchain/avr8/avr8-gnu-toolchain/bin/../lib/gcc/avr/5.4.0/../../../../avr/lib/avr5\libm.a(atan.o) (__fp_powser)
c:/program files (x86)/atmel/studio/7.0/toolchain/avr8/avr8-gnu-toolchain/bin/../lib/gcc/avr/5.4.0/../../../../avr/lib/avr5\libm.a(fp_pscA.o)
                              c:/program files (x86)/atmel/studio/7.0/toolchain/avr8/avr8-gnu-toolchain/bin/../lib/gcc/avr/5.4.0/../../../../avr/lib/avr5\libm.a(addsf3x.o) (__fp_pscA)
c:/program files (x86)/atmel/studio/7.0/toolchain/avr8/avr8-gnu-toolchain/bin/../lib/gcc/avr/5.4.0/../../../../avr/lib/avr5\libm.a(fp_pscB.o)
                              c:/program files (x86)/atmel/studio/7.0/toolchain/avr8/avr8-gnu-toolchain/bin/../lib/gcc/avr/5.4.0/../../../../avr/lib/avr5\libm.a(addsf3x.o) (__fp_pscB)
c:/program files (x86)/atmel/studio/7.0/toolchain/avr8/avr8-gnu-toolchain/bin/../lib/gcc/avr/5.4.0/../../../../avr/lib/avr5\libm.a(fp_rempio2.o)
                              c:/program files (x86)/atmel/studio/7.0/toolchain/avr8/avr8-gnu-toolchain/bin/../lib/gcc/avr/5.4.0/../../../../avr/lib/avr5\libm.a(cos.o) (__fp_rempio2)
c:/program files (x86)/atmel/studio/7.0/toolchain/avr8/avr8-gnu-toolchain/bin/../lib/gcc/avr/5.4.0/../../../../avr/lib/avr5\libm.a(fp_round.o)
                              c:/program files (x86)/atmel/studio/7.0/toolchain/avr8/avr8-gnu-toolchain/bin/../lib/gcc/avr/5.4.0/../../../../avr/lib/avr5\libm.a(addsf3.o) (__fp_round)
[...]
Memory Configuration

Name             Origin             Length             Attributes
text             0x00000000         0x00020000         xr
data             0x00800060         0x0000ffa0         rw !x
eeprom           0x00810000         0x00010000         rw !x
fuse             0x00820000         0x00000003         rw !x
lock             0x00830000         0x00000400         rw !x
signature        0x00840000         0x00000400         rw !x
user_signatures  0x00850000         0x00000400         rw !x
*default*        0x00000000         0xffffffff

Linker script and memory map

Address of section .data set to 0x800100
LOAD C:/Program Files (x86)/Atmel/Studio/7.0/Packs/atmel/ATmega_DFP/1.2.150/gcc/dev/atmega328p/avr5/crtatmega328p.o
LOAD Sketch.o
START GROUP
LOAD c:/program files (x86)/atmel/studio/7.0/toolchain/avr8/avr8-gnu-toolchain/bin/../lib/gcc/avr/5.4.0/../../../../avr/lib/avr5\libm.a
LOAD C:\Users\alect\Documents\Atmel Studio\7.0\ArduinoSketch3\ArduinoSketch3\ArduinoCore\Debug\libArduinoCore.a
END GROUP
LOAD c:/program files (x86)/atmel/studio/7.0/toolchain/avr8/avr8-gnu-toolchain/bin/../lib/gcc/avr/5.4.0/avr5\libgcc.a
LOAD c:/program files (x86)/atmel/studio/7.0/toolchain/avr8/avr8-gnu-toolchain/bin/../lib/gcc/avr/5.4.0/../../../../avr/lib/avr5\libm.a
START GROUP
LOAD c:/program files (x86)/atmel/studio/7.0/toolchain/avr8/avr8-gnu-toolchain/bin/../lib/gcc/avr/5.4.0/avr5\libgcc.a
LOAD c:/program files (x86)/atmel/studio/7.0/toolchain/avr8/avr8-gnu-toolchain/bin/../lib/gcc/avr/5.4.0/../../../../avr/lib/avr5\libm.a
LOAD c:/program files (x86)/atmel/studio/7.0/toolchain/avr8/avr8-gnu-toolchain/bin/../lib/gcc/avr/5.4.0/../../../../avr/lib/avr5\libc.a
LOAD C:/Program Files (x86)/Atmel/Studio/7.0/Packs/atmel/ATmega_DFP/1.2.150/gcc/dev/atmega328p/avr5\libatmega328p.a
END GROUP
                0x00020000                __TEXT_REGION_LENGTH__ = DEFINED (__TEXT_REGION_LENGTH__)?__TEXT_REGION_LENGTH__:0x20000
                0x0000ffa0                __DATA_REGION_LENGTH__ = DEFINED (__DATA_REGION_LENGTH__)?__DATA_REGION_LENGTH__:0xffa0
                0x00010000                __EEPROM_REGION_LENGTH__ = DEFINED (__EEPROM_REGION_LENGTH__)?__EEPROM_REGION_LENGTH__:0x10000
                [0x00000003]                __FUSE_REGION_LENGTH__ = DEFINED (__FUSE_REGION_LENGTH__)?__FUSE_REGION_LENGTH__:0x400
                0x00000400                __LOCK_REGION_LENGTH__ = DEFINED (__LOCK_REGION_LENGTH__)?__LOCK_REGION_LENGTH__:0x400
                0x00000400                __SIGNATURE_REGION_LENGTH__ = DEFINED (__SIGNATURE_REGION_LENGTH__)?__SIGNATURE_REGION_LENGTH__:0x400
                0x00000400                __USER_SIGNATURE_REGION_LENGTH__ = DEFINED (__USER_SIGNATURE_REGION_LENGTH__)?__USER_SIGNATURE_REGION_LENGTH__:0x400

.hash
 *(.hash)

.dynsym
 *(.dynsym)

.dynstr
 *(.dynstr)

.gnu.version
 *(.gnu.version)

.gnu.version_d
 *(.gnu.version_d)

.gnu.version_r
 *(.gnu.version_r)

.rel.init
 *(.rel.init)

.rela.init
 *(.rela.init)

.rel.text
 *(.rel.text)
 *(.rel.text.*)
 *(.rel.gnu.linkonce.t*)

.rela.text
 *(.rela.text)
 *(.rela.text.*)
 *(.rela.gnu.linkonce.t*)

.rel.fini
 *(.rel.fini)

.rela.fini
 *(.rela.fini)

.rel.rodata
 *(.rel.rodata)
 *(.rel.rodata.*)
 *(.rel.gnu.linkonce.r*)

.rela.rodata
 *(.rela.rodata)
 *(.rela.rodata.*)
 *(.rela.gnu.linkonce.r*)

.rel.data
 *(.rel.data)
 *(.rel.data.*)
 *(.rel.gnu.linkonce.d*)

.rela.data
 *(.rela.data)
 *(.rela.data.*)
 *(.rela.gnu.linkonce.d*)

.rel.ctors
 *(.rel.ctors)

.rela.ctors
 *(.rela.ctors)

.rel.dtors
 *(.rel.dtors)

.rela.dtors
 *(.rela.dtors)

.rel.got
 *(.rel.got)

.rela.got
 *(.rela.got)

.rel.bss
 *(.rel.bss)

.rela.bss
 *(.rela.bss)

.rel.plt
 *(.rel.plt)

.rela.plt
 *(.rela.plt)

.text           0x00000000     0x3edc
 *(.vectors)
 .vectors       0x00000000       0x68 C:/Program Files (x86)/Atmel/Studio/7.0/Packs/atmel/ATmega_DFP/1.2.150/gcc/dev/atmega328p/avr5/crtatmega328p.o
                0x00000000                __vector_default
                0x00000000                __vectors
 *(.vectors)
 *(.progmem.gcc*)
 .progmem.gcc_fplib
                0x00000068       0x2d c:/program files (x86)/atmel/studio/7.0/toolchain/avr8/avr8-gnu-toolchain/bin/../lib/gcc/avr/5.4.0/../../../../avr/lib/avr5\libm.a(atan.o)
 .progmem.gcc_fplib
                0x00000095       0x1e c:/program files (x86)/atmel/studio/7.0/toolchain/avr8/avr8-gnu-toolchain/bin/../lib/gcc/avr/5.4.0/../../../../avr/lib/avr5\libm.a(fp_sinus.o)
                0x000000b4                . = ALIGN (0x2)
 *fill*         0x000000b3        0x1 
                0x000000b4                __trampolines_start = .
 *(.trampolines)
 .trampolines   0x000000b4        0x0 linker stubs
 *(.trampolines*)
                0x000000b4                __trampolines_end = .
 *libprintf_flt.a:*(.progmem.data)
 *libc.a:*(.progmem.data)
 *(.progmem*)
 .progmem.data.digital_pin_to_timer_PGM
                0x000000b4       0x14 C:\Users\alect\Documents\Atmel Studio\7.0\ArduinoSketch3\ArduinoSketch3\ArduinoCore\Debug\libArduinoCore.a(wiring_digital.o)
                0x000000b4                digital_pin_to_timer_PGM
 .progmem.data.digital_pin_to_bit_mask_PGM
                0x000000c8       0x14 C:\Users\alect\Documents\Atmel Studio\7.0\ArduinoSketch3\ArduinoSketch3\ArduinoCore\Debug\libArduinoCore.a(wiring_digital.o)
                0x000000c8                digital_pin_to_bit_mask_PGM
 .progmem.data.digital_pin_to_port_PGM
                0x000000dc       0x14 C:\Users\alect\Documents\Atmel Studio\7.0\ArduinoSketch3\ArduinoSketch3\ArduinoCore\Debug\libArduinoCore.a(wiring_digital.o)
                0x000000dc                digital_pin_to_port_PGM
 .progmem.data.port_to_output_PGM
                0x000000f0        0xa C:\Users\alect\Documents\Atmel Studio\7.0\ArduinoSketch3\ArduinoSketch3\ArduinoCore\Debug\libArduinoCore.a(wiring_digital.o)
                0x000000f0                port_to_output_PGM
 .progmem.data.port_to_mode_PGM
                0x000000fa        0xa C:\Users\alect\Documents\Atmel Studio\7.0\ArduinoSketch3\ArduinoSketch3\ArduinoCore\Debug\libArduinoCore.a(wiring_digital.o)
                0x000000fa                port_to_mode_PGM
 .progmem.data._ZL4font
                0x00000104      0x500 C:\Users\alect\Documents\Atmel Studio\7.0\ArduinoSketch3\ArduinoSketch3\ArduinoCore\Debug\libArduinoCore.a(Adafruit_GFX.o)
 .progmem.data._ZL5Rcmd3
                0x00000604       0x2b C:\Users\alect\Documents\Atmel Studio\7.0\ArduinoSketch3\ArduinoSketch3\ArduinoCore\Debug\libArduinoCore.a(Adafruit_ST7735.o)
 .progmem.data._ZL16Rcmd2green160x80
                0x0000062f        0xd C:\Users\alect\Documents\Atmel Studio\7.0\ArduinoSketch3\ArduinoSketch3\ArduinoCore\Debug\libArduinoCore.a(Adafruit_ST7735.o)
 .progmem.data._ZL13Rcmd2green144
                0x0000063c        0xd C:\Users\alect\Documents\Atmel Studio\7.0\ArduinoSketch3\ArduinoSketch3\ArduinoCore\Debug\libArduinoCore.a(Adafruit_ST7735.o)
 .progmem.data._ZL8Rcmd2red
                0x00000649        0xd C:\Users\alect\Documents\Atmel Studio\7.0\ArduinoSketch3\ArduinoSketch3\ArduinoCore\Debug\libArduinoCore.a(Adafruit_ST7735.o)
 .progmem.data._ZL10Rcmd2green
                0x00000656        0xd C:\Users\alect\Documents\Atmel Studio\7.0\ArduinoSketch3\ArduinoSketch3\ArduinoCore\Debug\libArduinoCore.a(Adafruit_ST7735.o)
 .progmem.data._ZL5Rcmd1
                0x00000663       0x3b C:\Users\alect\Documents\Atmel Studio\7.0\ArduinoSketch3\ArduinoSketch3\ArduinoCore\Debug\libArduinoCore.a(Adafruit_ST7735.o)
                0x0000069e                . = ALIGN (0x2)
 *(.jumptables)
 *(.jumptables*)
 *(.lowtext)
 *(.lowtext*)
                0x0000069e                __ctors_start = .
 *(.ctors)
 .ctors         0x0000069e        0x2 Sketch.o
 .ctors         0x000006a0        0x2 C:\Users\alect\Documents\Atmel Studio\7.0\ArduinoSketch3\ArduinoSketch3\ArduinoCore\Debug\libArduinoCore.a(HardwareSerial0.o)
 .ctors         0x000006a2        0x2 C:\Users\alect\Documents\Atmel Studio\7.0\ArduinoSketch3\ArduinoSketch3\ArduinoCore\Debug\libArduinoCore.a(Adafruit_ST7735.o)
                0x000006a4                __ctors_end = .
                0x000006a4                __dtors_start = .
 *(.dtors)
                0x000006a4                __dtors_end = .
 SORT(*)(.ctors)
 SORT(*)(.dtors)
 *(.init0)
 .init0         0x000006a4        0x0 C:/Program Files (x86)/Atmel/Studio/7.0/Packs/atmel/ATmega_DFP/1.2.150/gcc/dev/atmega328p/avr5/crtatmega328p.o
                0x000006a4                __init
 *(.init0)
 *(.init1)
 *(.init1)
 *(.init2)
 .init2         0x000006a4        0xc C:/Program Files (x86)/Atmel/Studio/7.0/Packs/atmel/ATmega_DFP/1.2.150/gcc/dev/atmega328p/avr5/crtatmega328p.o
 *(.init2)
 *(.init3)
 *(.init3)
 *(.init4)
 .init4         0x000006b0       0x16 c:/program files (x86)/atmel/studio/7.0/toolchain/avr8/avr8-gnu-toolchain/bin/../lib/gcc/avr/5.4.0/avr5\libgcc.a(_copy_data.o)
                0x000006b0                __do_copy_data
 .init4         0x000006c6       0x10 c:/program files (x86)/atmel/studio/7.0/toolchain/avr8/avr8-gnu-toolchain/bin/../lib/gcc/avr/5.4.0/avr5\libgcc.a(_clear_bss.o)
                0x000006c6                __do_clear_bss
 *(.init4)
 *(.init5)
 *(.init5)
 *(.init6)
 .init6         0x000006d6       0x16 c:/program files (x86)/atmel/studio/7.0/toolchain/avr8/avr8-gnu-toolchain/bin/../lib/gcc/avr/5.4.0/avr5\libgcc.a(_ctors.o)
                0x000006d6                __do_global_ctors
 *(.init6)
 *(.init7)
 *(.init7)
 *(.init8)
 *(.init8)
 *(.init9)
 .init9         0x000006ec        0x8 C:/Program Files (x86)/Atmel/Studio/7.0/Packs/atmel/ATmega_DFP/1.2.150/gcc/dev/atmega328p/avr5/crtatmega328p.o
 *(.init9)
 *(.text)
 .text          0x000006f4        0x4 C:/Program Files (x86)/Atmel/Studio/7.0/Packs/atmel/ATmega_DFP/1.2.150/gcc/dev/atmega328p/avr5/crtatmega328p.o
                0x000006f4                __vector_22
                0x000006f4                __vector_1
                0x000006f4                __vector_24
                0x000006f4                __vector_12
                0x000006f4                __bad_interrupt
                0x000006f4                __vector_6
                0x000006f4                __vector_3
                0x000006f4                __vector_23
                0x000006f4                __vector_25
                0x000006f4                __vector_11
                0x000006f4                __vector_13
                0x000006f4                __vector_17
                0x000006f4                __vector_7
                0x000006f4                __vector_5
                0x000006f4                __vector_4
                0x000006f4                __vector_9
                0x000006f4                __vector_2
                0x000006f4                __vector_21
                0x000006f4                __vector_15
                0x000006f4                __vector_8
                0x000006f4                __vector_14
                0x000006f4                __vector_10
                0x000006f4                __vector_20
                0x000006f8                . = ALIGN (0x2)
 *(.text.*)
 .text._Z4set2v
                0x000006f8      0x24e Sketch.o
                0x000006f8                _Z4set2v
 .text._Z3setv  0x00000946      0x250 Sketch.o
                0x00000946                _Z3setv
 .text._Z11interpolatePA2_ff
                0x00000b96      0x172 Sketch.o
                0x00000b96                _Z11interpolatePA2_ff
 .text._Z12getTotalWindff
                0x00000d08       0x4c Sketch.o
                0x00000d08                _Z12getTotalWindff
 .text.startup._GLOBAL__sub_I_flows94
                0x00000d54        0xe Sketch.o
 .text._Z8plotLineiifi
                0x00000d62      0x140 Sketch.o
                0x00000d62                _Z8plotLineiifi
 .text.setup    0x00000ea2       0xaa Sketch.o
                0x00000ea2                setup
 .text.loop     0x00000f4c      0x2e0 Sketch.o
                0x00000f4c                loop
 .text.avr-libc.fplib
                0x0000122c        0xe c:/program files (x86)/atmel/studio/7.0/toolchain/avr8/avr8-gnu-toolchain/bin/../lib/gcc/avr/5.4.0/../../../../avr/lib/avr5\libm.a(addsf3.o)
                0x0000122c                __subsf3
                0x0000122e                __addsf3
 .text.avr-libc.fplib
                0x0000123a       0xcc c:/program files (x86)/atmel/studio/7.0/toolchain/avr8/avr8-gnu-toolchain/bin/../lib/gcc/avr/5.4.0/../../../../avr/lib/avr5\libm.a(addsf3x.o)
                0x0000125c                __addsf3x
 .text.avr-libc.fplib
                0x00001306       0x5e c:/program files (x86)/atmel/studio/7.0/toolchain/avr8/avr8-gnu-toolchain/bin/../lib/gcc/avr/5.4.0/../../../../avr/lib/avr5\libm.a(atan.o)
                0x00001306                atan
 .text.avr-libc.fplib
                0x00001364        0xa c:/program files (x86)/atmel/studio/7.0/toolchain/avr8/avr8-gnu-toolchain/bin/../lib/gcc/avr/5.4.0/../../../../avr/lib/avr5\libm.a(cmpsf2.o)
                0x00001364                __nesf2
                0x00001364                __eqsf2
                0x00001364                __cmpsf2
                0x00001364                __ltsf2
                0x00001364                __lesf2
 .text.avr-libc.fplib
                0x0000136e        0xa c:/program files (x86)/atmel/studio/7.0/toolchain/avr8/avr8-gnu-toolchain/bin/../lib/gcc/avr/5.4.0/../../../../avr/lib/avr5\libm.a(cos.o)
                0x0000136e                cos
 .text.avr-libc.fplib
                0x00001378        0x8 c:/program files (x86)/atmel/studio/7.0/toolchain/avr8/avr8-gnu-toolchain/bin/../lib/gcc/avr/5.4.0/../../../../avr/lib/avr5\libm.a(divsf3.o)
                0x00001378                __divsf3
 .text.avr-libc.fplib
                0x00001380       0xdc c:/program files (x86)/atmel/studio/7.0/toolchain/avr8/avr8-gnu-toolchain/bin/../lib/gcc/avr/5.4.0/../../../../avr/lib/avr5\libm.a(divsf3x.o)
                0x000013a0                __divsf3x
                0x000013a6                __divsf3_pse
 .text.avr-libc.fplib
                0x0000145c        0xe c:/program files (x86)/atmel/studio/7.0/toolchain/avr8/avr8-gnu-toolchain/bin/../lib/gcc/avr/5.4.0/../../../../avr/lib/avr5\libm.a(fixsfsi.o)
                0x0000145c                __fixsfsi
 .text.avr-libc.fplib
                0x0000146a       0x5e c:/program files (x86)/atmel/studio/7.0/toolchain/avr8/avr8-gnu-toolchain/bin/../lib/gcc/avr/5.4.0/../../../../avr/lib/avr5\libm.a(fixunssfsi.o)
                0x0000146a                __fixunssfsi
 .text.avr-libc.fplib
                0x000014c8       0x7a c:/program files (x86)/atmel/studio/7.0/toolchain/avr8/avr8-gnu-toolchain/bin/../lib/gcc/avr/5.4.0/../../../../avr/lib/avr5\libm.a(floatsisf.o)
                0x000014c8                __floatunsisf
                0x000014cc                __floatsisf
 .text.avr-libc.fplib
                0x00001542       0x48 c:/program files (x86)/atmel/studio/7.0/toolchain/avr8/avr8-gnu-toolchain/bin/../lib/gcc/avr/5.4.0/../../../../avr/lib/avr5\libm.a(fp_cmp.o)
                0x00001542                __fp_cmp
 .text.avr-libc.fplib
                0x0000158a        0xc c:/program files (x86)/atmel/studio/7.0/toolchain/avr8/avr8-gnu-toolchain/bin/../lib/gcc/avr/5.4.0/../../../../avr/lib/avr5\libm.a(fp_inf.o)
                0x0000158a                __fp_inf
 .text.avr-libc.fplib
                0x00001596        0x6 c:/program files (x86)/atmel/studio/7.0/toolchain/avr8/avr8-gnu-toolchain/bin/../lib/gcc/avr/5.4.0/../../../../avr/lib/avr5\libm.a(fp_nan.o)
                0x00001596                __fp_nan
 .text.avr-libc.fplib
                0x0000159c       0x4e c:/program files (x86)/atmel/studio/7.0/toolchain/avr8/avr8-gnu-toolchain/bin/../lib/gcc/avr/5.4.0/../../../../avr/lib/avr5\libm.a(fp_powser.o)
                0x0000159c                __fp_powser
 .text.avr-libc.fplib
                0x000015ea        0xe c:/program files (x86)/atmel/studio/7.0/toolchain/avr8/avr8-gnu-toolchain/bin/../lib/gcc/avr/5.4.0/../../../../avr/lib/avr5\libm.a(fp_pscA.o)
                0x000015ea                __fp_pscA
 .text.avr-libc.fplib
                0x000015f8        0xe c:/program files (x86)/atmel/studio/7.0/toolchain/avr8/avr8-gnu-toolchain/bin/../lib/gcc/avr/5.4.0/../../../../avr/lib/avr5\libm.a(fp_pscB.o)
                0x000015f8                __fp_pscB
 .text.avr-libc.fplib
                0x00001606       0x56 c:/program files (x86)/atmel/studio/7.0/toolchain/avr8/avr8-gnu-toolchain/bin/../lib/gcc/avr/5.4.0/../../../../avr/lib/avr5\libm.a(fp_rempio2.o)
                0x0000160a                __fp_rempio2
 .text.avr-libc.fplib
                0x0000165c       0x22 c:/program files (x86)/atmel/studio/7.0/toolchain/avr8/avr8-gnu-toolchain/bin/../lib/gcc/avr/5.4.0/../../../../avr/lib/avr5\libm.a(fp_round.o)
                0x0000165c                __fp_round
 .text.avr-libc.fplib
                0x0000167e       0x28 c:/program files (x86)/atmel/studio/7.0/toolchain/avr8/avr8-gnu-toolchain/bin/../lib/gcc/avr/5.4.0/../../../../avr/lib/avr5\libm.a(fp_sinus.o)
                0x0000167e                __fp_sinus
 .text.avr-libc.fplib
                0x000016a6       0x44 c:/program files (x86)/atmel/studio/7.0/toolchain/avr8/avr8-gnu-toolchain/bin/../lib/gcc/avr/5.4.0/../../../../avr/lib/avr5\libm.a(fp_split3.o)
                0x000016a6                __fp_split3
                0x000016b6                __fp_splitA
 .text.avr-libc.fplib
                0x000016ea        0xe c:/program files (x86)/atmel/studio/7.0/toolchain/avr8/avr8-gnu-toolchain/bin/../lib/gcc/avr/5.4.0/../../../../avr/lib/avr5\libm.a(fp_zero.o)
                0x000016ea                __fp_zero
                0x000016ec                __fp_szero
 .text.avr-libc.fplib
                0x000016f8        0xa c:/program files (x86)/atmel/studio/7.0/toolchain/avr8/avr8-gnu-toolchain/bin/../lib/gcc/avr/5.4.0/../../../../avr/lib/avr5\libm.a(gesf2.o)
                0x000016f8                __gesf2
                0x000016f8                __gtsf2
 .text.avr-libc.fplib
                0x00001702       0x10 c:/program files (x86)/atmel/studio/7.0/toolchain/avr8/avr8-gnu-toolchain/bin/../lib/gcc/avr/5.4.0/../../../../avr/lib/avr5\libm.a(inverse.o)
                0x00001702                inverse
 .text.avr-libc.fplib
                0x00001712        0x8 c:/program files (x86)/atmel/studio/7.0/toolchain/avr8/avr8-gnu-toolchain/bin/../lib/gcc/avr/5.4.0/../../../../avr/lib/avr5\libm.a(mulsf3.o)
                0x00001712                __mulsf3
 .text.avr-libc.fplib
                0x0000171a       0xd2 c:/program files (x86)/atmel/studio/7.0/toolchain/avr8/avr8-gnu-toolchain/bin/../lib/gcc/avr/5.4.0/../../../../avr/lib/avr5\libm.a(mulsf3x.o)
                0x00001738                __mulsf3x
                0x0000173e                __mulsf3_pse
 .text.avr-libc.fplib
                0x000017ec       0x10 c:/program files (x86)/atmel/studio/7.0/toolchain/avr8/avr8-gnu-toolchain/bin/../lib/gcc/avr/5.4.0/../../../../avr/lib/avr5\libm.a(sin.o)
                0x000017ec                sin
 .text.avr-libc.fplib
                0x000017fc       0x8c c:/program files (x86)/atmel/studio/7.0/toolchain/avr8/avr8-gnu-toolchain/bin/../lib/gcc/avr/5.4.0/../../../../avr/lib/avr5\libm.a(sqrt.o)
                0x00001808                sqrtf
                0x00001808                sqrt
 .text.avr-libc.fplib
                0x00001888        0x8 c:/program files (x86)/atmel/studio/7.0/toolchain/avr8/avr8-gnu-toolchain/bin/../lib/gcc/avr/5.4.0/../../../../avr/lib/avr5\libm.a(square.o)
                0x00001888                square
 .text.avr-libc.fplib
                0x00001890       0x1c c:/program files (x86)/atmel/studio/7.0/toolchain/avr8/avr8-gnu-toolchain/bin/../lib/gcc/avr/5.4.0/../../../../avr/lib/avr5\libm.a(fp_mpack.o)
                0x00001890                __fp_mpack
                0x00001894                __fp_mpack_finite
 .text.avr-libc.fplib
                0x000018ac        0xe c:/program files (x86)/atmel/studio/7.0/toolchain/avr8/avr8-gnu-toolchain/bin/../lib/gcc/avr/5.4.0/../../../../avr/lib/avr5\libm.a(fp_norm2.o)
                0x000018ac                __fp_norm2
 .text.avr-libc.fplib
                0x000018ba       0x28 c:/program files (x86)/atmel/studio/7.0/toolchain/avr8/avr8-gnu-toolchain/bin/../lib/gcc/avr/5.4.0/../../../../avr/lib/avr5\libm.a(fp_powsodd.o)
                0x000018ba                __fp_powsodd
 .text._ZN14HardwareSerial9availableEv
                0x000018e2       0x18 C:\Users\alect\Documents\Atmel Studio\7.0\ArduinoSketch3\ArduinoSketch3\ArduinoCore\Debug\libArduinoCore.a(HardwareSerial.o)
                0x000018e2                _ZN14HardwareSerial9availableEv
 .text._ZN14HardwareSerial4peekEv
                0x000018fa       0x1c C:\Users\alect\Documents\Atmel Studio\7.0\ArduinoSketch3\ArduinoSketch3\ArduinoCore\Debug\libArduinoCore.a(HardwareSerial.o)
                0x000018fa                _ZN14HardwareSerial4peekEv
 .text._ZN14HardwareSerial4readEv
                0x00001916       0x28 C:\Users\alect\Documents\Atmel Studio\7.0\ArduinoSketch3\ArduinoSketch3\ArduinoCore\Debug\libArduinoCore.a(HardwareSerial.o)
                0x00001916                _ZN14HardwareSerial4readEv
 .text._ZN14HardwareSerial17availableForWriteEv
                0x0000193e       0x1e C:\Users\alect\Documents\Atmel Studio\7.0\ArduinoSketch3\ArduinoSketch3\ArduinoCore\Debug\libArduinoCore.a(HardwareSerial.o)
                0x0000193e                _ZN14HardwareSerial17availableForWriteEv
 .text._Z14serialEventRunv
                0x0000195c       0x1c C:\Users\alect\Documents\Atmel Studio\7.0\ArduinoSketch3\ArduinoSketch3\ArduinoCore\Debug\libArduinoCore.a(HardwareSerial.o)
                0x0000195c                _Z14serialEventRunv
 .text._ZN14HardwareSerial17_tx_udr_empty_irqEv
                0x00001978       0x42 C:\Users\alect\Documents\Atmel Studio\7.0\ArduinoSketch3\ArduinoSketch3\ArduinoCore\Debug\libArduinoCore.a(HardwareSerial.o)
                0x00001978                _ZN14HardwareSerial17_tx_udr_empty_irqEv
 .text._ZN14HardwareSerial5writeEh
                0x000019ba       0x8e C:\Users\alect\Documents\Atmel Studio\7.0\ArduinoSketch3\ArduinoSketch3\ArduinoCore\Debug\libArduinoCore.a(HardwareSerial.o)
                0x000019ba                _ZN14HardwareSerial5writeEh
 .text._ZN14HardwareSerial5flushEv
                0x00001a48       0x44 C:\Users\alect\Documents\Atmel Studio\7.0\ArduinoSketch3\ArduinoSketch3\ArduinoCore\Debug\libArduinoCore.a(HardwareSerial.o)
                0x00001a48                _ZN14HardwareSerial5flushEv
 .text._ZN14HardwareSerial5beginEmh
                0x00001a8c       0xca C:\Users\alect\Documents\Atmel Studio\7.0\ArduinoSketch3\ArduinoSketch3\ArduinoCore\Debug\libArduinoCore.a(HardwareSerial.o)
                0x00001a8c                _ZN14HardwareSerial5beginEmh
 .text._ZN5Print17availableForWriteEv
                0x00001b56        0x6 C:\Users\alect\Documents\Atmel Studio\7.0\ArduinoSketch3\ArduinoSketch3\ArduinoCore\Debug\libArduinoCore.a(HardwareSerial0.o)
                0x00001b56                _ZN5Print17availableForWriteEv
 .text._ZN5Print5flushEv
                0x00001b5c        0x2 C:\Users\alect\Documents\Atmel Studio\7.0\ArduinoSketch3\ArduinoSketch3\ArduinoCore\Debug\libArduinoCore.a(HardwareSerial0.o)
                0x00001b5c                _ZN5Print5flushEv
 .text.__vector_18
                0x00001b5e       0x64 C:\Users\alect\Documents\Atmel Studio\7.0\ArduinoSketch3\ArduinoSketch3\ArduinoCore\Debug\libArduinoCore.a(HardwareSerial0.o)
                0x00001b5e                __vector_18
 .text.__vector_19
                0x00001bc2       0x4c C:\Users\alect\Documents\Atmel Studio\7.0\ArduinoSketch3\ArduinoSketch3\ArduinoCore\Debug\libArduinoCore.a(HardwareSerial0.o)
                0x00001bc2                __vector_19
 .text._Z17Serial0_availablev
                0x00001c0e       0x14 C:\Users\alect\Documents\Atmel Studio\7.0\ArduinoSketch3\ArduinoSketch3\ArduinoCore\Debug\libArduinoCore.a(HardwareSerial0.o)
                0x00001c0e                _Z17Serial0_availablev
 .text.startup._GLOBAL__sub_I___vector_18
                0x00001c22       0x5a C:\Users\alect\Documents\Atmel Studio\7.0\ArduinoSketch3\ArduinoSketch3\ArduinoCore\Debug\libArduinoCore.a(HardwareSerial0.o)
 .text.initVariant
                0x00001c7c        0x2 C:\Users\alect\Documents\Atmel Studio\7.0\ArduinoSketch3\ArduinoSketch3\ArduinoCore\Debug\libArduinoCore.a(main.o)
                0x00001c7c                initVariant
 .text.startup.main
                0x00001c7e       0x1e C:\Users\alect\Documents\Atmel Studio\7.0\ArduinoSketch3\ArduinoSketch3\ArduinoCore\Debug\libArduinoCore.a(main.o)
                0x00001c7e                main
 .text._ZN5Print5writeEPKhj
                0x00001c9c       0x54 C:\Users\alect\Documents\Atmel Studio\7.0\ArduinoSketch3\ArduinoSketch3\ArduinoCore\Debug\libArduinoCore.a(Print.o)
                0x00001c9c                _ZN5Print5writeEPKhj
 .text._ZN5Print5writeEPKc
                0x00001cf0       0x2a C:\Users\alect\Documents\Atmel Studio\7.0\ArduinoSketch3\ArduinoSketch3\ArduinoCore\Debug\libArduinoCore.a(Print.o)
                0x00001cf0                _ZN5Print5writeEPKc
 .text._ZN5Print5printERK6String
                0x00001d1a       0x1c C:\Users\alect\Documents\Atmel Studio\7.0\ArduinoSketch3\ArduinoSketch3\ArduinoCore\Debug\libArduinoCore.a(Print.o)
                0x00001d1a                _ZN5Print5printERK6String
 .text._ZN5Print5printEc
                0x00001d36        0xe C:\Users\alect\Documents\Atmel Studio\7.0\ArduinoSketch3\ArduinoSketch3\ArduinoCore\Debug\libArduinoCore.a(Print.o)
                0x00001d36                _ZN5Print5printEc
 .text._ZN5Print7printlnEv
                0x00001d44        0x8 C:\Users\alect\Documents\Atmel Studio\7.0\ArduinoSketch3\ArduinoSketch3\ArduinoCore\Debug\libArduinoCore.a(Print.o)
                0x00001d44                _ZN5Print7printlnEv
 .text._ZN5Print7printlnEPKc
                0x00001d4c       0x24 C:\Users\alect\Documents\Atmel Studio\7.0\ArduinoSketch3\ArduinoSketch3\ArduinoCore\Debug\libArduinoCore.a(Print.o)
                0x00001d4c                _ZN5Print7printlnEPKc
 .text._ZN5Print11printNumberEmh
                0x00001d70       0x92 C:\Users\alect\Documents\Atmel Studio\7.0\ArduinoSketch3\ArduinoSketch3\ArduinoCore\Debug\libArduinoCore.a(Print.o)
                0x00001d70                _ZN5Print11printNumberEmh
 .text._ZN5Print5printEmi
                0x00001e02       0x1a C:\Users\alect\Documents\Atmel Studio\7.0\ArduinoSketch3\ArduinoSketch3\ArduinoCore\Debug\libArduinoCore.a(Print.o)
                0x00001e02                _ZN5Print5printEmi
 .text._ZN5Print5printEji
                0x00001e1c        0xc C:\Users\alect\Documents\Atmel Studio\7.0\ArduinoSketch3\ArduinoSketch3\ArduinoCore\Debug\libArduinoCore.a(Print.o)
                0x00001e1c                _ZN5Print5printEji
 .text._ZN5Print10printFloatEdh
                0x00001e28      0x1b6 C:\Users\alect\Documents\Atmel Studio\7.0\ArduinoSketch3\ArduinoSketch3\ArduinoCore\Debug\libArduinoCore.a(Print.o)
                0x00001e28                _ZN5Print10printFloatEdh
 .text._ZN5Print5printEdi
                0x00001fde        0x4 C:\Users\alect\Documents\Atmel Studio\7.0\ArduinoSketch3\ArduinoSketch3\ArduinoCore\Debug\libArduinoCore.a(Print.o)
                0x00001fde                _ZN5Print5printEdi
 .text._ZN5Print7printlnEdi
                0x00001fe2       0x24 C:\Users\alect\Documents\Atmel Studio\7.0\ArduinoSketch3\ArduinoSketch3\ArduinoCore\Debug\libArduinoCore.a(Print.o)
                0x00001fe2                _ZN5Print7printlnEdi
 .text.__vector_16
                0x00002006       0x94 C:\Users\alect\Documents\Atmel Studio\7.0\ArduinoSketch3\ArduinoSketch3\ArduinoCore\Debug\libArduinoCore.a(wiring.o)
                0x00002006                __vector_16
 .text.micros   0x0000209a       0x4a C:\Users\alect\Documents\Atmel Studio\7.0\ArduinoSketch3\ArduinoSketch3\ArduinoCore\Debug\libArduinoCore.a(wiring.o)
                0x0000209a                micros
 .text.delay    0x000020e4       0x78 C:\Users\alect\Documents\Atmel Studio\7.0\ArduinoSketch3\ArduinoSketch3\ArduinoCore\Debug\libArduinoCore.a(wiring.o)
                0x000020e4                delay
 .text.init     0x0000215c       0x76 C:\Users\alect\Documents\Atmel Studio\7.0\ArduinoSketch3\ArduinoSketch3\ArduinoCore\Debug\libArduinoCore.a(wiring.o)
                0x0000215c                init
 .text.turnOffPWM
                0x000021d2       0x52 C:\Users\alect\Documents\Atmel Studio\7.0\ArduinoSketch3\ArduinoSketch3\ArduinoCore\Debug\libArduinoCore.a(wiring_digital.o)
 .text.pinMode  0x00002224       0x78 C:\Users\alect\Documents\Atmel Studio\7.0\ArduinoSketch3\ArduinoSketch3\ArduinoCore\Debug\libArduinoCore.a(wiring_digital.o)
                0x00002224                pinMode
 .text.digitalWrite
                0x0000229c       0x5e C:\Users\alect\Documents\Atmel Studio\7.0\ArduinoSketch3\ArduinoSketch3\ArduinoCore\Debug\libArduinoCore.a(wiring_digital.o)
                0x0000229c                digitalWrite
 .text._ZN6StringD2Ev
                0x000022fa        0xa C:\Users\alect\Documents\Atmel Studio\7.0\ArduinoSketch3\ArduinoSketch3\ArduinoCore\Debug\libArduinoCore.a(WString.o)
                0x000022fa                _ZN6StringD2Ev
                0x000022fa                _ZN6StringD1Ev
 .text._ZN6String10invalidateEv
                0x00002304       0x24 C:\Users\alect\Documents\Atmel Studio\7.0\ArduinoSketch3\ArduinoSketch3\ArduinoCore\Debug\libArduinoCore.a(WString.o)
                0x00002304                _ZN6String10invalidateEv
 .text._ZN6String12changeBufferEj
                0x00002328       0x34 C:\Users\alect\Documents\Atmel Studio\7.0\ArduinoSketch3\ArduinoSketch3\ArduinoCore\Debug\libArduinoCore.a(WString.o)
                0x00002328                _ZN6String12changeBufferEj
 .text._ZN6String7reserveEj
                0x0000235c       0x38 C:\Users\alect\Documents\Atmel Studio\7.0\ArduinoSketch3\ArduinoSketch3\ArduinoCore\Debug\libArduinoCore.a(WString.o)
                0x0000235c                _ZN6String7reserveEj
 .text._ZN6String4copyEPKcj
                0x00002394       0x42 C:\Users\alect\Documents\Atmel Studio\7.0\ArduinoSketch3\ArduinoSketch3\ArduinoCore\Debug\libArduinoCore.a(WString.o)
                0x00002394                _ZN6String4copyEPKcj
 .text._ZN6StringaSEPKc
                0x000023d6       0x2e C:\Users\alect\Documents\Atmel Studio\7.0\ArduinoSketch3\ArduinoSketch3\ArduinoCore\Debug\libArduinoCore.a(WString.o)
                0x000023d6                _ZN6StringaSEPKc
 .text._ZN6StringC2Eih
                0x00002404       0x58 C:\Users\alect\Documents\Atmel Studio\7.0\ArduinoSketch3\ArduinoSketch3\ArduinoCore\Debug\libArduinoCore.a(WString.o)
                0x00002404                _ZN6StringC2Eih
                0x00002404                _ZN6StringC1Eih
 .text._ZN12Adafruit_GFX9writeLineEiiiij
                0x0000245c      0x164 C:\Users\alect\Documents\Atmel Studio\7.0\ArduinoSketch3\ArduinoSketch3\ArduinoCore\Debug\libArduinoCore.a(Adafruit_GFX.o)
                0x0000245c                _ZN12Adafruit_GFX9writeLineEiiiij
 .text._ZN12Adafruit_GFX10writePixelEiij
                0x000025c0        0xe C:\Users\alect\Documents\Atmel Studio\7.0\ArduinoSketch3\ArduinoSketch3\ArduinoCore\Debug\libArduinoCore.a(Adafruit_GFX.o)
                0x000025c0                _ZN12Adafruit_GFX10writePixelEiij
 .text._ZN12Adafruit_GFX14writeFastVLineEiiij
                0x000025ce       0x18 C:\Users\alect\Documents\Atmel Studio\7.0\ArduinoSketch3\ArduinoSketch3\ArduinoCore\Debug\libArduinoCore.a(Adafruit_GFX.o)
                0x000025ce                _ZN12Adafruit_GFX14writeFastVLineEiiij
 .text._ZN12Adafruit_GFX14writeFastHLineEiiij
                0x000025e6       0x18 C:\Users\alect\Documents\Atmel Studio\7.0\ArduinoSketch3\ArduinoSketch3\ArduinoCore\Debug\libArduinoCore.a(Adafruit_GFX.o)
                0x000025e6                _ZN12Adafruit_GFX14writeFastHLineEiiij
 .text._ZN12Adafruit_GFX13writeFillRectEiiiij
                0x000025fe       0x20 C:\Users\alect\Documents\Atmel Studio\7.0\ArduinoSketch3\ArduinoSketch3\ArduinoCore\Debug\libArduinoCore.a(Adafruit_GFX.o)
                0x000025fe                _ZN12Adafruit_GFX13writeFillRectEiiiij
 .text._ZN12Adafruit_GFX8endWriteEv
                0x0000261e        0x2 C:\Users\alect\Documents\Atmel Studio\7.0\ArduinoSketch3\ArduinoSketch3\ArduinoCore\Debug\libArduinoCore.a(Adafruit_GFX.o)
                0x0000261e                _ZN12Adafruit_GFX10startWriteEv
                0x0000261e                _ZN12Adafruit_GFX8endWriteEv
 .text._ZN12Adafruit_GFX13drawFastVLineEiiij
                0x00002620       0x72 C:\Users\alect\Documents\Atmel Studio\7.0\ArduinoSketch3\ArduinoSketch3\ArduinoCore\Debug\libArduinoCore.a(Adafruit_GFX.o)
                0x00002620                _ZN12Adafruit_GFX13drawFastVLineEiiij
 .text._ZN12Adafruit_GFX13drawFastHLineEiiij
                0x00002692       0x72 C:\Users\alect\Documents\Atmel Studio\7.0\ArduinoSketch3\ArduinoSketch3\ArduinoCore\Debug\libArduinoCore.a(Adafruit_GFX.o)
                0x00002692                _ZN12Adafruit_GFX13drawFastHLineEiiij
 .text._ZN12Adafruit_GFX8fillRectEiiiij
                0x00002704       0x8a C:\Users\alect\Documents\Atmel Studio\7.0\ArduinoSketch3\ArduinoSketch3\ArduinoCore\Debug\libArduinoCore.a(Adafruit_GFX.o)
                0x00002704                _ZN12Adafruit_GFX8fillRectEiiiij
 .text._ZN12Adafruit_GFX10fillScreenEj
                0x0000278e       0x3a C:\Users\alect\Documents\Atmel Studio\7.0\ArduinoSketch3\ArduinoSketch3\ArduinoCore\Debug\libArduinoCore.a(Adafruit_GFX.o)
                0x0000278e                _ZN12Adafruit_GFX10fillScreenEj
 .text._ZN12Adafruit_GFX8drawLineEiiiij
                0x000027c8       0xda C:\Users\alect\Documents\Atmel Studio\7.0\ArduinoSketch3\ArduinoSketch3\ArduinoCore\Debug\libArduinoCore.a(Adafruit_GFX.o)
                0x000027c8                _ZN12Adafruit_GFX8drawLineEiiiij
 .text._ZN12Adafruit_GFX8drawRectEiiiij
                0x000028a2       0xbe C:\Users\alect\Documents\Atmel Studio\7.0\ArduinoSketch3\ArduinoSketch3\ArduinoCore\Debug\libArduinoCore.a(Adafruit_GFX.o)
                0x000028a2                _ZN12Adafruit_GFX8drawRectEiiiij
 .text._ZN12Adafruit_GFX13invertDisplayEb
                0x00002960        0x2 C:\Users\alect\Documents\Atmel Studio\7.0\ArduinoSketch3\ArduinoSketch3\ArduinoCore\Debug\libArduinoCore.a(Adafruit_GFX.o)
                0x00002960                _ZN12Adafruit_GFX13invertDisplayEb
 .text._ZN12Adafruit_GFX11setRotationEh
                0x00002962       0x2a C:\Users\alect\Documents\Atmel Studio\7.0\ArduinoSketch3\ArduinoSketch3\ArduinoCore\Debug\libArduinoCore.a(Adafruit_GFX.o)
                0x00002962                _ZN12Adafruit_GFX11setRotationEh
 .text._ZN12Adafruit_GFXC2Eii
                0x0000298c       0x42 C:\Users\alect\Documents\Atmel Studio\7.0\ArduinoSketch3\ArduinoSketch3\ArduinoCore\Debug\libArduinoCore.a(Adafruit_GFX.o)
                0x0000298c                _ZN12Adafruit_GFXC2Eii
                0x0000298c                _ZN12Adafruit_GFXC1Eii
 .text._ZN12Adafruit_GFX8drawCharEiihjjh
                0x000029ce      0x434 C:\Users\alect\Documents\Atmel Studio\7.0\ArduinoSketch3\ArduinoSketch3\ArduinoCore\Debug\libArduinoCore.a(Adafruit_GFX.o)
                0x000029ce                _ZN12Adafruit_GFX8drawCharEiihjjh
 .text._ZN12Adafruit_GFX5writeEh
                0x00002e02      0x1ac C:\Users\alect\Documents\Atmel Studio\7.0\ArduinoSketch3\ArduinoSketch3\ArduinoCore\Debug\libArduinoCore.a(Adafruit_GFX.o)
                0x00002e02                _ZN12Adafruit_GFX5writeEh
 .text._ZN12Adafruit_GFX9setCursorEii
                0x00002fae        0xc C:\Users\alect\Documents\Atmel Studio\7.0\ArduinoSketch3\ArduinoSketch3\ArduinoCore\Debug\libArduinoCore.a(Adafruit_GFX.o)
                0x00002fae                _ZN12Adafruit_GFX9setCursorEii
 .text._ZN12Adafruit_GFX12setTextColorEj
                0x00002fba        0xc C:\Users\alect\Documents\Atmel Studio\7.0\ArduinoSketch3\ArduinoSketch3\ArduinoCore\Debug\libArduinoCore.a(Adafruit_GFX.o)
                0x00002fba                _ZN12Adafruit_GFX12setTextColorEj
 .text._ZNK12Adafruit_GFX5widthEv
                0x00002fc6        0x8 C:\Users\alect\Documents\Atmel Studio\7.0\ArduinoSketch3\ArduinoSketch3\ArduinoCore\Debug\libArduinoCore.a(Adafruit_GFX.o)
                0x00002fc6                _ZNK12Adafruit_GFX5widthEv
 .text._ZNK12Adafruit_GFX6heightEv
                0x00002fce        0x8 C:\Users\alect\Documents\Atmel Studio\7.0\ArduinoSketch3\ArduinoSketch3\ArduinoCore\Debug\libArduinoCore.a(Adafruit_GFX.o)
                0x00002fce                _ZNK12Adafruit_GFX6heightEv
 .text._ZN15Adafruit_ST773510fillScreenEj
                0x00002fd6       0x3a C:\Users\alect\Documents\Atmel Studio\7.0\ArduinoSketch3\ArduinoSketch3\ArduinoCore\Debug\libArduinoCore.a(Adafruit_ST7735.o)
                0x00002fd6                _ZN15Adafruit_ST773510fillScreenEj
 .text._ZN8SPIClass16beginTransactionE11SPISettings
                0x00003010       0x34 C:\Users\alect\Documents\Atmel Studio\7.0\ArduinoSketch3\ArduinoSketch3\ArduinoCore\Debug\libArduinoCore.a(Adafruit_ST7735.o)
                0x00003010                _ZN8SPIClass16beginTransactionE11SPISettings
 .text._ZN8SPIClass14endTransactionEv
                0x00003044       0x22 C:\Users\alect\Documents\Atmel Studio\7.0\ArduinoSketch3\ArduinoSketch3\ArduinoCore\Debug\libArduinoCore.a(Adafruit_ST7735.o)
                0x00003044                _ZN8SPIClass14endTransactionEv
 .text._ZN15Adafruit_ST7735C2Eaaa
                0x00003066       0x42 C:\Users\alect\Documents\Atmel Studio\7.0\ArduinoSketch3\ArduinoSketch3\ArduinoCore\Debug\libArduinoCore.a(Adafruit_ST7735.o)
                0x00003066                _ZN15Adafruit_ST7735C1Eaaa
                0x00003066                _ZN15Adafruit_ST7735C2Eaaa
 .text._ZN15Adafruit_ST77358spiwriteEh
                0x000030a8       0x5a C:\Users\alect\Documents\Atmel Studio\7.0\ArduinoSketch3\ArduinoSketch3\ArduinoCore\Debug\libArduinoCore.a(Adafruit_ST7735.o)
                0x000030a8                _ZN15Adafruit_ST77358spiwriteEh
 .text._ZN15Adafruit_ST77357CS_HIGHEv
                0x00003102       0x16 C:\Users\alect\Documents\Atmel Studio\7.0\ArduinoSketch3\ArduinoSketch3\ArduinoCore\Debug\libArduinoCore.a(Adafruit_ST7735.o)
                0x00003102                _ZN15Adafruit_ST77357CS_HIGHEv
 .text._ZN15Adafruit_ST77356CS_LOWEv
                0x00003118       0x18 C:\Users\alect\Documents\Atmel Studio\7.0\ArduinoSketch3\ArduinoSketch3\ArduinoCore\Debug\libArduinoCore.a(Adafruit_ST7735.o)
                0x00003118                _ZN15Adafruit_ST77356CS_LOWEv
 .text._ZN15Adafruit_ST773512writecommandEh
                0x00003130       0x56 C:\Users\alect\Documents\Atmel Studio\7.0\ArduinoSketch3\ArduinoSketch3\ArduinoCore\Debug\libArduinoCore.a(Adafruit_ST7735.o)
                0x00003130                _ZN15Adafruit_ST773512writecommandEh
 .text._ZN15Adafruit_ST773513invertDisplayEb
                0x00003186        0xe C:\Users\alect\Documents\Atmel Studio\7.0\ArduinoSketch3\ArduinoSketch3\ArduinoCore\Debug\libArduinoCore.a(Adafruit_ST7735.o)
                0x00003186                _ZN15Adafruit_ST773513invertDisplayEb
 .text._ZN15Adafruit_ST77357DC_HIGHEv
                0x00003194       0x16 C:\Users\alect\Documents\Atmel Studio\7.0\ArduinoSketch3\ArduinoSketch3\ArduinoCore\Debug\libArduinoCore.a(Adafruit_ST7735.o)
                0x00003194                _ZN15Adafruit_ST77357DC_HIGHEv
 .text._ZN15Adafruit_ST77359writedataEh
                0x000031aa       0x4e C:\Users\alect\Documents\Atmel Studio\7.0\ArduinoSketch3\ArduinoSketch3\ArduinoCore\Debug\libArduinoCore.a(Adafruit_ST7735.o)
                0x000031aa                _ZN15Adafruit_ST77359writedataEh
 .text._ZN15Adafruit_ST773511commandListEPKh
                0x000031f8       0xa8 C:\Users\alect\Documents\Atmel Studio\7.0\ArduinoSketch3\ArduinoSketch3\ArduinoCore\Debug\libArduinoCore.a(Adafruit_ST7735.o)
                0x000031f8                _ZN15Adafruit_ST773511commandListEPKh
 .text._ZN15Adafruit_ST773510commonInitEPKh
                0x000032a0      0x17a C:\Users\alect\Documents\Atmel Studio\7.0\ArduinoSketch3\ArduinoSketch3\ArduinoCore\Debug\libArduinoCore.a(Adafruit_ST7735.o)
                0x000032a0                _ZN15Adafruit_ST773510commonInitEPKh
 .text._ZN15Adafruit_ST77355initREh
                0x0000341a       0xb6 C:\Users\alect\Documents\Atmel Studio\7.0\ArduinoSketch3\ArduinoSketch3\ArduinoCore\Debug\libArduinoCore.a(Adafruit_ST7735.o)
                0x0000341a                _ZN15Adafruit_ST77355initREh
 .text._ZN15Adafruit_ST773513setAddrWindowEhhhh
                0x000034d0       0x7e C:\Users\alect\Documents\Atmel Studio\7.0\ArduinoSketch3\ArduinoSketch3\ArduinoCore\Debug\libArduinoCore.a(Adafruit_ST7735.o)
                0x000034d0                _ZN15Adafruit_ST773513setAddrWindowEhhhh
 .text._ZN15Adafruit_ST773511setRotationEh
                0x0000354e       0xea C:\Users\alect\Documents\Atmel Studio\7.0\ArduinoSketch3\ArduinoSketch3\ArduinoCore\Debug\libArduinoCore.a(Adafruit_ST7735.o)
                0x0000354e                _ZN15Adafruit_ST773511setRotationEh
 .text._ZN15Adafruit_ST773513drawFastHLineEiiij
                0x00003638       0xb4 C:\Users\alect\Documents\Atmel Studio\7.0\ArduinoSketch3\ArduinoSketch3\ArduinoCore\Debug\libArduinoCore.a(Adafruit_ST7735.o)
                0x00003638                _ZN15Adafruit_ST773513drawFastHLineEiiij
 .text._ZN15Adafruit_ST77358fillRectEiiiij
                0x000036ec       0xec C:\Users\alect\Documents\Atmel Studio\7.0\ArduinoSketch3\ArduinoSketch3\ArduinoCore\Debug\libArduinoCore.a(Adafruit_ST7735.o)
                0x000036ec                _ZN15Adafruit_ST77358fillRectEiiiij
 .text._ZN15Adafruit_ST773513drawFastVLineEiiij
                0x000037d8       0xb4 C:\Users\alect\Documents\Atmel Studio\7.0\ArduinoSketch3\ArduinoSketch3\ArduinoCore\Debug\libArduinoCore.a(Adafruit_ST7735.o)
                0x000037d8                _ZN15Adafruit_ST773513drawFastVLineEiiij
 .text._ZN15Adafruit_ST77359drawPixelEiij
                0x0000388c       0x8e C:\Users\alect\Documents\Atmel Studio\7.0\ArduinoSketch3\ArduinoSketch3\ArduinoCore\Debug\libArduinoCore.a(Adafruit_ST7735.o)
                0x0000388c                _ZN15Adafruit_ST77359drawPixelEiij
 .text.startup._GLOBAL__sub_I__ZN15Adafruit_ST7735C2Eaaaaa
                0x0000391a        0xc C:\Users\alect\Documents\Atmel Studio\7.0\ArduinoSketch3\ArduinoSketch3\ArduinoCore\Debug\libArduinoCore.a(Adafruit_ST7735.o)
 .text._ZN8SPIClass5beginEv
                0x00003926       0x6c C:\Users\alect\Documents\Atmel Studio\7.0\ArduinoSketch3\ArduinoSketch3\ArduinoCore\Debug\libArduinoCore.a(SPI.o)
                0x00003926                _ZN8SPIClass5beginEv
 .text.__cxa_pure_virtual
                0x00003992        0x4 C:\Users\alect\Documents\Atmel Studio\7.0\ArduinoSketch3\ArduinoSketch3\ArduinoCore\Debug\libArduinoCore.a(abi.o)
                0x00003992                __cxa_pure_virtual
 .text.__empty  0x00003996        0x2 C:\Users\alect\Documents\Atmel Studio\7.0\ArduinoSketch3\ArduinoSketch3\ArduinoCore\Debug\libArduinoCore.a(hooks.o)
                0x00003996                yield
 .text.avr-libc.fplib
                0x00003998        0xa c:/program files (x86)/atmel/studio/7.0/toolchain/avr8/avr8-gnu-toolchain/bin/../lib/gcc/avr/5.4.0/../../../../avr/lib/avr5\libm.a(unordsf2.o)
                0x00003998                __unordsf2
 .text.libgcc.div
                0x000039a2       0x44 c:/program files (x86)/atmel/studio/7.0/toolchain/avr8/avr8-gnu-toolchain/bin/../lib/gcc/avr/5.4.0/avr5\libgcc.a(_udivmodsi4.o)
                0x000039a2                __udivmodsi4
 .text.libgcc   0x000039e6        0xc c:/program files (x86)/atmel/studio/7.0/toolchain/avr8/avr8-gnu-toolchain/bin/../lib/gcc/avr/5.4.0/avr5\libgcc.a(_tablejump2.o)
                0x000039e6                __tablejump2__
 .text.avr-libc
                0x000039f2      0x242 c:/program files (x86)/atmel/studio/7.0/toolchain/avr8/avr8-gnu-toolchain/bin/../lib/gcc/avr/5.4.0/../../../../avr/lib/avr5\libc.a(malloc.o)
                0x000039f2                malloc
                0x00003b22                free
 .text.avr-libc
                0x00003c34      0x18c c:/program files (x86)/atmel/studio/7.0/toolchain/avr8/avr8-gnu-toolchain/bin/../lib/gcc/avr/5.4.0/../../../../avr/lib/avr5\libc.a(realloc.o)
                0x00003c34                realloc
 .text.avr-libc
                0x00003dc0        0xa c:/program files (x86)/atmel/studio/7.0/toolchain/avr8/avr8-gnu-toolchain/bin/../lib/gcc/avr/5.4.0/../../../../avr/lib/avr5\libc.a(abort.o)
                0x00003dc0                abort
 .text.avr-libc
                0x00003dca       0x12 c:/program files (x86)/atmel/studio/7.0/toolchain/avr8/avr8-gnu-toolchain/bin/../lib/gcc/avr/5.4.0/../../../../avr/lib/avr5\libc.a(memcpy.o)
                0x00003dca                memcpy
 .text.avr-libc
                0x00003ddc        0xe c:/program files (x86)/atmel/studio/7.0/toolchain/avr8/avr8-gnu-toolchain/bin/../lib/gcc/avr/5.4.0/../../../../avr/lib/avr5\libc.a(strcpy.o)
                0x00003ddc                strcpy
 .text.avr-libc
                0x00003dea       0x16 c:/program files (x86)/atmel/studio/7.0/toolchain/avr8/avr8-gnu-toolchain/bin/../lib/gcc/avr/5.4.0/../../../../avr/lib/avr5\libc.a(itoa.o)
                0x00003dea                __itoa
                0x00003dea                itoa
 .text.avr-libc
                0x00003e00       0x16 c:/program files (x86)/atmel/studio/7.0/toolchain/avr8/avr8-gnu-toolchain/bin/../lib/gcc/avr/5.4.0/../../../../avr/lib/avr5\libc.a(itoa_ncheck.o)
                0x00003e00                __itoa_ncheck
 .text.avr-libc
                0x00003e16       0x34 c:/program files (x86)/atmel/studio/7.0/toolchain/avr8/avr8-gnu-toolchain/bin/../lib/gcc/avr/5.4.0/../../../../avr/lib/avr5\libc.a(utoa_ncheck.o)
                0x00003e16                __utoa_ncheck
                0x00003e18                __utoa_common
 .text.avr-libc
                0x00003e4a       0x20 c:/program files (x86)/atmel/studio/7.0/toolchain/avr8/avr8-gnu-toolchain/bin/../lib/gcc/avr/5.4.0/../../../../avr/lib/avr5\libc.a(strrev.o)
                0x00003e4a                strrev
 .text.libgcc.prologue
                0x00003e6a       0x38 c:/program files (x86)/atmel/studio/7.0/toolchain/avr8/avr8-gnu-toolchain/bin/../lib/gcc/avr/5.4.0/avr5\libgcc.a(_prologue.o)
                0x00003e6a                __prologue_saves__
 .text.libgcc.prologue
                0x00003ea2       0x36 c:/program files (x86)/atmel/studio/7.0/toolchain/avr8/avr8-gnu-toolchain/bin/../lib/gcc/avr/5.4.0/avr5\libgcc.a(_epilogue.o)
                0x00003ea2                __epilogue_restores__
                0x00003ed8                . = ALIGN (0x2)
 *(.fini9)
 .fini9         0x00003ed8        0x0 c:/program files (x86)/atmel/studio/7.0/toolchain/avr8/avr8-gnu-toolchain/bin/../lib/gcc/avr/5.4.0/avr5\libgcc.a(_exit.o)
                0x00003ed8                _exit
                0x00003ed8                exit
 *(.fini9)
 *(.fini8)
 *(.fini8)
 *(.fini7)
 *(.fini7)
 *(.fini6)
 *(.fini6)
 *(.fini5)
 *(.fini5)
 *(.fini4)
 *(.fini4)
 *(.fini3)
 *(.fini3)
 *(.fini2)
 *(.fini2)
 *(.fini1)
 *(.fini1)
 *(.fini0)
 .fini0         0x00003ed8        0x4 c:/program files (x86)/atmel/studio/7.0/toolchain/avr8/avr8-gnu-toolchain/bin/../lib/gcc/avr/5.4.0/avr5\libgcc.a(_exit.o)
 *(.fini0)
                0x00003edc                _etext = .

.data           0x00800100       0x9a load address 0x00003edc
                0x00800100                PROVIDE (__data_start, .)
 *(.data)
 .data          0x00800100        0x6 c:/program files (x86)/atmel/studio/7.0/toolchain/avr8/avr8-gnu-toolchain/bin/../lib/gcc/avr/5.4.0/../../../../avr/lib/avr5\libc.a(malloc.o)
                0x00800100                __malloc_heap_end
                0x00800102                __malloc_heap_start
                0x00800104                __malloc_margin
 *(.data*)
 .data.y0       0x00800106        0x2 Sketch.o
                0x00800106                y0
 .data.x0       0x00800108        0x2 Sketch.o
                0x00800108                x0
 *(.gnu.linkonce.d*)
 *(.rodata)
 *(.rodata*)
 .rodata.str1.1
                0x0080010a       0x16 Sketch.o
 .rodata._ZTV14HardwareSerial
                0x00800120       0x12 C:\Users\alect\Documents\Atmel Studio\7.0\ArduinoSketch3\ArduinoSketch3\ArduinoCore\Debug\libArduinoCore.a(HardwareSerial.o)
                0x00800120                _ZTV14HardwareSerial
 .rodata.str1.1
                0x00800132        0xf C:\Users\alect\Documents\Atmel Studio\7.0\ArduinoSketch3\ArduinoSketch3\ArduinoCore\Debug\libArduinoCore.a(Print.o)
 .rodata._ZTV12Adafruit_GFX
                0x00800141       0x2c C:\Users\alect\Documents\Atmel Studio\7.0\ArduinoSketch3\ArduinoSketch3\ArduinoCore\Debug\libArduinoCore.a(Adafruit_GFX.o)
                0x00800141                _ZTV12Adafruit_GFX
 .rodata._ZTV15Adafruit_ST7735
                0x0080016d       0x2c C:\Users\alect\Documents\Atmel Studio\7.0\ArduinoSketch3\ArduinoSketch3\ArduinoCore\Debug\libArduinoCore.a(Adafruit_ST7735.o)
                0x0080016d                _ZTV15Adafruit_ST7735
 *(.gnu.linkonce.r*)
                0x0080019a                . = ALIGN (0x2)
 *fill*         0x00800199        0x1 
                0x0080019a                _edata = .
                0x0080019a                PROVIDE (__data_end, .)

.bss            0x0080019a      0x1f5
                0x0080019a                PROVIDE (__bss_start, .)
 *(.bss)
 *(.bss*)
 .bss.angle     0x0080019a        0x4 Sketch.o
                0x0080019a                angle
 .bss.totalWind
                0x0080019e        0x4 Sketch.o
                0x0080019e                totalWind
 .bss.Ywind     0x008001a2        0x4 Sketch.o
                0x008001a2                Ywind
 .bss.Xwind     0x008001a6        0x4 Sketch.o
                0x008001a6                Xwind
 .bss.raw1      0x008001aa        0x4 Sketch.o
                0x008001aa                raw1
 .bss.raw0      0x008001ae        0x4 Sketch.o
                0x008001ae                raw0
 .bss.lastSpeed
                0x008001b2        0x4 Sketch.o
                0x008001b2                lastSpeed
 .bss.lastAngle
                0x008001b6        0x4 Sketch.o
                0x008001b6                lastAngle
 .bss.lastY1    0x008001ba        0x2 Sketch.o
                0x008001ba                lastY1
 .bss.lastX1    0x008001bc        0x2 Sketch.o
                0x008001bc                lastX1
 .bss.tft       0x008001be       0x31 Sketch.o
                0x008001be                tft
 .bss.flows95   0x008001ef       0x78 Sketch.o
                0x008001ef                flows95
 .bss.flows94   0x00800267       0x78 Sketch.o
                0x00800267                flows94
 .bss.Serial    0x008002df       0x9d C:\Users\alect\Documents\Atmel Studio\7.0\ArduinoSketch3\ArduinoSketch3\ArduinoCore\Debug\libArduinoCore.a(HardwareSerial0.o)
                0x008002df                Serial
 .bss.timer0_fract
                0x0080037c        0x1 C:\Users\alect\Documents\Atmel Studio\7.0\ArduinoSketch3\ArduinoSketch3\ArduinoCore\Debug\libArduinoCore.a(wiring.o)
 .bss.timer0_millis
                0x0080037d        0x4 C:\Users\alect\Documents\Atmel Studio\7.0\ArduinoSketch3\ArduinoSketch3\ArduinoCore\Debug\libArduinoCore.a(wiring.o)
                0x0080037d                timer0_millis
 .bss.timer0_overflow_count
                0x00800381        0x4 C:\Users\alect\Documents\Atmel Studio\7.0\ArduinoSketch3\ArduinoSketch3\ArduinoCore\Debug\libArduinoCore.a(wiring.o)
                0x00800381                timer0_overflow_count
 .bss._ZL13mySPISettings
                0x00800385        0x2 C:\Users\alect\Documents\Atmel Studio\7.0\ArduinoSketch3\ArduinoSketch3\ArduinoCore\Debug\libArduinoCore.a(Adafruit_ST7735.o)
 .bss._ZN8SPIClass13interruptSaveE
                0x00800387        0x1 C:\Users\alect\Documents\Atmel Studio\7.0\ArduinoSketch3\ArduinoSketch3\ArduinoCore\Debug\libArduinoCore.a(SPI.o)
                0x00800387                _ZN8SPIClass13interruptSaveE
 .bss._ZN8SPIClass13interruptMaskE
                0x00800388        0x1 C:\Users\alect\Documents\Atmel Studio\7.0\ArduinoSketch3\ArduinoSketch3\ArduinoCore\Debug\libArduinoCore.a(SPI.o)
                0x00800388                _ZN8SPIClass13interruptMaskE
 .bss._ZN8SPIClass13interruptModeE
                0x00800389        0x1 C:\Users\alect\Documents\Atmel Studio\7.0\ArduinoSketch3\ArduinoSketch3\ArduinoCore\Debug\libArduinoCore.a(SPI.o)
                0x00800389                _ZN8SPIClass13interruptModeE
 .bss._ZN8SPIClass11initializedE
                0x0080038a        0x1 C:\Users\alect\Documents\Atmel Studio\7.0\ArduinoSketch3\ArduinoSketch3\ArduinoCore\Debug\libArduinoCore.a(SPI.o)
                0x0080038a                _ZN8SPIClass11initializedE
 *(COMMON)
 COMMON         0x0080038b        0x4 c:/program files (x86)/atmel/studio/7.0/toolchain/avr8/avr8-gnu-toolchain/bin/../lib/gcc/avr/5.4.0/../../../../avr/lib/avr5\libc.a(malloc.o)
                0x0080038b                __brkval
                0x0080038d                __flp
                0x0080038f                PROVIDE (__bss_end, .)
                0x00003edc                __data_load_start = LOADADDR (.data)
                0x00003f76                __data_load_end = (__data_load_start + SIZEOF (.data))

.noinit         0x0080038f        0x0
                [!provide]                PROVIDE (__noinit_start, .)
 *(.noinit*)
                [!provide]                PROVIDE (__noinit_end, .)
                0x0080038f                _end = .
                0x0080038f                PROVIDE (__heap_start, .)

.eeprom         0x00810000        0x0
 *(.eeprom*)
                0x00810000                __eeprom_end = .

.fuse
 *(.fuse)
 *(.lfuse)
 *(.hfuse)
 *(.efuse)

.lock
 *(.lock*)

.signature
 *(.signature*)

.user_signatures
 *(.user_signatures*)

.stab
 *(.stab)

.stabstr
 *(.stabstr)

.stab.excl
 *(.stab.excl)

.stab.exclstr
 *(.stab.exclstr)

.stab.index
 *(.stab.index)

.stab.indexstr
 *(.stab.indexstr)

.comment        0x00000000       0x30
 *(.comment)
 .comment       0x00000000       0x30 Sketch.o
                                 0x31 (size before relaxing)
 .comment       0x00000030       0x31 C:\Users\alect\Documents\Atmel Studio\7.0\ArduinoSketch3\ArduinoSketch3\ArduinoCore\Debug\libArduinoCore.a(HardwareSerial.o)
 .comment       0x00000030       0x31 C:\Users\alect\Documents\Atmel Studio\7.0\ArduinoSketch3\ArduinoSketch3\ArduinoCore\Debug\libArduinoCore.a(HardwareSerial0.o)
 .comment       0x00000030       0x31 C:\Users\alect\Documents\Atmel Studio\7.0\ArduinoSketch3\ArduinoSketch3\ArduinoCore\Debug\libArduinoCore.a(main.o)
 .comment       0x00000030       0x31 C:\Users\alect\Documents\Atmel Studio\7.0\ArduinoSketch3\ArduinoSketch3\ArduinoCore\Debug\libArduinoCore.a(Print.o)
 .comment       0x00000030       0x31 C:\Users\alect\Documents\Atmel Studio\7.0\ArduinoSketch3\ArduinoSketch3\ArduinoCore\Debug\libArduinoCore.a(wiring.o)
 .comment       0x00000030       0x31 C:\Users\alect\Documents\Atmel Studio\7.0\ArduinoSketch3\ArduinoSketch3\ArduinoCore\Debug\libArduinoCore.a(wiring_digital.o)
 .comment       0x00000030       0x31 C:\Users\alect\Documents\Atmel Studio\7.0\ArduinoSketch3\ArduinoSketch3\ArduinoCore\Debug\libArduinoCore.a(WString.o)
 .comment       0x00000030       0x31 C:\Users\alect\Documents\Atmel Studio\7.0\ArduinoSketch3\ArduinoSketch3\ArduinoCore\Debug\libArduinoCore.a(Adafruit_GFX.o)
 .comment       0x00000030       0x31 C:\Users\alect\Documents\Atmel Studio\7.0\ArduinoSketch3\ArduinoSketch3\ArduinoCore\Debug\libArduinoCore.a(Adafruit_ST7735.o)
 .comment       0x00000030       0x31 C:\Users\alect\Documents\Atmel Studio\7.0\ArduinoSketch3\ArduinoSketch3\ArduinoCore\Debug\libArduinoCore.a(SPI.o)
 .comment       0x00000030       0x31 C:\Users\alect\Documents\Atmel Studio\7.0\ArduinoSketch3\ArduinoSketch3\ArduinoCore\Debug\libArduinoCore.a(abi.o)
 .comment       0x00000030       0x31 C:\Users\alect\Documents\Atmel Studio\7.0\ArduinoSketch3\ArduinoSketch3\ArduinoCore\Debug\libArduinoCore.a(hooks.o)
 .comment       0x00000030       0x31 c:/program files (x86)/atmel/studio/7.0/toolchain/avr8/avr8-gnu-toolchain/bin/../lib/gcc/avr/5.4.0/../../../../avr/lib/avr5\libc.a(malloc.o)
 .comment       0x00000030       0x31 c:/program files (x86)/atmel/studio/7.0/toolchain/avr8/avr8-gnu-toolchain/bin/../lib/gcc/avr/5.4.0/../../../../avr/lib/avr5\libc.a(realloc.o)

.note.gnu.avr.deviceinfo
                0x00000000       0x40
 .note.gnu.avr.deviceinfo
                0x00000000       0x40 C:/Program Files (x86)/Atmel/Studio/7.0/Packs/atmel/ATmega_DFP/1.2.150/gcc/dev/atmega328p/avr5/crtatmega328p.o

.note.gnu.build-id
 *(.note.gnu.build-id)

.debug
 *(.debug)

.line
 *(.line)

.debug_srcinfo
 *(.debug_srcinfo)

.debug_sfnames
 *(.debug_sfnames)

.debug_aranges  0x00000000      0x978
 *(.debug_aranges)
 .debug_aranges
                0x00000000       0x60 Sketch.o
 .debug_aranges
                0x00000060       0x68 C:\Users\alect\Documents\Atmel Studio\7.0\ArduinoSketch3\ArduinoSketch3\ArduinoCore\Debug\libArduinoCore.a(HardwareSerial.o)
 .debug_aranges
                0x000000c8       0x48 C:\Users\alect\Documents\Atmel Studio\7.0\ArduinoSketch3\ArduinoSketch3\ArduinoCore\Debug\libArduinoCore.a(HardwareSerial0.o)
 .debug_aranges
                0x00000110       0x30 C:\Users\alect\Documents\Atmel Studio\7.0\ArduinoSketch3\ArduinoSketch3\ArduinoCore\Debug\libArduinoCore.a(main.o)
 .debug_aranges
                0x00000140      0x100 C:\Users\alect\Documents\Atmel Studio\7.0\ArduinoSketch3\ArduinoSketch3\ArduinoCore\Debug\libArduinoCore.a(Print.o)
 .debug_aranges
                0x00000240       0x48 C:\Users\alect\Documents\Atmel Studio\7.0\ArduinoSketch3\ArduinoSketch3\ArduinoCore\Debug\libArduinoCore.a(wiring.o)
 .debug_aranges
                0x00000288       0x38 C:\Users\alect\Documents\Atmel Studio\7.0\ArduinoSketch3\ArduinoSketch3\ArduinoCore\Debug\libArduinoCore.a(wiring_digital.o)
 .debug_aranges
                0x000002c0      0x2b8 C:\Users\alect\Documents\Atmel Studio\7.0\ArduinoSketch3\ArduinoSketch3\ArduinoCore\Debug\libArduinoCore.a(WString.o)
 .debug_aranges
                0x00000578      0x298 C:\Users\alect\Documents\Atmel Studio\7.0\ArduinoSketch3\ArduinoSketch3\ArduinoCore\Debug\libArduinoCore.a(Adafruit_GFX.o)
 .debug_aranges
                0x00000810       0xf0 C:\Users\alect\Documents\Atmel Studio\7.0\ArduinoSketch3\ArduinoSketch3\ArduinoCore\Debug\libArduinoCore.a(Adafruit_ST7735.o)
 .debug_aranges
                0x00000900       0x38 C:\Users\alect\Documents\Atmel Studio\7.0\ArduinoSketch3\ArduinoSketch3\ArduinoCore\Debug\libArduinoCore.a(SPI.o)
 .debug_aranges
                0x00000938       0x20 C:\Users\alect\Documents\Atmel Studio\7.0\ArduinoSketch3\ArduinoSketch3\ArduinoCore\Debug\libArduinoCore.a(abi.o)
 .debug_aranges
                0x00000958       0x20 C:\Users\alect\Documents\Atmel Studio\7.0\ArduinoSketch3\ArduinoSketch3\ArduinoCore\Debug\libArduinoCore.a(hooks.o)

.debug_pubnames
 *(.debug_pubnames)

.debug_info     0x00000000    0x15ec2
 *(.debug_info .gnu.linkonce.wi.*)
 .debug_info    0x00000000      0x5f4 C:/Program Files (x86)/Atmel/Studio/7.0/Packs/atmel/ATmega_DFP/1.2.150/gcc/dev/atmega328p/avr5/crtatmega328p.o
 .debug_info    0x000005f4     0x1d97 Sketch.o
 .debug_info    0x0000238b     0x1e89 C:\Users\alect\Documents\Atmel Studio\7.0\ArduinoSketch3\ArduinoSketch3\ArduinoCore\Debug\libArduinoCore.a(HardwareSerial.o)
 .debug_info    0x00004214     0x1b16 C:\Users\alect\Documents\Atmel Studio\7.0\ArduinoSketch3\ArduinoSketch3\ArduinoCore\Debug\libArduinoCore.a(HardwareSerial0.o)
 .debug_info    0x00005d2a      0x237 C:\Users\alect\Documents\Atmel Studio\7.0\ArduinoSketch3\ArduinoSketch3\ArduinoCore\Debug\libArduinoCore.a(main.o)
 .debug_info    0x00005f61     0x28ff C:\Users\alect\Documents\Atmel Studio\7.0\ArduinoSketch3\ArduinoSketch3\ArduinoCore\Debug\libArduinoCore.a(Print.o)
 .debug_info    0x00008860      0x2cb C:\Users\alect\Documents\Atmel Studio\7.0\ArduinoSketch3\ArduinoSketch3\ArduinoCore\Debug\libArduinoCore.a(wiring.o)
 .debug_info    0x00008b2b      0x5fe C:\Users\alect\Documents\Atmel Studio\7.0\ArduinoSketch3\ArduinoSketch3\ArduinoCore\Debug\libArduinoCore.a(wiring_digital.o)
 .debug_info    0x00009129     0x4338 C:\Users\alect\Documents\Atmel Studio\7.0\ArduinoSketch3\ArduinoSketch3\ArduinoCore\Debug\libArduinoCore.a(WString.o)
 .debug_info    0x0000d461     0x6131 C:\Users\alect\Documents\Atmel Studio\7.0\ArduinoSketch3\ArduinoSketch3\ArduinoCore\Debug\libArduinoCore.a(Adafruit_GFX.o)
 .debug_info    0x00013592     0x2211 C:\Users\alect\Documents\Atmel Studio\7.0\ArduinoSketch3\ArduinoSketch3\ArduinoCore\Debug\libArduinoCore.a(Adafruit_ST7735.o)
 .debug_info    0x000157a3      0x66b C:\Users\alect\Documents\Atmel Studio\7.0\ArduinoSketch3\ArduinoSketch3\ArduinoCore\Debug\libArduinoCore.a(SPI.o)
 .debug_info    0x00015e0e       0x76 C:\Users\alect\Documents\Atmel Studio\7.0\ArduinoSketch3\ArduinoSketch3\ArduinoCore\Debug\libArduinoCore.a(abi.o)
 .debug_info    0x00015e84       0x3e C:\Users\alect\Documents\Atmel Studio\7.0\ArduinoSketch3\ArduinoSketch3\ArduinoCore\Debug\libArduinoCore.a(hooks.o)

.debug_abbrev   0x00000000     0x2d5e
 *(.debug_abbrev)
 .debug_abbrev  0x00000000      0x5a2 C:/Program Files (x86)/Atmel/Studio/7.0/Packs/atmel/ATmega_DFP/1.2.150/gcc/dev/atmega328p/avr5/crtatmega328p.o
 .debug_abbrev  0x000005a2      0x496 Sketch.o
 .debug_abbrev  0x00000a38      0x432 C:\Users\alect\Documents\Atmel Studio\7.0\ArduinoSketch3\ArduinoSketch3\ArduinoCore\Debug\libArduinoCore.a(HardwareSerial.o)
 .debug_abbrev  0x00000e6a      0x3ce C:\Users\alect\Documents\Atmel Studio\7.0\ArduinoSketch3\ArduinoSketch3\ArduinoCore\Debug\libArduinoCore.a(HardwareSerial0.o)
 .debug_abbrev  0x00001238      0x12d C:\Users\alect\Documents\Atmel Studio\7.0\ArduinoSketch3\ArduinoSketch3\ArduinoCore\Debug\libArduinoCore.a(main.o)
 .debug_abbrev  0x00001365      0x47a C:\Users\alect\Documents\Atmel Studio\7.0\ArduinoSketch3\ArduinoSketch3\ArduinoCore\Debug\libArduinoCore.a(Print.o)
 .debug_abbrev  0x000017df      0x146 C:\Users\alect\Documents\Atmel Studio\7.0\ArduinoSketch3\ArduinoSketch3\ArduinoCore\Debug\libArduinoCore.a(wiring.o)
 .debug_abbrev  0x00001925      0x15b C:\Users\alect\Documents\Atmel Studio\7.0\ArduinoSketch3\ArduinoSketch3\ArduinoCore\Debug\libArduinoCore.a(wiring_digital.o)
 .debug_abbrev  0x00001a80      0x4c2 C:\Users\alect\Documents\Atmel Studio\7.0\ArduinoSketch3\ArduinoSketch3\ArduinoCore\Debug\libArduinoCore.a(WString.o)
 .debug_abbrev  0x00001f42      0x55b C:\Users\alect\Documents\Atmel Studio\7.0\ArduinoSketch3\ArduinoSketch3\ArduinoCore\Debug\libArduinoCore.a(Adafruit_GFX.o)
 .debug_abbrev  0x0000249d      0x5a7 C:\Users\alect\Documents\Atmel Studio\7.0\ArduinoSketch3\ArduinoSketch3\ArduinoCore\Debug\libArduinoCore.a(Adafruit_ST7735.o)
 .debug_abbrev  0x00002a44      0x283 C:\Users\alect\Documents\Atmel Studio\7.0\ArduinoSketch3\ArduinoSketch3\ArduinoCore\Debug\libArduinoCore.a(SPI.o)
 .debug_abbrev  0x00002cc7       0x6d C:\Users\alect\Documents\Atmel Studio\7.0\ArduinoSketch3\ArduinoSketch3\ArduinoCore\Debug\libArduinoCore.a(abi.o)
 .debug_abbrev  0x00002d34       0x2a C:\Users\alect\Documents\Atmel Studio\7.0\ArduinoSketch3\ArduinoSketch3\ArduinoCore\Debug\libArduinoCore.a(hooks.o)

.debug_line     0x00000000     0x5c02
 *(.debug_line .debug_line.* .debug_line_end)
 .debug_line    0x00000000      0x133 C:/Program Files (x86)/Atmel/Studio/7.0/Packs/atmel/ATmega_DFP/1.2.150/gcc/dev/atmega328p/avr5/crtatmega328p.o
 .debug_line    0x00000133      0x654 Sketch.o
 .debug_line    0x00000787      0x43b C:\Users\alect\Documents\Atmel Studio\7.0\ArduinoSketch3\ArduinoSketch3\ArduinoCore\Debug\libArduinoCore.a(HardwareSerial.o)
 .debug_line    0x00000bc2      0x2a1 C:\Users\alect\Documents\Atmel Studio\7.0\ArduinoSketch3\ArduinoSketch3\ArduinoCore\Debug\libArduinoCore.a(HardwareSerial0.o)
 .debug_line    0x00000e63      0x17a C:\Users\alect\Documents\Atmel Studio\7.0\ArduinoSketch3\ArduinoSketch3\ArduinoCore\Debug\libArduinoCore.a(main.o)
 .debug_line    0x00000fdd      0x69a C:\Users\alect\Documents\Atmel Studio\7.0\ArduinoSketch3\ArduinoSketch3\ArduinoCore\Debug\libArduinoCore.a(Print.o)
 .debug_line    0x00001677      0x2ae C:\Users\alect\Documents\Atmel Studio\7.0\ArduinoSketch3\ArduinoSketch3\ArduinoCore\Debug\libArduinoCore.a(wiring.o)
 .debug_line    0x00001925      0x267 C:\Users\alect\Documents\Atmel Studio\7.0\ArduinoSketch3\ArduinoSketch3\ArduinoCore\Debug\libArduinoCore.a(wiring_digital.o)
 .debug_line    0x00001b8c     0x1355 C:\Users\alect\Documents\Atmel Studio\7.0\ArduinoSketch3\ArduinoSketch3\ArduinoCore\Debug\libArduinoCore.a(WString.o)
 .debug_line    0x00002ee1     0x1dc4 C:\Users\alect\Documents\Atmel Studio\7.0\ArduinoSketch3\ArduinoSketch3\ArduinoCore\Debug\libArduinoCore.a(Adafruit_GFX.o)
 .debug_line    0x00004ca5      0xb7b C:\Users\alect\Documents\Atmel Studio\7.0\ArduinoSketch3\ArduinoSketch3\ArduinoCore\Debug\libArduinoCore.a(Adafruit_ST7735.o)
 .debug_line    0x00005820      0x2f8 C:\Users\alect\Documents\Atmel Studio\7.0\ArduinoSketch3\ArduinoSketch3\ArduinoCore\Debug\libArduinoCore.a(SPI.o)
 .debug_line    0x00005b18       0xa9 C:\Users\alect\Documents\Atmel Studio\7.0\ArduinoSketch3\ArduinoSketch3\ArduinoCore\Debug\libArduinoCore.a(abi.o)
 .debug_line    0x00005bc1       0x41 C:\Users\alect\Documents\Atmel Studio\7.0\ArduinoSketch3\ArduinoSketch3\ArduinoCore\Debug\libArduinoCore.a(hooks.o)

.debug_frame    0x00000000     0x2980
 *(.debug_frame)
 .debug_frame   0x00000000      0x1e4 Sketch.o
 .debug_frame   0x000001e4      0x110 C:\Users\alect\Documents\Atmel Studio\7.0\ArduinoSketch3\ArduinoSketch3\ArduinoCore\Debug\libArduinoCore.a(HardwareSerial.o)
 .debug_frame   0x000002f4       0xe0 C:\Users\alect\Documents\Atmel Studio\7.0\ArduinoSketch3\ArduinoSketch3\ArduinoCore\Debug\libArduinoCore.a(HardwareSerial0.o)
 .debug_frame   0x000003d4       0x54 C:\Users\alect\Documents\Atmel Studio\7.0\ArduinoSketch3\ArduinoSketch3\ArduinoCore\Debug\libArduinoCore.a(main.o)
 .debug_frame   0x00000428      0x3ac C:\Users\alect\Documents\Atmel Studio\7.0\ArduinoSketch3\ArduinoSketch3\ArduinoCore\Debug\libArduinoCore.a(Print.o)
 .debug_frame   0x000007d4       0xc4 C:\Users\alect\Documents\Atmel Studio\7.0\ArduinoSketch3\ArduinoSketch3\ArduinoCore\Debug\libArduinoCore.a(wiring.o)
 .debug_frame   0x00000898       0x7c C:\Users\alect\Documents\Atmel Studio\7.0\ArduinoSketch3\ArduinoSketch3\ArduinoCore\Debug\libArduinoCore.a(wiring_digital.o)
 .debug_frame   0x00000914      0xa60 C:\Users\alect\Documents\Atmel Studio\7.0\ArduinoSketch3\ArduinoSketch3\ArduinoCore\Debug\libArduinoCore.a(WString.o)
 .debug_frame   0x00001374     0x11e0 C:\Users\alect\Documents\Atmel Studio\7.0\ArduinoSketch3\ArduinoSketch3\ArduinoCore\Debug\libArduinoCore.a(Adafruit_GFX.o)
 .debug_frame   0x00002554      0x378 C:\Users\alect\Documents\Atmel Studio\7.0\ArduinoSketch3\ArduinoSketch3\ArduinoCore\Debug\libArduinoCore.a(Adafruit_ST7735.o)
 .debug_frame   0x000028cc       0x5c C:\Users\alect\Documents\Atmel Studio\7.0\ArduinoSketch3\ArduinoSketch3\ArduinoCore\Debug\libArduinoCore.a(SPI.o)
 .debug_frame   0x00002928       0x34 C:\Users\alect\Documents\Atmel Studio\7.0\ArduinoSketch3\ArduinoSketch3\ArduinoCore\Debug\libArduinoCore.a(abi.o)
 .debug_frame   0x0000295c       0x24 C:\Users\alect\Documents\Atmel Studio\7.0\ArduinoSketch3\ArduinoSketch3\ArduinoCore\Debug\libArduinoCore.a(hooks.o)

.debug_str      0x00000000     0x3e9b
 *(.debug_str)
 .debug_str     0x00000000      0x208 C:/Program Files (x86)/Atmel/Studio/7.0/Packs/atmel/ATmega_DFP/1.2.150/gcc/dev/atmega328p/avr5/crtatmega328p.o
 .debug_str     0x00000208     0x10fa Sketch.o
                               0x11c4 (size before relaxing)
 .debug_str     0x00001302      0x7f7 C:\Users\alect\Documents\Atmel Studio\7.0\ArduinoSketch3\ArduinoSketch3\ArduinoCore\Debug\libArduinoCore.a(HardwareSerial.o)
                               0x15f1 (size before relaxing)
 .debug_str     0x00001af9       0x86 C:\Users\alect\Documents\Atmel Studio\7.0\ArduinoSketch3\ArduinoSketch3\ArduinoCore\Debug\libArduinoCore.a(HardwareSerial0.o)
                               0x140d (size before relaxing)
 .debug_str     0x00001b7f       0x37 C:\Users\alect\Documents\Atmel Studio\7.0\ArduinoSketch3\ArduinoSketch3\ArduinoCore\Debug\libArduinoCore.a(main.o)
                                0x2b9 (size before relaxing)
 .debug_str     0x00001bb6      0x386 C:\Users\alect\Documents\Atmel Studio\7.0\ArduinoSketch3\ArduinoSketch3\ArduinoCore\Debug\libArduinoCore.a(Print.o)
                               0x1247 (size before relaxing)
 .debug_str     0x00001f3c      0x156 C:\Users\alect\Documents\Atmel Studio\7.0\ArduinoSketch3\ArduinoSketch3\ArduinoCore\Debug\libArduinoCore.a(wiring.o)
                                0x24f (size before relaxing)
 .debug_str     0x00002092       0xc2 C:\Users\alect\Documents\Atmel Studio\7.0\ArduinoSketch3\ArduinoSketch3\ArduinoCore\Debug\libArduinoCore.a(wiring_digital.o)
                                0x2b4 (size before relaxing)
 .debug_str     0x00002154      0x408 C:\Users\alect\Documents\Atmel Studio\7.0\ArduinoSketch3\ArduinoSketch3\ArduinoCore\Debug\libArduinoCore.a(WString.o)
                               0x119a (size before relaxing)
 .debug_str     0x0000255c     0x100f C:\Users\alect\Documents\Atmel Studio\7.0\ArduinoSketch3\ArduinoSketch3\ArduinoCore\Debug\libArduinoCore.a(Adafruit_GFX.o)
                               0x14e0 (size before relaxing)
 .debug_str     0x0000356b      0x845 C:\Users\alect\Documents\Atmel Studio\7.0\ArduinoSketch3\ArduinoSketch3\ArduinoCore\Debug\libArduinoCore.a(Adafruit_ST7735.o)
                                0xd0f (size before relaxing)
 .debug_str     0x00003db0       0x9f C:\Users\alect\Documents\Atmel Studio\7.0\ArduinoSketch3\ArduinoSketch3\ArduinoCore\Debug\libArduinoCore.a(SPI.o)
                                0x6b2 (size before relaxing)
 .debug_str     0x00003e4f       0x30 C:\Users\alect\Documents\Atmel Studio\7.0\ArduinoSketch3\ArduinoSketch3\ArduinoCore\Debug\libArduinoCore.a(abi.o)
                                0x1a3 (size before relaxing)
 .debug_str     0x00003e7f       0x1c C:\Users\alect\Documents\Atmel Studio\7.0\ArduinoSketch3\ArduinoSketch3\ArduinoCore\Debug\libArduinoCore.a(hooks.o)
                                0x144 (size before relaxing)

.debug_loc      0x00000000    0x1266f
 *(.debug_loc)
 .debug_loc     0x00000000      0x7d3 Sketch.o
 .debug_loc     0x000007d3      0x482 C:\Users\alect\Documents\Atmel Studio\7.0\ArduinoSketch3\ArduinoSketch3\ArduinoCore\Debug\libArduinoCore.a(HardwareSerial.o)
 .debug_loc     0x00000c55      0x1b0 C:\Users\alect\Documents\Atmel Studio\7.0\ArduinoSketch3\ArduinoSketch3\ArduinoCore\Debug\libArduinoCore.a(HardwareSerial0.o)
 .debug_loc     0x00000e05     0x1c87 C:\Users\alect\Documents\Atmel Studio\7.0\ArduinoSketch3\ArduinoSketch3\ArduinoCore\Debug\libArduinoCore.a(Print.o)
 .debug_loc     0x00002a8c      0x28d C:\Users\alect\Documents\Atmel Studio\7.0\ArduinoSketch3\ArduinoSketch3\ArduinoCore\Debug\libArduinoCore.a(wiring.o)
 .debug_loc     0x00002d19      0x5fc C:\Users\alect\Documents\Atmel Studio\7.0\ArduinoSketch3\ArduinoSketch3\ArduinoCore\Debug\libArduinoCore.a(wiring_digital.o)
 .debug_loc     0x00003315     0x422d C:\Users\alect\Documents\Atmel Studio\7.0\ArduinoSketch3\ArduinoSketch3\ArduinoCore\Debug\libArduinoCore.a(WString.o)
 .debug_loc     0x00007542     0x959d C:\Users\alect\Documents\Atmel Studio\7.0\ArduinoSketch3\ArduinoSketch3\ArduinoCore\Debug\libArduinoCore.a(Adafruit_GFX.o)
 .debug_loc     0x00010adf     0x19ac C:\Users\alect\Documents\Atmel Studio\7.0\ArduinoSketch3\ArduinoSketch3\ArduinoCore\Debug\libArduinoCore.a(Adafruit_ST7735.o)
 .debug_loc     0x0001248b      0x1e4 C:\Users\alect\Documents\Atmel Studio\7.0\ArduinoSketch3\ArduinoSketch3\ArduinoCore\Debug\libArduinoCore.a(SPI.o)

.debug_macinfo
 *(.debug_macinfo)

.debug_weaknames
 *(.debug_weaknames)

.debug_funcnames
 *(.debug_funcnames)

.debug_typenames
 *(.debug_typenames)

.debug_varnames
 *(.debug_varnames)

.debug_pubtypes
 *(.debug_pubtypes)

.debug_ranges   0x00000000      0xb38
 *(.debug_ranges)
 .debug_ranges  0x00000000       0x50 Sketch.o
 .debug_ranges  0x00000050       0x58 C:\Users\alect\Documents\Atmel Studio\7.0\ArduinoSketch3\ArduinoSketch3\ArduinoCore\Debug\libArduinoCore.a(HardwareSerial.o)
 .debug_ranges  0x000000a8       0x38 C:\Users\alect\Documents\Atmel Studio\7.0\ArduinoSketch3\ArduinoSketch3\ArduinoCore\Debug\libArduinoCore.a(HardwareSerial0.o)
 .debug_ranges  0x000000e0       0x20 C:\Users\alect\Documents\Atmel Studio\7.0\ArduinoSketch3\ArduinoSketch3\ArduinoCore\Debug\libArduinoCore.a(main.o)
 .debug_ranges  0x00000100      0x120 C:\Users\alect\Documents\Atmel Studio\7.0\ArduinoSketch3\ArduinoSketch3\ArduinoCore\Debug\libArduinoCore.a(Print.o)
 .debug_ranges  0x00000220       0x38 C:\Users\alect\Documents\Atmel Studio\7.0\ArduinoSketch3\ArduinoSketch3\ArduinoCore\Debug\libArduinoCore.a(wiring.o)
 .debug_ranges  0x00000258       0x28 C:\Users\alect\Documents\Atmel Studio\7.0\ArduinoSketch3\ArduinoSketch3\ArduinoCore\Debug\libArduinoCore.a(wiring_digital.o)
 .debug_ranges  0x00000280      0x2f8 C:\Users\alect\Documents\Atmel Studio\7.0\ArduinoSketch3\ArduinoSketch3\ArduinoCore\Debug\libArduinoCore.a(WString.o)
 .debug_ranges  0x00000578      0x450 C:\Users\alect\Documents\Atmel Studio\7.0\ArduinoSketch3\ArduinoSketch3\ArduinoCore\Debug\libArduinoCore.a(Adafruit_GFX.o)
 .debug_ranges  0x000009c8      0x128 C:\Users\alect\Documents\Atmel Studio\7.0\ArduinoSketch3\ArduinoSketch3\ArduinoCore\Debug\libArduinoCore.a(Adafruit_ST7735.o)
 .debug_ranges  0x00000af0       0x28 C:\Users\alect\Documents\Atmel Studio\7.0\ArduinoSketch3\ArduinoSketch3\ArduinoCore\Debug\libArduinoCore.a(SPI.o)
 .debug_ranges  0x00000b18       0x10 C:\Users\alect\Documents\Atmel Studio\7.0\ArduinoSketch3\ArduinoSketch3\ArduinoCore\Debug\libArduinoCore.a(abi.o)
 .debug_ranges  0x00000b28       0x10 C:\Users\alect\Documents\Atmel Studio\7.0\ArduinoSketch3\ArduinoSketch3\ArduinoCore\Debug\libArduinoCore.a(hooks.o)

.debug_macro
 *(.debug_macro)
OUTPUT(sketch_sep10a.elf elf32-avr)
LOAD linker stubs
